Archive member included to satisfy reference by file (symbol)

D:/ST/STM32CubeIDE_1.16.1/STM32CubeIDE/plugins/com.st.stm32cube.ide.mcu.externaltools.gnu-tools-for-stm32.12.3.rel1.win32_1.0.200.202406191623/tools/bin/../lib/gcc/arm-none-eabi/12.3.1/../../../../arm-none-eabi/lib/thumb/v6-m/nofp\libc_nano.a(libc_a-exit.o)
                              D:/ST/STM32CubeIDE_1.16.1/STM32CubeIDE/plugins/com.st.stm32cube.ide.mcu.externaltools.gnu-tools-for-stm32.12.3.rel1.win32_1.0.200.202406191623/tools/bin/../lib/gcc/arm-none-eabi/12.3.1/../../../../arm-none-eabi/lib/thumb/v6-m/nofp/crt0.o (exit)
D:/ST/STM32CubeIDE_1.16.1/STM32CubeIDE/plugins/com.st.stm32cube.ide.mcu.externaltools.gnu-tools-for-stm32.12.3.rel1.win32_1.0.200.202406191623/tools/bin/../lib/gcc/arm-none-eabi/12.3.1/../../../../arm-none-eabi/lib/thumb/v6-m/nofp\libc_nano.a(libc_a-findfp.o)
                              D:/ST/STM32CubeIDE_1.16.1/STM32CubeIDE/plugins/com.st.stm32cube.ide.mcu.externaltools.gnu-tools-for-stm32.12.3.rel1.win32_1.0.200.202406191623/tools/bin/../lib/gcc/arm-none-eabi/12.3.1/../../../../arm-none-eabi/lib/thumb/v6-m/nofp\libc_nano.a(libc_a-exit.o) (__stdio_exit_handler)
D:/ST/STM32CubeIDE_1.16.1/STM32CubeIDE/plugins/com.st.stm32cube.ide.mcu.externaltools.gnu-tools-for-stm32.12.3.rel1.win32_1.0.200.202406191623/tools/bin/../lib/gcc/arm-none-eabi/12.3.1/../../../../arm-none-eabi/lib/thumb/v6-m/nofp\libc_nano.a(libc_a-fwalk.o)
                              D:/ST/STM32CubeIDE_1.16.1/STM32CubeIDE/plugins/com.st.stm32cube.ide.mcu.externaltools.gnu-tools-for-stm32.12.3.rel1.win32_1.0.200.202406191623/tools/bin/../lib/gcc/arm-none-eabi/12.3.1/../../../../arm-none-eabi/lib/thumb/v6-m/nofp\libc_nano.a(libc_a-findfp.o) (_fwalk_sglue)
D:/ST/STM32CubeIDE_1.16.1/STM32CubeIDE/plugins/com.st.stm32cube.ide.mcu.externaltools.gnu-tools-for-stm32.12.3.rel1.win32_1.0.200.202406191623/tools/bin/../lib/gcc/arm-none-eabi/12.3.1/../../../../arm-none-eabi/lib/thumb/v6-m/nofp\libc_nano.a(libc_a-stdio.o)
                              D:/ST/STM32CubeIDE_1.16.1/STM32CubeIDE/plugins/com.st.stm32cube.ide.mcu.externaltools.gnu-tools-for-stm32.12.3.rel1.win32_1.0.200.202406191623/tools/bin/../lib/gcc/arm-none-eabi/12.3.1/../../../../arm-none-eabi/lib/thumb/v6-m/nofp\libc_nano.a(libc_a-findfp.o) (__sread)
D:/ST/STM32CubeIDE_1.16.1/STM32CubeIDE/plugins/com.st.stm32cube.ide.mcu.externaltools.gnu-tools-for-stm32.12.3.rel1.win32_1.0.200.202406191623/tools/bin/../lib/gcc/arm-none-eabi/12.3.1/../../../../arm-none-eabi/lib/thumb/v6-m/nofp\libc_nano.a(libc_a-memset.o)
                              D:/ST/STM32CubeIDE_1.16.1/STM32CubeIDE/plugins/com.st.stm32cube.ide.mcu.externaltools.gnu-tools-for-stm32.12.3.rel1.win32_1.0.200.202406191623/tools/bin/../lib/gcc/arm-none-eabi/12.3.1/../../../../arm-none-eabi/lib/thumb/v6-m/nofp/crt0.o (memset)
D:/ST/STM32CubeIDE_1.16.1/STM32CubeIDE/plugins/com.st.stm32cube.ide.mcu.externaltools.gnu-tools-for-stm32.12.3.rel1.win32_1.0.200.202406191623/tools/bin/../lib/gcc/arm-none-eabi/12.3.1/../../../../arm-none-eabi/lib/thumb/v6-m/nofp\libc_nano.a(libc_a-closer.o)
                              D:/ST/STM32CubeIDE_1.16.1/STM32CubeIDE/plugins/com.st.stm32cube.ide.mcu.externaltools.gnu-tools-for-stm32.12.3.rel1.win32_1.0.200.202406191623/tools/bin/../lib/gcc/arm-none-eabi/12.3.1/../../../../arm-none-eabi/lib/thumb/v6-m/nofp\libc_nano.a(libc_a-stdio.o) (_close_r)
D:/ST/STM32CubeIDE_1.16.1/STM32CubeIDE/plugins/com.st.stm32cube.ide.mcu.externaltools.gnu-tools-for-stm32.12.3.rel1.win32_1.0.200.202406191623/tools/bin/../lib/gcc/arm-none-eabi/12.3.1/../../../../arm-none-eabi/lib/thumb/v6-m/nofp\libc_nano.a(libc_a-reent.o)
                              D:/ST/STM32CubeIDE_1.16.1/STM32CubeIDE/plugins/com.st.stm32cube.ide.mcu.externaltools.gnu-tools-for-stm32.12.3.rel1.win32_1.0.200.202406191623/tools/bin/../lib/gcc/arm-none-eabi/12.3.1/../../../../arm-none-eabi/lib/thumb/v6-m/nofp\libc_nano.a(libc_a-closer.o) (errno)
D:/ST/STM32CubeIDE_1.16.1/STM32CubeIDE/plugins/com.st.stm32cube.ide.mcu.externaltools.gnu-tools-for-stm32.12.3.rel1.win32_1.0.200.202406191623/tools/bin/../lib/gcc/arm-none-eabi/12.3.1/../../../../arm-none-eabi/lib/thumb/v6-m/nofp\libc_nano.a(libc_a-impure.o)
                              D:/ST/STM32CubeIDE_1.16.1/STM32CubeIDE/plugins/com.st.stm32cube.ide.mcu.externaltools.gnu-tools-for-stm32.12.3.rel1.win32_1.0.200.202406191623/tools/bin/../lib/gcc/arm-none-eabi/12.3.1/../../../../arm-none-eabi/lib/thumb/v6-m/nofp\libc_nano.a(libc_a-reent.o) (_impure_ptr)
D:/ST/STM32CubeIDE_1.16.1/STM32CubeIDE/plugins/com.st.stm32cube.ide.mcu.externaltools.gnu-tools-for-stm32.12.3.rel1.win32_1.0.200.202406191623/tools/bin/../lib/gcc/arm-none-eabi/12.3.1/../../../../arm-none-eabi/lib/thumb/v6-m/nofp\libc_nano.a(libc_a-lseekr.o)
[...]
Memory Configuration

Name             Origin             Length             Attributes
RAM              0x20000000         0x00004000         xrw
FLASH            0x08000000         0x00010000         xr
*default*        0x00000000         0xffffffff

Linker script and memory map

LOAD D:/ST/STM32CubeIDE_1.16.1/STM32CubeIDE/plugins/com.st.stm32cube.ide.mcu.externaltools.gnu-tools-for-stm32.12.3.rel1.win32_1.0.200.202406191623/tools/bin/../lib/gcc/arm-none-eabi/12.3.1/thumb/v6-m/nofp/crti.o
LOAD D:/ST/STM32CubeIDE_1.16.1/STM32CubeIDE/plugins/com.st.stm32cube.ide.mcu.externaltools.gnu-tools-for-stm32.12.3.rel1.win32_1.0.200.202406191623/tools/bin/../lib/gcc/arm-none-eabi/12.3.1/thumb/v6-m/nofp/crtbegin.o
LOAD D:/ST/STM32CubeIDE_1.16.1/STM32CubeIDE/plugins/com.st.stm32cube.ide.mcu.externaltools.gnu-tools-for-stm32.12.3.rel1.win32_1.0.200.202406191623/tools/bin/../lib/gcc/arm-none-eabi/12.3.1/../../../../arm-none-eabi/lib/thumb/v6-m/nofp/crt0.o
LOAD ./Core/Src/aes.o
LOAD ./Core/Src/gpio.o
LOAD ./Core/Src/i2c.o
LOAD ./Core/Src/main.o
LOAD ./Core/Src/oled.o
LOAD ./Core/Src/rfid.o
LOAD ./Core/Src/stm32f0xx_hal_msp.o
LOAD ./Core/Src/stm32f0xx_hal_timebase_tim.o
LOAD ./Core/Src/stm32f0xx_it.o
LOAD ./Core/Src/syscalls.o
LOAD ./Core/Src/sysmem.o
LOAD ./Core/Src/system_stm32f0xx.o
LOAD ./Core/Src/usart.o
LOAD ./Core/Startup/startup_stm32f072c8tx.o
LOAD ./Drivers/STM32F0xx_HAL_Driver/Src/stm32f0xx_hal.o
LOAD ./Drivers/STM32F0xx_HAL_Driver/Src/stm32f0xx_hal_cortex.o
LOAD ./Drivers/STM32F0xx_HAL_Driver/Src/stm32f0xx_hal_dma.o
LOAD ./Drivers/STM32F0xx_HAL_Driver/Src/stm32f0xx_hal_exti.o
LOAD ./Drivers/STM32F0xx_HAL_Driver/Src/stm32f0xx_hal_flash.o
LOAD ./Drivers/STM32F0xx_HAL_Driver/Src/stm32f0xx_hal_flash_ex.o
LOAD ./Drivers/STM32F0xx_HAL_Driver/Src/stm32f0xx_hal_gpio.o
LOAD ./Drivers/STM32F0xx_HAL_Driver/Src/stm32f0xx_hal_i2c.o
LOAD ./Drivers/STM32F0xx_HAL_Driver/Src/stm32f0xx_hal_i2c_ex.o
LOAD ./Drivers/STM32F0xx_HAL_Driver/Src/stm32f0xx_hal_pwr.o
LOAD ./Drivers/STM32F0xx_HAL_Driver/Src/stm32f0xx_hal_pwr_ex.o
LOAD ./Drivers/STM32F0xx_HAL_Driver/Src/stm32f0xx_hal_rcc.o
LOAD ./Drivers/STM32F0xx_HAL_Driver/Src/stm32f0xx_hal_rcc_ex.o
LOAD ./Drivers/STM32F0xx_HAL_Driver/Src/stm32f0xx_hal_tim.o
LOAD ./Drivers/STM32F0xx_HAL_Driver/Src/stm32f0xx_hal_tim_ex.o
LOAD ./Drivers/STM32F0xx_HAL_Driver/Src/stm32f0xx_hal_uart.o
LOAD ./Drivers/STM32F0xx_HAL_Driver/Src/stm32f0xx_hal_uart_ex.o
START GROUP
LOAD D:/ST/STM32CubeIDE_1.16.1/STM32CubeIDE/plugins/com.st.stm32cube.ide.mcu.externaltools.gnu-tools-for-stm32.12.3.rel1.win32_1.0.200.202406191623/tools/bin/../lib/gcc/arm-none-eabi/12.3.1/../../../../arm-none-eabi/lib/thumb/v6-m/nofp\libc_nano.a
LOAD D:/ST/STM32CubeIDE_1.16.1/STM32CubeIDE/plugins/com.st.stm32cube.ide.mcu.externaltools.gnu-tools-for-stm32.12.3.rel1.win32_1.0.200.202406191623/tools/bin/../lib/gcc/arm-none-eabi/12.3.1/../../../../arm-none-eabi/lib/thumb/v6-m/nofp\libm.a
END GROUP
START GROUP
LOAD D:/ST/STM32CubeIDE_1.16.1/STM32CubeIDE/plugins/com.st.stm32cube.ide.mcu.externaltools.gnu-tools-for-stm32.12.3.rel1.win32_1.0.200.202406191623/tools/bin/../lib/gcc/arm-none-eabi/12.3.1/thumb/v6-m/nofp\libgcc.a
LOAD D:/ST/STM32CubeIDE_1.16.1/STM32CubeIDE/plugins/com.st.stm32cube.ide.mcu.externaltools.gnu-tools-for-stm32.12.3.rel1.win32_1.0.200.202406191623/tools/bin/../lib/gcc/arm-none-eabi/12.3.1/../../../../arm-none-eabi/lib/thumb/v6-m/nofp\libc_nano.a
END GROUP
START GROUP
LOAD D:/ST/STM32CubeIDE_1.16.1/STM32CubeIDE/plugins/com.st.stm32cube.ide.mcu.externaltools.gnu-tools-for-stm32.12.3.rel1.win32_1.0.200.202406191623/tools/bin/../lib/gcc/arm-none-eabi/12.3.1/thumb/v6-m/nofp\libgcc.a
LOAD D:/ST/STM32CubeIDE_1.16.1/STM32CubeIDE/plugins/com.st.stm32cube.ide.mcu.externaltools.gnu-tools-for-stm32.12.3.rel1.win32_1.0.200.202406191623/tools/bin/../lib/gcc/arm-none-eabi/12.3.1/../../../../arm-none-eabi/lib/thumb/v6-m/nofp\libc_nano.a
LOAD D:/ST/STM32CubeIDE_1.16.1/STM32CubeIDE/plugins/com.st.stm32cube.ide.mcu.externaltools.gnu-tools-for-stm32.12.3.rel1.win32_1.0.200.202406191623/tools/bin/../lib/gcc/arm-none-eabi/12.3.1/../../../../arm-none-eabi/lib/thumb/v6-m/nofp\libnosys.a
END GROUP
START GROUP
LOAD D:/ST/STM32CubeIDE_1.16.1/STM32CubeIDE/plugins/com.st.stm32cube.ide.mcu.externaltools.gnu-tools-for-stm32.12.3.rel1.win32_1.0.200.202406191623/tools/bin/../lib/gcc/arm-none-eabi/12.3.1/thumb/v6-m/nofp\libgcc.a
LOAD D:/ST/STM32CubeIDE_1.16.1/STM32CubeIDE/plugins/com.st.stm32cube.ide.mcu.externaltools.gnu-tools-for-stm32.12.3.rel1.win32_1.0.200.202406191623/tools/bin/../lib/gcc/arm-none-eabi/12.3.1/../../../../arm-none-eabi/lib/thumb/v6-m/nofp\libc_nano.a
LOAD D:/ST/STM32CubeIDE_1.16.1/STM32CubeIDE/plugins/com.st.stm32cube.ide.mcu.externaltools.gnu-tools-for-stm32.12.3.rel1.win32_1.0.200.202406191623/tools/bin/../lib/gcc/arm-none-eabi/12.3.1/../../../../arm-none-eabi/lib/thumb/v6-m/nofp\libnosys.a
END GROUP
LOAD D:/ST/STM32CubeIDE_1.16.1/STM32CubeIDE/plugins/com.st.stm32cube.ide.mcu.externaltools.gnu-tools-for-stm32.12.3.rel1.win32_1.0.200.202406191623/tools/bin/../lib/gcc/arm-none-eabi/12.3.1/thumb/v6-m/nofp/crtend.o
LOAD D:/ST/STM32CubeIDE_1.16.1/STM32CubeIDE/plugins/com.st.stm32cube.ide.mcu.externaltools.gnu-tools-for-stm32.12.3.rel1.win32_1.0.200.202406191623/tools/bin/../lib/gcc/arm-none-eabi/12.3.1/thumb/v6-m/nofp/crtn.o
                0x20004000                        _estack = (ORIGIN (RAM) + LENGTH (RAM))
                0x00000200                        _Min_Heap_Size = 0x200
                0x00000400                        _Min_Stack_Size = 0x400

.isr_vector     0x08000000       0xc0
                0x08000000                        . = ALIGN (0x4)
 *(.isr_vector)
 .isr_vector    0x08000000       0xc0 ./Core/Startup/startup_stm32f072c8tx.o
                0x08000000                g_pfnVectors
                0x080000c0                        . = ALIGN (0x4)

.text           0x080000c0     0x3d8c
                0x080000c0                        . = ALIGN (0x4)
 *(.text)
 .text          0x080000c0       0x48 D:/ST/STM32CubeIDE_1.16.1/STM32CubeIDE/plugins/com.st.stm32cube.ide.mcu.externaltools.gnu-tools-for-stm32.12.3.rel1.win32_1.0.200.202406191623/tools/bin/../lib/gcc/arm-none-eabi/12.3.1/thumb/v6-m/nofp/crtbegin.o
 .text          0x08000108      0x114 D:/ST/STM32CubeIDE_1.16.1/STM32CubeIDE/plugins/com.st.stm32cube.ide.mcu.externaltools.gnu-tools-for-stm32.12.3.rel1.win32_1.0.200.202406191623/tools/bin/../lib/gcc/arm-none-eabi/12.3.1/thumb/v6-m/nofp\libgcc.a(_udivsi3.o)
                0x08000108                __aeabi_uidiv
                0x08000108                __udivsi3
                0x08000214                __aeabi_uidivmod
 .text          0x0800021c        0x4 D:/ST/STM32CubeIDE_1.16.1/STM32CubeIDE/plugins/com.st.stm32cube.ide.mcu.externaltools.gnu-tools-for-stm32.12.3.rel1.win32_1.0.200.202406191623/tools/bin/../lib/gcc/arm-none-eabi/12.3.1/thumb/v6-m/nofp\libgcc.a(_dvmd_tls.o)
                0x0800021c                __aeabi_idiv0
                0x0800021c                __aeabi_ldiv0
 *(.text*)
 .text.keyExpansion
                0x08000220      0x268 ./Core/Src/aes.o
 .text.addRoundKey
                0x08000488       0xa4 ./Core/Src/aes.o
 .text.GF2      0x0800052c       0x40 ./Core/Src/aes.o
 .text.GFMul    0x0800056c       0x7c ./Core/Src/aes.o
 .text.invSubByte
                0x080005e8       0x50 ./Core/Src/aes.o
 .text.invShiftRow
                0x08000638      0x104 ./Core/Src/aes.o
 .text.invMixCloumns
                0x0800073c      0x174 ./Core/Src/aes.o
 .text.invcipher
                0x080008b0       0x98 ./Core/Src/aes.o
                0x080008b0                invcipher
 .text.MX_GPIO_Init
                0x08000948       0x68 ./Core/Src/gpio.o
                0x08000948                MX_GPIO_Init
 .text.MX_I2C1_Init
                0x080009b0       0x80 ./Core/Src/i2c.o
                0x080009b0                MX_I2C1_Init
 .text.HAL_I2C_MspInit
                0x08000a30       0x9c ./Core/Src/i2c.o
                0x08000a30                HAL_I2C_MspInit
 .text.main     0x08000acc      0x144 ./Core/Src/main.o
                0x08000acc                main
 .text.SystemClock_Config
                0x08000c10       0xca ./Core/Src/main.o
                0x08000c10                SystemClock_Config
 *fill*         0x08000cda        0x2 
 .text.HAL_TIM_PeriodElapsedCallback
                0x08000cdc       0x24 ./Core/Src/main.o
                0x08000cdc                HAL_TIM_PeriodElapsedCallback
 .text.Error_Handler
                0x08000d00        0xc ./Core/Src/main.o
                0x08000d00                Error_Handler
 .text.OLED_I2C_Init
                0x08000d0c       0x6c ./Core/Src/oled.o
                0x08000d0c                OLED_I2C_Init
 .text.OLED_I2C_Start
                0x08000d78       0x40 ./Core/Src/oled.o
                0x08000d78                OLED_I2C_Start
 .text.OLED_I2C_Stop
                0x08000db8       0x34 ./Core/Src/oled.o
                0x08000db8                OLED_I2C_Stop
 .text.OLED_I2C_SendByte
                0x08000dec       0x8c ./Core/Src/oled.o
                0x08000dec                OLED_I2C_SendByte
 .text.OLED_WriteCommand
                0x08000e78       0x32 ./Core/Src/oled.o
                0x08000e78                OLED_WriteCommand
 .text.OLED_WriteData
                0x08000eaa       0x32 ./Core/Src/oled.o
                0x08000eaa                OLED_WriteData
 .text.OLED_SetCursor
                0x08000edc       0x50 ./Core/Src/oled.o
                0x08000edc                OLED_SetCursor
 .text.OLED_Clear
                0x08000f2c       0x58 ./Core/Src/oled.o
                0x08000f2c                OLED_Clear
 .text.OLED_ShowChar
                0x08000f84       0xe4 ./Core/Src/oled.o
                0x08000f84                OLED_ShowChar
 .text.OLED_Pow
                0x08001068       0x2c ./Core/Src/oled.o
                0x08001068                OLED_Pow
 .text.OLED_ShowHexNum
                0x08001094       0xc6 ./Core/Src/oled.o
                0x08001094                OLED_ShowHexNum
 .text.OLED_ShowHexArray
                0x0800115a       0x68 ./Core/Src/oled.o
                0x0800115a                OLED_ShowHexArray
 .text.OLED_Init
                0x080011c2       0xcc ./Core/Src/oled.o
                0x080011c2                OLED_Init
 .text.Get_Bcc_Value
                0x0800128e       0x5a ./Core/Src/rfid.o
                0x0800128e                Get_Bcc_Value
 .text.insert_section_key
                0x080012e8       0x20 ./Core/Src/rfid.o
                0x080012e8                insert_section_key
 .text.USART_SendArray
                0x08001308       0x2c ./Core/Src/rfid.o
                0x08001308                USART_SendArray
 .text.USART_ReceiveArray
                0x08001334       0x60 ./Core/Src/rfid.o
                0x08001334                USART_ReceiveArray
 .text.USART_ReceiveData
                0x08001394       0x6c ./Core/Src/rfid.o
                0x08001394                USART_ReceiveData
 .text.RFID_Rc523_Config
                0x08001400      0x1b0 ./Core/Src/rfid.o
                0x08001400                RFID_Rc523_Config
 .text.RFID_Rc523_Read_Block
                0x080015b0       0xb4 ./Core/Src/rfid.o
                0x080015b0                RFID_Rc523_Read_Block
 .text.rfid_read_channel_data
                0x08001664       0xb8 ./Core/Src/rfid.o
                0x08001664                rfid_read_channel_data
 .text.HAL_MspInit
                0x0800171c       0x48 ./Core/Src/stm32f0xx_hal_msp.o
                0x0800171c                HAL_MspInit
 .text.HAL_InitTick
                0x08001764      0x10c ./Core/Src/stm32f0xx_hal_timebase_tim.o
                0x08001764                HAL_InitTick
 .text.NMI_Handler
                0x08001870        0x8 ./Core/Src/stm32f0xx_it.o
                0x08001870                NMI_Handler
 .text.HardFault_Handler
                0x08001878        0x8 ./Core/Src/stm32f0xx_it.o
                0x08001878                HardFault_Handler
 .text.SVC_Handler
                0x08001880        0xa ./Core/Src/stm32f0xx_it.o
                0x08001880                SVC_Handler
 .text.PendSV_Handler
                0x0800188a        0xa ./Core/Src/stm32f0xx_it.o
                0x0800188a                PendSV_Handler
 .text.SysTick_Handler
                0x08001894        0xa ./Core/Src/stm32f0xx_it.o
                0x08001894                SysTick_Handler
 *fill*         0x0800189e        0x2 
 .text.TIM1_BRK_UP_TRG_COM_IRQHandler
                0x080018a0       0x18 ./Core/Src/stm32f0xx_it.o
                0x080018a0                TIM1_BRK_UP_TRG_COM_IRQHandler
 .text.SystemInit
                0x080018b8        0xa ./Core/Src/system_stm32f0xx.o
                0x080018b8                SystemInit
 *fill*         0x080018c2        0x2 
 .text.MX_USART1_UART_Init
                0x080018c4       0x60 ./Core/Src/usart.o
                0x080018c4                MX_USART1_UART_Init
 .text.HAL_UART_MspInit
                0x08001924       0x9c ./Core/Src/usart.o
                0x08001924                HAL_UART_MspInit
 .text.Reset_Handler
                0x080019c0       0x50 ./Core/Startup/startup_stm32f072c8tx.o
                0x080019c0                Reset_Handler
 .text.Default_Handler
                0x08001a10        0x2 ./Core/Startup/startup_stm32f072c8tx.o
                0x08001a10                TIM1_CC_IRQHandler
                0x08001a10                TSC_IRQHandler
                0x08001a10                ADC1_COMP_IRQHandler
                0x08001a10                I2C1_IRQHandler
                0x08001a10                RCC_CRS_IRQHandler
                0x08001a10                SPI1_IRQHandler
                0x08001a10                TIM6_DAC_IRQHandler
                0x08001a10                USART3_4_IRQHandler
                0x08001a10                EXTI2_3_IRQHandler
                0x08001a10                I2C2_IRQHandler
                0x08001a10                TIM17_IRQHandler
                0x08001a10                CEC_CAN_IRQHandler
                0x08001a10                RTC_IRQHandler
                0x08001a10                PVD_VDDIO2_IRQHandler
                0x08001a10                DMA1_Channel4_5_6_7_IRQHandler
                0x08001a10                TIM16_IRQHandler
                0x08001a10                TIM3_IRQHandler
                0x08001a10                EXTI4_15_IRQHandler
                0x08001a10                DMA1_Channel1_IRQHandler
                0x08001a10                Default_Handler
                0x08001a10                TIM14_IRQHandler
                0x08001a10                TIM7_IRQHandler
                0x08001a10                TIM15_IRQHandler
                0x08001a10                EXTI0_1_IRQHandler
                0x08001a10                USB_IRQHandler
                0x08001a10                SPI2_IRQHandler
                0x08001a10                WWDG_IRQHandler
                0x08001a10                TIM2_IRQHandler
                0x08001a10                DMA1_Channel2_3_IRQHandler
                0x08001a10                USART2_IRQHandler
                0x08001a10                FLASH_IRQHandler
                0x08001a10                USART1_IRQHandler
 *fill*         0x08001a12        0x2 
 .text.HAL_Init
                0x08001a14       0x28 ./Drivers/STM32F0xx_HAL_Driver/Src/stm32f0xx_hal.o
                0x08001a14                HAL_Init
 .text.HAL_IncTick
                0x08001a3c       0x24 ./Drivers/STM32F0xx_HAL_Driver/Src/stm32f0xx_hal.o
                0x08001a3c                HAL_IncTick
 .text.HAL_GetTick
                0x08001a60       0x14 ./Drivers/STM32F0xx_HAL_Driver/Src/stm32f0xx_hal.o
                0x08001a60                HAL_GetTick
 .text.HAL_Delay
                0x08001a74       0x48 ./Drivers/STM32F0xx_HAL_Driver/Src/stm32f0xx_hal.o
                0x08001a74                HAL_Delay
 .text.__NVIC_EnableIRQ
                0x08001abc       0x34 ./Drivers/STM32F0xx_HAL_Driver/Src/stm32f0xx_hal_cortex.o
 .text.__NVIC_SetPriority
                0x08001af0       0xdc ./Drivers/STM32F0xx_HAL_Driver/Src/stm32f0xx_hal_cortex.o
 .text.HAL_NVIC_SetPriority
                0x08001bcc       0x2a ./Drivers/STM32F0xx_HAL_Driver/Src/stm32f0xx_hal_cortex.o
                0x08001bcc                HAL_NVIC_SetPriority
 .text.HAL_NVIC_EnableIRQ
                0x08001bf6       0x20 ./Drivers/STM32F0xx_HAL_Driver/Src/stm32f0xx_hal_cortex.o
                0x08001bf6                HAL_NVIC_EnableIRQ
 *fill*         0x08001c16        0x2 
 .text.HAL_GPIO_Init
                0x08001c18      0x2f0 ./Drivers/STM32F0xx_HAL_Driver/Src/stm32f0xx_hal_gpio.o
                0x08001c18                HAL_GPIO_Init
 .text.HAL_GPIO_WritePin
                0x08001f08       0x3a ./Drivers/STM32F0xx_HAL_Driver/Src/stm32f0xx_hal_gpio.o
                0x08001f08                HAL_GPIO_WritePin
 *fill*         0x08001f42        0x2 
 .text.HAL_I2C_Init
                0x08001f44      0x14c ./Drivers/STM32F0xx_HAL_Driver/Src/stm32f0xx_hal_i2c.o
                0x08001f44                HAL_I2C_Init
 .text.HAL_I2CEx_ConfigAnalogFilter
                0x08002090       0x98 ./Drivers/STM32F0xx_HAL_Driver/Src/stm32f0xx_hal_i2c_ex.o
                0x08002090                HAL_I2CEx_ConfigAnalogFilter
 .text.HAL_I2CEx_ConfigDigitalFilter
                0x08002128       0x98 ./Drivers/STM32F0xx_HAL_Driver/Src/stm32f0xx_hal_i2c_ex.o
                0x08002128                HAL_I2CEx_ConfigDigitalFilter
 .text.HAL_RCC_OscConfig
                0x080021c0      0x70c ./Drivers/STM32F0xx_HAL_Driver/Src/stm32f0xx_hal_rcc.o
                0x080021c0                HAL_RCC_OscConfig
 .text.HAL_RCC_ClockConfig
                0x080028cc      0x1b4 ./Drivers/STM32F0xx_HAL_Driver/Src/stm32f0xx_hal_rcc.o
                0x080028cc                HAL_RCC_ClockConfig
 .text.HAL_RCC_GetSysClockFreq
                0x08002a80       0xe4 ./Drivers/STM32F0xx_HAL_Driver/Src/stm32f0xx_hal_rcc.o
                0x08002a80                HAL_RCC_GetSysClockFreq
 .text.HAL_RCC_GetHCLKFreq
                0x08002b64       0x14 ./Drivers/STM32F0xx_HAL_Driver/Src/stm32f0xx_hal_rcc.o
                0x08002b64                HAL_RCC_GetHCLKFreq
 .text.HAL_RCC_GetPCLK1Freq
                0x08002b78       0x2c ./Drivers/STM32F0xx_HAL_Driver/Src/stm32f0xx_hal_rcc.o
                0x08002b78                HAL_RCC_GetPCLK1Freq
 .text.HAL_RCC_GetClockConfig
                0x08002ba4       0x54 ./Drivers/STM32F0xx_HAL_Driver/Src/stm32f0xx_hal_rcc.o
                0x08002ba4                HAL_RCC_GetClockConfig
 .text.HAL_RCCEx_PeriphCLKConfig
                0x08002bf8      0x1fc ./Drivers/STM32F0xx_HAL_Driver/Src/stm32f0xx_hal_rcc_ex.o
                0x08002bf8                HAL_RCCEx_PeriphCLKConfig
 .text.HAL_TIM_Base_Init
                0x08002df4       0xa0 ./Drivers/STM32F0xx_HAL_Driver/Src/stm32f0xx_hal_tim.o
                0x08002df4                HAL_TIM_Base_Init
 .text.HAL_TIM_Base_MspInit
                0x08002e94       0x10 ./Drivers/STM32F0xx_HAL_Driver/Src/stm32f0xx_hal_tim.o
                0x08002e94                HAL_TIM_Base_MspInit
 .text.HAL_TIM_Base_Start_IT
                0x08002ea4       0xa4 ./Drivers/STM32F0xx_HAL_Driver/Src/stm32f0xx_hal_tim.o
                0x08002ea4                HAL_TIM_Base_Start_IT
 .text.HAL_TIM_IRQHandler
                0x08002f48      0x1dc ./Drivers/STM32F0xx_HAL_Driver/Src/stm32f0xx_hal_tim.o
                0x08002f48                HAL_TIM_IRQHandler
 .text.HAL_TIM_OC_DelayElapsedCallback
                0x08003124       0x10 ./Drivers/STM32F0xx_HAL_Driver/Src/stm32f0xx_hal_tim.o
                0x08003124                HAL_TIM_OC_DelayElapsedCallback
 .text.HAL_TIM_IC_CaptureCallback
                0x08003134       0x10 ./Drivers/STM32F0xx_HAL_Driver/Src/stm32f0xx_hal_tim.o
                0x08003134                HAL_TIM_IC_CaptureCallback
 .text.HAL_TIM_PWM_PulseFinishedCallback
                0x08003144       0x10 ./Drivers/STM32F0xx_HAL_Driver/Src/stm32f0xx_hal_tim.o
                0x08003144                HAL_TIM_PWM_PulseFinishedCallback
 .text.HAL_TIM_TriggerCallback
                0x08003154       0x10 ./Drivers/STM32F0xx_HAL_Driver/Src/stm32f0xx_hal_tim.o
                0x08003154                HAL_TIM_TriggerCallback
 .text.TIM_Base_SetConfig
                0x08003164      0x11c ./Drivers/STM32F0xx_HAL_Driver/Src/stm32f0xx_hal_tim.o
                0x08003164                TIM_Base_SetConfig
 .text.HAL_TIMEx_CommutCallback
                0x08003280       0x10 ./Drivers/STM32F0xx_HAL_Driver/Src/stm32f0xx_hal_tim_ex.o
                0x08003280                HAL_TIMEx_CommutCallback
 .text.HAL_TIMEx_BreakCallback
                0x08003290       0x10 ./Drivers/STM32F0xx_HAL_Driver/Src/stm32f0xx_hal_tim_ex.o
                0x08003290                HAL_TIMEx_BreakCallback
 .text.HAL_UART_Init
                0x080032a0       0xa8 ./Drivers/STM32F0xx_HAL_Driver/Src/stm32f0xx_hal_uart.o
                0x080032a0                HAL_UART_Init
 .text.HAL_UART_Transmit
                0x08003348      0x13e ./Drivers/STM32F0xx_HAL_Driver/Src/stm32f0xx_hal_uart.o
                0x08003348                HAL_UART_Transmit
 *fill*         0x08003486        0x2 
 .text.HAL_UART_Receive
                0x08003488      0x1d0 ./Drivers/STM32F0xx_HAL_Driver/Src/stm32f0xx_hal_uart.o
                0x08003488                HAL_UART_Receive
 .text.UART_SetConfig
                0x08003658      0x310 ./Drivers/STM32F0xx_HAL_Driver/Src/stm32f0xx_hal_uart.o
                0x08003658                UART_SetConfig
 .text.UART_AdvFeatureConfig
                0x08003968      0x168 ./Drivers/STM32F0xx_HAL_Driver/Src/stm32f0xx_hal_uart.o
                0x08003968                UART_AdvFeatureConfig
 .text.UART_CheckIdleState
                0x08003ad0      0x150 ./Drivers/STM32F0xx_HAL_Driver/Src/stm32f0xx_hal_uart.o
                0x08003ad0                UART_CheckIdleState
 .text.UART_WaitOnFlagUntilTimeout
                0x08003c20       0xde ./Drivers/STM32F0xx_HAL_Driver/Src/stm32f0xx_hal_uart.o
                0x08003c20                UART_WaitOnFlagUntilTimeout
 *fill*         0x08003cfe        0x2 
 .text.UART_EndRxTransfer
                0x08003d00       0xc8 ./Drivers/STM32F0xx_HAL_Driver/Src/stm32f0xx_hal_uart.o
 .text.memset   0x08003dc8       0x10 D:/ST/STM32CubeIDE_1.16.1/STM32CubeIDE/plugins/com.st.stm32cube.ide.mcu.externaltools.gnu-tools-for-stm32.12.3.rel1.win32_1.0.200.202406191623/tools/bin/../lib/gcc/arm-none-eabi/12.3.1/../../../../arm-none-eabi/lib/thumb/v6-m/nofp\libc_nano.a(libc_a-memset.o)
                0x08003dc8                memset
 .text.__libc_init_array
                0x08003dd8       0x48 D:/ST/STM32CubeIDE_1.16.1/STM32CubeIDE/plugins/com.st.stm32cube.ide.mcu.externaltools.gnu-tools-for-stm32.12.3.rel1.win32_1.0.200.202406191623/tools/bin/../lib/gcc/arm-none-eabi/12.3.1/../../../../arm-none-eabi/lib/thumb/v6-m/nofp\libc_nano.a(libc_a-init.o)
                0x08003dd8                __libc_init_array
 .text.memcpy   0x08003e20       0x12 D:/ST/STM32CubeIDE_1.16.1/STM32CubeIDE/plugins/com.st.stm32cube.ide.mcu.externaltools.gnu-tools-for-stm32.12.3.rel1.win32_1.0.200.202406191623/tools/bin/../lib/gcc/arm-none-eabi/12.3.1/../../../../arm-none-eabi/lib/thumb/v6-m/nofp\libc_nano.a(libc_a-memcpy-stub.o)
                0x08003e20                memcpy
 *(.glue_7)
 .glue_7        0x08003e32        0x0 linker stubs
 *(.glue_7t)
 .glue_7t       0x08003e32        0x0 linker stubs
 *(.eh_frame)
 *fill*         0x08003e32        0x2 
 .eh_frame      0x08003e34        0x0 D:/ST/STM32CubeIDE_1.16.1/STM32CubeIDE/plugins/com.st.stm32cube.ide.mcu.externaltools.gnu-tools-for-stm32.12.3.rel1.win32_1.0.200.202406191623/tools/bin/../lib/gcc/arm-none-eabi/12.3.1/thumb/v6-m/nofp/crtbegin.o
 *(.init)
 .init          0x08003e34        0x4 D:/ST/STM32CubeIDE_1.16.1/STM32CubeIDE/plugins/com.st.stm32cube.ide.mcu.externaltools.gnu-tools-for-stm32.12.3.rel1.win32_1.0.200.202406191623/tools/bin/../lib/gcc/arm-none-eabi/12.3.1/thumb/v6-m/nofp/crti.o
                0x08003e34                _init
 .init          0x08003e38        0x8 D:/ST/STM32CubeIDE_1.16.1/STM32CubeIDE/plugins/com.st.stm32cube.ide.mcu.externaltools.gnu-tools-for-stm32.12.3.rel1.win32_1.0.200.202406191623/tools/bin/../lib/gcc/arm-none-eabi/12.3.1/thumb/v6-m/nofp/crtn.o
 *(.fini)
 .fini          0x08003e40        0x4 D:/ST/STM32CubeIDE_1.16.1/STM32CubeIDE/plugins/com.st.stm32cube.ide.mcu.externaltools.gnu-tools-for-stm32.12.3.rel1.win32_1.0.200.202406191623/tools/bin/../lib/gcc/arm-none-eabi/12.3.1/thumb/v6-m/nofp/crti.o
                0x08003e40                _fini
 .fini          0x08003e44        0x8 D:/ST/STM32CubeIDE_1.16.1/STM32CubeIDE/plugins/com.st.stm32cube.ide.mcu.externaltools.gnu-tools-for-stm32.12.3.rel1.win32_1.0.200.202406191623/tools/bin/../lib/gcc/arm-none-eabi/12.3.1/thumb/v6-m/nofp/crtn.o
                0x08003e4c                        . = ALIGN (0x4)
                0x08003e4c                        _etext = .

.vfp11_veneer   0x08003e4c        0x0
 .vfp11_veneer  0x08003e4c        0x0 linker stubs

.v4_bx          0x08003e4c        0x0
 .v4_bx         0x08003e4c        0x0 linker stubs

.iplt           0x08003e4c        0x0
 .iplt          0x08003e4c        0x0 D:/ST/STM32CubeIDE_1.16.1/STM32CubeIDE/plugins/com.st.stm32cube.ide.mcu.externaltools.gnu-tools-for-stm32.12.3.rel1.win32_1.0.200.202406191623/tools/bin/../lib/gcc/arm-none-eabi/12.3.1/thumb/v6-m/nofp/crtbegin.o

.rodata         0x08003e4c      0x850
                0x08003e4c                        . = ALIGN (0x4)
 *(.rodata)
 .rodata        0x08003e4c        0xc ./Core/Src/main.o
 *(.rodata*)
 .rodata.sbox   0x08003e58      0x100 ./Core/Src/aes.o
 .rodata.invsbox
                0x08003f58      0x100 ./Core/Src/aes.o
 .rodata.rcon   0x08004058        0xb ./Core/Src/aes.o
 *fill*         0x08004063        0x1 
 .rodata.invmix_constant
                0x08004064       0x10 ./Core/Src/aes.o
 .rodata.OLED_F8x16
                0x08004074      0x5f0 ./Core/Src/oled.o
                0x08004074                OLED_F8x16
 .rodata.AHBPrescTable
                0x08004664       0x10 ./Core/Src/system_stm32f0xx.o
                0x08004664                AHBPrescTable
 .rodata.APBPrescTable
                0x08004674        0x8 ./Core/Src/system_stm32f0xx.o
                0x08004674                APBPrescTable
 .rodata.aPLLMULFactorTable.1
                0x0800467c       0x10 ./Drivers/STM32F0xx_HAL_Driver/Src/stm32f0xx_hal_rcc.o
 .rodata.aPredivFactorTable.0
                0x0800468c       0x10 ./Drivers/STM32F0xx_HAL_Driver/Src/stm32f0xx_hal_rcc.o
                0x0800469c                        . = ALIGN (0x4)

.ARM.extab      0x0800469c        0x0
                0x0800469c                        . = ALIGN (0x4)
 *(.ARM.extab* .gnu.linkonce.armextab.*)
                0x0800469c                        . = ALIGN (0x4)

.ARM            0x0800469c        0x0
                0x0800469c                        . = ALIGN (0x4)
                0x0800469c                        __exidx_start = .
 *(.ARM.exidx*)
                0x0800469c                        __exidx_end = .
                0x0800469c                        . = ALIGN (0x4)

.preinit_array  0x0800469c        0x0
                0x0800469c                        . = ALIGN (0x4)
                0x0800469c                        PROVIDE (__preinit_array_start = .)
 *(.preinit_array*)
                0x0800469c                        PROVIDE (__preinit_array_end = .)
                0x0800469c                        . = ALIGN (0x4)

.init_array     0x0800469c        0x4
                0x0800469c                        . = ALIGN (0x4)
                0x0800469c                        PROVIDE (__init_array_start = .)
 *(SORT_BY_NAME(.init_array.*))
 *(.init_array*)
 .init_array    0x0800469c        0x4 D:/ST/STM32CubeIDE_1.16.1/STM32CubeIDE/plugins/com.st.stm32cube.ide.mcu.externaltools.gnu-tools-for-stm32.12.3.rel1.win32_1.0.200.202406191623/tools/bin/../lib/gcc/arm-none-eabi/12.3.1/thumb/v6-m/nofp/crtbegin.o
                0x080046a0                        PROVIDE (__init_array_end = .)
                0x080046a0                        . = ALIGN (0x4)

.fini_array     0x080046a0        0x4
                0x080046a0                        . = ALIGN (0x4)
                [!provide]                        PROVIDE (__fini_array_start = .)
 *(SORT_BY_NAME(.fini_array.*))
 *(.fini_array*)
 .fini_array    0x080046a0        0x4 D:/ST/STM32CubeIDE_1.16.1/STM32CubeIDE/plugins/com.st.stm32cube.ide.mcu.externaltools.gnu-tools-for-stm32.12.3.rel1.win32_1.0.200.202406191623/tools/bin/../lib/gcc/arm-none-eabi/12.3.1/thumb/v6-m/nofp/crtbegin.o
                [!provide]                        PROVIDE (__fini_array_end = .)
                0x080046a4                        . = ALIGN (0x4)
                0x080046a4                        _sidata = LOADADDR (.data)

.rel.dyn        0x080046a4        0x0
 .rel.iplt      0x080046a4        0x0 D:/ST/STM32CubeIDE_1.16.1/STM32CubeIDE/plugins/com.st.stm32cube.ide.mcu.externaltools.gnu-tools-for-stm32.12.3.rel1.win32_1.0.200.202406191623/tools/bin/../lib/gcc/arm-none-eabi/12.3.1/thumb/v6-m/nofp/crtbegin.o

.data           0x20000000       0x70 load address 0x080046a4
                0x20000000                        . = ALIGN (0x4)
                0x20000000                        _sdata = .
 *(.data)
 *(.data*)
 .data.count    0x20000000        0x1 ./Core/Src/rfid.o
                0x20000000                count
 *fill*         0x20000001        0x3 
 .data.key      0x20000004       0x10 ./Core/Src/rfid.o
                0x20000004                key
 .data.section_key
                0x20000014        0x6 ./Core/Src/rfid.o
                0x20000014                section_key
 *fill*         0x2000001a        0x2 
 .data.Config_ModuleAddr
                0x2000001c        0x6 ./Core/Src/rfid.o
                0x2000001c                Config_ModuleAddr
 *fill*         0x20000022        0x2 
 .data.Config_ICType
                0x20000024        0x6 ./Core/Src/rfid.o
                0x20000024                Config_ICType
 *fill*         0x2000002a        0x2 
 .data.Config_AutoReadID
                0x2000002c        0x6 ./Core/Src/rfid.o
                0x2000002c                Config_AutoReadID
 *fill*         0x20000032        0x2 
 .data.Config_FilterCopyCard
                0x20000034        0x6 ./Core/Src/rfid.o
                0x20000034                Config_FilterCopyCard
 *fill*         0x2000003a        0x2 
 .data.Config_ChannelNum
                0x2000003c        0x6 ./Core/Src/rfid.o
                0x2000003c                Config_ChannelNum
 *fill*         0x20000042        0x2 
 .data.Config_SectionPassward
                0x20000044        0xe ./Core/Src/rfid.o
                0x20000044                Config_SectionPassward
 *fill*         0x20000052        0x2 
 .data.Command_ReadData
                0x20000054        0xf ./Core/Src/rfid.o
                0x20000054                Command_ReadData
 *fill*         0x20000063        0x1 
 .data.SystemCoreClock
                0x20000064        0x4 ./Core/Src/system_stm32f0xx.o
                0x20000064                SystemCoreClock
 .data.uwTickPrio
                0x20000068        0x4 ./Drivers/STM32F0xx_HAL_Driver/Src/stm32f0xx_hal.o
                0x20000068                uwTickPrio
 .data.uwTickFreq
                0x2000006c        0x1 ./Drivers/STM32F0xx_HAL_Driver/Src/stm32f0xx_hal.o
                0x2000006c                uwTickFreq
 *(.RamFunc)
 *(.RamFunc*)
                0x20000070                        . = ALIGN (0x4)
 *fill*         0x2000006d        0x3 
                0x20000070                        _edata = .

.igot.plt       0x20000070        0x0 load address 0x08004714
 .igot.plt      0x20000070        0x0 D:/ST/STM32CubeIDE_1.16.1/STM32CubeIDE/plugins/com.st.stm32cube.ide.mcu.externaltools.gnu-tools-for-stm32.12.3.rel1.win32_1.0.200.202406191623/tools/bin/../lib/gcc/arm-none-eabi/12.3.1/thumb/v6-m/nofp/crtbegin.o
                0x20000070                        . = ALIGN (0x4)

.bss            0x20000070      0x238 load address 0x08004714
                0x20000070                        _sbss = .
                0x20000070                        __bss_start__ = _sbss
 *(.bss)
 .bss           0x20000070       0x1c D:/ST/STM32CubeIDE_1.16.1/STM32CubeIDE/plugins/com.st.stm32cube.ide.mcu.externaltools.gnu-tools-for-stm32.12.3.rel1.win32_1.0.200.202406191623/tools/bin/../lib/gcc/arm-none-eabi/12.3.1/thumb/v6-m/nofp/crtbegin.o
 *(.bss*)
 .bss.RoundKey  0x2000008c       0xb0 ./Core/Src/aes.o
                0x2000008c                RoundKey
 .bss.hi2c1     0x2000013c       0x54 ./Core/Src/i2c.o
                0x2000013c                hi2c1
 .bss.IsReadDataFlag
                0x20000190        0x1 ./Core/Src/rfid.o
                0x20000190                IsReadDataFlag
 *fill*         0x20000191        0x3 
 .bss.plaintext
                0x20000194       0x10 ./Core/Src/rfid.o
                0x20000194                plaintext
 .bss.config_respond
                0x200001a4        0x6 ./Core/Src/rfid.o
                0x200001a4                config_respond
 *fill*         0x200001aa        0x2 
 .bss.ReadData_HaveICRespond
                0x200001ac       0x1d ./Core/Src/rfid.o
                0x200001ac                ReadData_HaveICRespond
 *fill*         0x200001c9        0x3 
 .bss.ReadData_NOICRespond
                0x200001cc        0x7 ./Core/Src/rfid.o
                0x200001cc                ReadData_NOICRespond
 *fill*         0x200001d3        0x1 
 .bss.htim1     0x200001d4       0x48 ./Core/Src/stm32f0xx_hal_timebase_tim.o
                0x200001d4                htim1
 .bss.huart1    0x2000021c       0x88 ./Core/Src/usart.o
                0x2000021c                huart1
 .bss.uwTick    0x200002a4        0x4 ./Drivers/STM32F0xx_HAL_Driver/Src/stm32f0xx_hal.o
                0x200002a4                uwTick
 *(COMMON)
                0x200002a8                        . = ALIGN (0x4)
                0x200002a8                        _ebss = .
                0x200002a8                        __bss_end__ = _ebss

._user_heap_stack
                0x200002a8      0x600 load address 0x08004714
                0x200002a8                        . = ALIGN (0x8)
                [!provide]                        PROVIDE (end = .)
                0x200002a8                        PROVIDE (_end = .)
                0x200004a8                        . = (. + _Min_Heap_Size)
 *fill*         0x200002a8      0x200 
                0x200008a8                        . = (. + _Min_Stack_Size)
 *fill*         0x200004a8      0x400 
                0x200008a8                        . = ALIGN (0x8)

/DISCARD/
 libc.a(*)
 libm.a(*)
 libgcc.a(*)

.ARM.attributes
                0x00000000       0x28
 *(.ARM.attributes)
 .ARM.attributes
                0x00000000       0x1e D:/ST/STM32CubeIDE_1.16.1/STM32CubeIDE/plugins/com.st.stm32cube.ide.mcu.externaltools.gnu-tools-for-stm32.12.3.rel1.win32_1.0.200.202406191623/tools/bin/../lib/gcc/arm-none-eabi/12.3.1/thumb/v6-m/nofp/crti.o
 .ARM.attributes
                0x0000001e       0x2c D:/ST/STM32CubeIDE_1.16.1/STM32CubeIDE/plugins/com.st.stm32cube.ide.mcu.externaltools.gnu-tools-for-stm32.12.3.rel1.win32_1.0.200.202406191623/tools/bin/../lib/gcc/arm-none-eabi/12.3.1/thumb/v6-m/nofp/crtbegin.o
 .ARM.attributes
                0x0000004a       0x2c ./Core/Src/aes.o
 .ARM.attributes
                0x00000076       0x2c ./Core/Src/gpio.o
 .ARM.attributes
                0x000000a2       0x2c ./Core/Src/i2c.o
 .ARM.attributes
                0x000000ce       0x2c ./Core/Src/main.o
 .ARM.attributes
                0x000000fa       0x2c ./Core/Src/oled.o
 .ARM.attributes
                0x00000126       0x2c ./Core/Src/rfid.o
 .ARM.attributes
                0x00000152       0x2c ./Core/Src/stm32f0xx_hal_msp.o
 .ARM.attributes
                0x0000017e       0x2c ./Core/Src/stm32f0xx_hal_timebase_tim.o
 .ARM.attributes
                0x000001aa       0x2c ./Core/Src/stm32f0xx_it.o
 .ARM.attributes
                0x000001d6       0x2c ./Core/Src/system_stm32f0xx.o
 .ARM.attributes
                0x00000202       0x2c ./Core/Src/usart.o
 .ARM.attributes
                0x0000022e       0x21 ./Core/Startup/startup_stm32f072c8tx.o
 .ARM.attributes
                0x0000024f       0x2c ./Drivers/STM32F0xx_HAL_Driver/Src/stm32f0xx_hal.o
 .ARM.attributes
                0x0000027b       0x2c ./Drivers/STM32F0xx_HAL_Driver/Src/stm32f0xx_hal_cortex.o
 .ARM.attributes
                0x000002a7       0x2c ./Drivers/STM32F0xx_HAL_Driver/Src/stm32f0xx_hal_gpio.o
 .ARM.attributes
                0x000002d3       0x2c ./Drivers/STM32F0xx_HAL_Driver/Src/stm32f0xx_hal_i2c.o
 .ARM.attributes
                0x000002ff       0x2c ./Drivers/STM32F0xx_HAL_Driver/Src/stm32f0xx_hal_i2c_ex.o
 .ARM.attributes
                0x0000032b       0x2c ./Drivers/STM32F0xx_HAL_Driver/Src/stm32f0xx_hal_rcc.o
 .ARM.attributes
                0x00000357       0x2c ./Drivers/STM32F0xx_HAL_Driver/Src/stm32f0xx_hal_rcc_ex.o
 .ARM.attributes
                0x00000383       0x2c ./Drivers/STM32F0xx_HAL_Driver/Src/stm32f0xx_hal_tim.o
 .ARM.attributes
                0x000003af       0x2c ./Drivers/STM32F0xx_HAL_Driver/Src/stm32f0xx_hal_tim_ex.o
 .ARM.attributes
                0x000003db       0x2c ./Drivers/STM32F0xx_HAL_Driver/Src/stm32f0xx_hal_uart.o
 .ARM.attributes
                0x00000407       0x2c D:/ST/STM32CubeIDE_1.16.1/STM32CubeIDE/plugins/com.st.stm32cube.ide.mcu.externaltools.gnu-tools-for-stm32.12.3.rel1.win32_1.0.200.202406191623/tools/bin/../lib/gcc/arm-none-eabi/12.3.1/../../../../arm-none-eabi/lib/thumb/v6-m/nofp\libc_nano.a(libc_a-memset.o)
 .ARM.attributes
                0x00000433       0x2c D:/ST/STM32CubeIDE_1.16.1/STM32CubeIDE/plugins/com.st.stm32cube.ide.mcu.externaltools.gnu-tools-for-stm32.12.3.rel1.win32_1.0.200.202406191623/tools/bin/../lib/gcc/arm-none-eabi/12.3.1/../../../../arm-none-eabi/lib/thumb/v6-m/nofp\libc_nano.a(libc_a-init.o)
 .ARM.attributes
                0x0000045f       0x2c D:/ST/STM32CubeIDE_1.16.1/STM32CubeIDE/plugins/com.st.stm32cube.ide.mcu.externaltools.gnu-tools-for-stm32.12.3.rel1.win32_1.0.200.202406191623/tools/bin/../lib/gcc/arm-none-eabi/12.3.1/../../../../arm-none-eabi/lib/thumb/v6-m/nofp\libc_nano.a(libc_a-memcpy-stub.o)
 .ARM.attributes
                0x0000048b       0x1e D:/ST/STM32CubeIDE_1.16.1/STM32CubeIDE/plugins/com.st.stm32cube.ide.mcu.externaltools.gnu-tools-for-stm32.12.3.rel1.win32_1.0.200.202406191623/tools/bin/../lib/gcc/arm-none-eabi/12.3.1/thumb/v6-m/nofp\libgcc.a(_udivsi3.o)
 .ARM.attributes
                0x000004a9       0x1e D:/ST/STM32CubeIDE_1.16.1/STM32CubeIDE/plugins/com.st.stm32cube.ide.mcu.externaltools.gnu-tools-for-stm32.12.3.rel1.win32_1.0.200.202406191623/tools/bin/../lib/gcc/arm-none-eabi/12.3.1/thumb/v6-m/nofp\libgcc.a(_dvmd_tls.o)
 .ARM.attributes
                0x000004c7       0x1e D:/ST/STM32CubeIDE_1.16.1/STM32CubeIDE/plugins/com.st.stm32cube.ide.mcu.externaltools.gnu-tools-for-stm32.12.3.rel1.win32_1.0.200.202406191623/tools/bin/../lib/gcc/arm-none-eabi/12.3.1/thumb/v6-m/nofp/crtn.o
OUTPUT(RFID_IIC_Test.elf elf32-littlearm)
LOAD linker stubs
LOAD D:/ST/STM32CubeIDE_1.16.1/STM32CubeIDE/plugins/com.st.stm32cube.ide.mcu.externaltools.gnu-tools-for-stm32.12.3.rel1.win32_1.0.200.202406191623/tools/bin/../lib/gcc/arm-none-eabi/12.3.1/../../../../arm-none-eabi/lib/thumb/v6-m/nofp\libc.a
LOAD D:/ST/STM32CubeIDE_1.16.1/STM32CubeIDE/plugins/com.st.stm32cube.ide.mcu.externaltools.gnu-tools-for-stm32.12.3.rel1.win32_1.0.200.202406191623/tools/bin/../lib/gcc/arm-none-eabi/12.3.1/../../../../arm-none-eabi/lib/thumb/v6-m/nofp\libm.a
LOAD D:/ST/STM32CubeIDE_1.16.1/STM32CubeIDE/plugins/com.st.stm32cube.ide.mcu.externaltools.gnu-tools-for-stm32.12.3.rel1.win32_1.0.200.202406191623/tools/bin/../lib/gcc/arm-none-eabi/12.3.1/thumb/v6-m/nofp\libgcc.a

.debug_info     0x00000000    0x114a1
 .debug_info    0x00000000      0x641 ./Core/Src/aes.o
 .debug_info    0x00000641      0x1b4 ./Core/Src/gpio.o
 .debug_info    0x000007f5      0x8c0 ./Core/Src/i2c.o
 .debug_info    0x000010b5      0xb09 ./Core/Src/main.o
 .debug_info    0x00001bbe      0xb99 ./Core/Src/oled.o
 .debug_info    0x00002757      0xd5e ./Core/Src/rfid.o
 .debug_info    0x000034b5      0x199 ./Core/Src/stm32f0xx_hal_msp.o
 .debug_info    0x0000364e      0x96b ./Core/Src/stm32f0xx_hal_timebase_tim.o
 .debug_info    0x00003fb9      0x652 ./Core/Src/stm32f0xx_it.o
 .debug_info    0x0000460b      0x242 ./Core/Src/system_stm32f0xx.o
 .debug_info    0x0000484d      0x928 ./Core/Src/usart.o
 .debug_info    0x00005175       0x30 ./Core/Startup/startup_stm32f072c8tx.o
 .debug_info    0x000051a5      0x6c9 ./Drivers/STM32F0xx_HAL_Driver/Src/stm32f0xx_hal.o
 .debug_info    0x0000586e      0x6c5 ./Drivers/STM32F0xx_HAL_Driver/Src/stm32f0xx_hal_cortex.o
 .debug_info    0x00005f33      0x5a6 ./Drivers/STM32F0xx_HAL_Driver/Src/stm32f0xx_hal_gpio.o
 .debug_info    0x000064d9     0x20c5 ./Drivers/STM32F0xx_HAL_Driver/Src/stm32f0xx_hal_i2c.o
 .debug_info    0x0000859e      0x824 ./Drivers/STM32F0xx_HAL_Driver/Src/stm32f0xx_hal_i2c_ex.o
 .debug_info    0x00008dc2      0x83f ./Drivers/STM32F0xx_HAL_Driver/Src/stm32f0xx_hal_rcc.o
 .debug_info    0x00009601      0x61c ./Drivers/STM32F0xx_HAL_Driver/Src/stm32f0xx_hal_rcc_ex.o
 .debug_info    0x00009c1d     0x2950 ./Drivers/STM32F0xx_HAL_Driver/Src/stm32f0xx_hal_tim.o
 .debug_info    0x0000c56d     0x1492 ./Drivers/STM32F0xx_HAL_Driver/Src/stm32f0xx_hal_tim_ex.o
 .debug_info    0x0000d9ff     0x3aa2 ./Drivers/STM32F0xx_HAL_Driver/Src/stm32f0xx_hal_uart.o

.debug_abbrev   0x00000000     0x2a81
 .debug_abbrev  0x00000000      0x1bb ./Core/Src/aes.o
 .debug_abbrev  0x000001bb       0xc6 ./Core/Src/gpio.o
 .debug_abbrev  0x00000281      0x215 ./Core/Src/i2c.o
 .debug_abbrev  0x00000496      0x29e ./Core/Src/main.o
 .debug_abbrev  0x00000734      0x26e ./Core/Src/oled.o
 .debug_abbrev  0x000009a2      0x2d3 ./Core/Src/rfid.o
 .debug_abbrev  0x00000c75       0xc6 ./Core/Src/stm32f0xx_hal_msp.o
 .debug_abbrev  0x00000d3b      0x20b ./Core/Src/stm32f0xx_hal_timebase_tim.o
 .debug_abbrev  0x00000f46      0x17d ./Core/Src/stm32f0xx_it.o
 .debug_abbrev  0x000010c3      0x11c ./Core/Src/system_stm32f0xx.o
 .debug_abbrev  0x000011df      0x1f6 ./Core/Src/usart.o
 .debug_abbrev  0x000013d5       0x24 ./Core/Startup/startup_stm32f072c8tx.o
 .debug_abbrev  0x000013f9      0x213 ./Drivers/STM32F0xx_HAL_Driver/Src/stm32f0xx_hal.o
 .debug_abbrev  0x0000160c      0x28c ./Drivers/STM32F0xx_HAL_Driver/Src/stm32f0xx_hal_cortex.o
 .debug_abbrev  0x00001898      0x1cb ./Drivers/STM32F0xx_HAL_Driver/Src/stm32f0xx_hal_gpio.o
 .debug_abbrev  0x00001a63      0x261 ./Drivers/STM32F0xx_HAL_Driver/Src/stm32f0xx_hal_i2c.o
 .debug_abbrev  0x00001cc4      0x1c3 ./Drivers/STM32F0xx_HAL_Driver/Src/stm32f0xx_hal_i2c_ex.o
 .debug_abbrev  0x00001e87      0x28c ./Drivers/STM32F0xx_HAL_Driver/Src/stm32f0xx_hal_rcc.o
 .debug_abbrev  0x00002113      0x1a6 ./Drivers/STM32F0xx_HAL_Driver/Src/stm32f0xx_hal_rcc_ex.o
 .debug_abbrev  0x000022b9      0x278 ./Drivers/STM32F0xx_HAL_Driver/Src/stm32f0xx_hal_tim.o
 .debug_abbrev  0x00002531      0x283 ./Drivers/STM32F0xx_HAL_Driver/Src/stm32f0xx_hal_tim_ex.o
 .debug_abbrev  0x000027b4      0x2cd ./Drivers/STM32F0xx_HAL_Driver/Src/stm32f0xx_hal_uart.o

.debug_aranges  0x00000000     0x1060
 .debug_aranges
                0x00000000       0x78 ./Core/Src/aes.o
 .debug_aranges
                0x00000078       0x20 ./Core/Src/gpio.o
 .debug_aranges
                0x00000098       0x30 ./Core/Src/i2c.o
 .debug_aranges
                0x000000c8       0x38 ./Core/Src/main.o
 .debug_aranges
                0x00000100       0xa0 ./Core/Src/oled.o
 .debug_aranges
                0x000001a0       0x80 ./Core/Src/rfid.o
 .debug_aranges
                0x00000220       0x20 ./Core/Src/stm32f0xx_hal_msp.o
 .debug_aranges
                0x00000240       0x30 ./Core/Src/stm32f0xx_hal_timebase_tim.o
 .debug_aranges
                0x00000270       0x48 ./Core/Src/stm32f0xx_it.o
 .debug_aranges
                0x000002b8       0x28 ./Core/Src/system_stm32f0xx.o
 .debug_aranges
                0x000002e0       0x30 ./Core/Src/usart.o
 .debug_aranges
                0x00000310       0x28 ./Core/Startup/startup_stm32f072c8tx.o
 .debug_aranges
                0x00000338       0xd0 ./Drivers/STM32F0xx_HAL_Driver/Src/stm32f0xx_hal.o
 .debug_aranges
                0x00000408       0xc0 ./Drivers/STM32F0xx_HAL_Driver/Src/stm32f0xx_hal_cortex.o
 .debug_aranges
                0x000004c8       0x58 ./Drivers/STM32F0xx_HAL_Driver/Src/stm32f0xx_hal_gpio.o
 .debug_aranges
                0x00000520      0x2a0 ./Drivers/STM32F0xx_HAL_Driver/Src/stm32f0xx_hal_i2c.o
 .debug_aranges
                0x000007c0       0x48 ./Drivers/STM32F0xx_HAL_Driver/Src/stm32f0xx_hal_i2c_ex.o
 .debug_aranges
                0x00000808       0x80 ./Drivers/STM32F0xx_HAL_Driver/Src/stm32f0xx_hal_rcc.o
 .debug_aranges
                0x00000888       0x78 ./Drivers/STM32F0xx_HAL_Driver/Src/stm32f0xx_hal_rcc_ex.o
 .debug_aranges
                0x00000900      0x3d0 ./Drivers/STM32F0xx_HAL_Driver/Src/stm32f0xx_hal_tim.o
 .debug_aranges
                0x00000cd0      0x168 ./Drivers/STM32F0xx_HAL_Driver/Src/stm32f0xx_hal_tim_ex.o
 .debug_aranges
                0x00000e38      0x228 ./Drivers/STM32F0xx_HAL_Driver/Src/stm32f0xx_hal_uart.o

.debug_rnglists
                0x00000000      0xce4
 .debug_rnglists
                0x00000000       0x5d ./Core/Src/aes.o
 .debug_rnglists
                0x0000005d       0x13 ./Core/Src/gpio.o
 .debug_rnglists
                0x00000070       0x21 ./Core/Src/i2c.o
 .debug_rnglists
                0x00000091       0x27 ./Core/Src/main.o
 .debug_rnglists
                0x000000b8       0x7a ./Core/Src/oled.o
 .debug_rnglists
                0x00000132       0x62 ./Core/Src/rfid.o
 .debug_rnglists
                0x00000194       0x13 ./Core/Src/stm32f0xx_hal_msp.o
 .debug_rnglists
                0x000001a7       0x20 ./Core/Src/stm32f0xx_hal_timebase_tim.o
 .debug_rnglists
                0x000001c7       0x31 ./Core/Src/stm32f0xx_it.o
 .debug_rnglists
                0x000001f8       0x1a ./Core/Src/system_stm32f0xx.o
 .debug_rnglists
                0x00000212       0x20 ./Core/Src/usart.o
 .debug_rnglists
                0x00000232       0x19 ./Core/Startup/startup_stm32f072c8tx.o
 .debug_rnglists
                0x0000024b       0x97 ./Drivers/STM32F0xx_HAL_Driver/Src/stm32f0xx_hal.o
 .debug_rnglists
                0x000002e2       0x8c ./Drivers/STM32F0xx_HAL_Driver/Src/stm32f0xx_hal_cortex.o
 .debug_rnglists
                0x0000036e       0x3f ./Drivers/STM32F0xx_HAL_Driver/Src/stm32f0xx_hal_gpio.o
 .debug_rnglists
                0x000003ad      0x229 ./Drivers/STM32F0xx_HAL_Driver/Src/stm32f0xx_hal_i2c.o
 .debug_rnglists
                0x000005d6       0x35 ./Drivers/STM32F0xx_HAL_Driver/Src/stm32f0xx_hal_i2c_ex.o
 .debug_rnglists
                0x0000060b       0x61 ./Drivers/STM32F0xx_HAL_Driver/Src/stm32f0xx_hal_rcc.o
 .debug_rnglists
                0x0000066c       0x5b ./Drivers/STM32F0xx_HAL_Driver/Src/stm32f0xx_hal_rcc_ex.o
 .debug_rnglists
                0x000006c7      0x31c ./Drivers/STM32F0xx_HAL_Driver/Src/stm32f0xx_hal_tim.o
 .debug_rnglists
                0x000009e3      0x126 ./Drivers/STM32F0xx_HAL_Driver/Src/stm32f0xx_hal_tim_ex.o
 .debug_rnglists
                0x00000b09      0x1db ./Drivers/STM32F0xx_HAL_Driver/Src/stm32f0xx_hal_uart.o

.debug_macro    0x00000000    0x1b207
 .debug_macro   0x00000000      0x12a ./Core/Src/aes.o
 .debug_macro   0x0000012a      0xa8a ./Core/Src/aes.o
 .debug_macro   0x00000bb4       0x22 ./Core/Src/aes.o
 .debug_macro   0x00000bd6       0x5b ./Core/Src/aes.o
 .debug_macro   0x00000c31       0x24 ./Core/Src/aes.o
 .debug_macro   0x00000c55       0x94 ./Core/Src/aes.o
 .debug_macro   0x00000ce9       0x43 ./Core/Src/aes.o
 .debug_macro   0x00000d2c       0x34 ./Core/Src/aes.o
 .debug_macro   0x00000d60       0x16 ./Core/Src/aes.o
 .debug_macro   0x00000d76       0x57 ./Core/Src/aes.o
 .debug_macro   0x00000dcd       0x9e ./Core/Src/aes.o
 .debug_macro   0x00000e6b      0x369 ./Core/Src/aes.o
 .debug_macro   0x000011d4      0x10b ./Core/Src/aes.o
 .debug_macro   0x000012df       0x10 ./Core/Src/aes.o
 .debug_macro   0x000012ef       0x16 ./Core/Src/aes.o
 .debug_macro   0x00001305       0x43 ./Core/Src/aes.o
 .debug_macro   0x00001348       0x34 ./Core/Src/aes.o
 .debug_macro   0x0000137c       0x10 ./Core/Src/aes.o
 .debug_macro   0x0000138c       0x58 ./Core/Src/aes.o
 .debug_macro   0x000013e4       0x8e ./Core/Src/aes.o
 .debug_macro   0x00001472       0x1c ./Core/Src/aes.o
 .debug_macro   0x0000148e      0x177 ./Core/Src/aes.o
 .debug_macro   0x00001605       0x16 ./Core/Src/aes.o
 .debug_macro   0x0000161b       0x16 ./Core/Src/aes.o
 .debug_macro   0x00001631      0x146 ./Core/Src/aes.o
 .debug_macro   0x00001777       0x22 ./Core/Src/aes.o
 .debug_macro   0x00001799      0x1d6 ./Core/Src/gpio.o
 .debug_macro   0x0000196f      0x133 ./Core/Src/gpio.o
 .debug_macro   0x00001aa2       0x2e ./Core/Src/gpio.o
 .debug_macro   0x00001ad0       0x22 ./Core/Src/gpio.o
 .debug_macro   0x00001af2       0x8e ./Core/Src/gpio.o
 .debug_macro   0x00001b80       0x51 ./Core/Src/gpio.o
 .debug_macro   0x00001bd1      0x103 ./Core/Src/gpio.o
 .debug_macro   0x00001cd4       0x6a ./Core/Src/gpio.o
 .debug_macro   0x00001d3e      0x1df ./Core/Src/gpio.o
 .debug_macro   0x00001f1d       0x1c ./Core/Src/gpio.o
 .debug_macro   0x00001f39       0x22 ./Core/Src/gpio.o
 .debug_macro   0x00001f5b       0xaf ./Core/Src/gpio.o
 .debug_macro   0x0000200a      0x391 ./Core/Src/gpio.o
 .debug_macro   0x0000239b     0xfe73 ./Core/Src/gpio.o
 .debug_macro   0x0001220e       0x66 ./Core/Src/gpio.o
 .debug_macro   0x00012274     0x34da ./Core/Src/gpio.o
 .debug_macro   0x0001574e      0x189 ./Core/Src/gpio.o
 .debug_macro   0x000158d7       0x55 ./Core/Src/gpio.o
 .debug_macro   0x0001592c      0x946 ./Core/Src/gpio.o
 .debug_macro   0x00016272      0x5f3 ./Core/Src/gpio.o
 .debug_macro   0x00016865      0x1ae ./Core/Src/gpio.o
 .debug_macro   0x00016a13      0x1a7 ./Core/Src/gpio.o
 .debug_macro   0x00016bba      0x1a7 ./Core/Src/gpio.o
 .debug_macro   0x00016d61      0x22c ./Core/Src/gpio.o
 .debug_macro   0x00016f8d       0x34 ./Core/Src/gpio.o
 .debug_macro   0x00016fc1       0x43 ./Core/Src/gpio.o
 .debug_macro   0x00017004       0x28 ./Core/Src/gpio.o
 .debug_macro   0x0001702c       0xb0 ./Core/Src/gpio.o
 .debug_macro   0x000170dc      0x217 ./Core/Src/gpio.o
 .debug_macro   0x000172f3      0x22c ./Core/Src/gpio.o
 .debug_macro   0x0001751f       0x61 ./Core/Src/gpio.o
 .debug_macro   0x00017580       0xa5 ./Core/Src/gpio.o
 .debug_macro   0x00017625       0x4c ./Core/Src/gpio.o
 .debug_macro   0x00017671      0x16d ./Core/Src/gpio.o
 .debug_macro   0x000177de      0x8f4 ./Core/Src/gpio.o
 .debug_macro   0x000180d2       0x28 ./Core/Src/gpio.o
 .debug_macro   0x000180fa      0x5ba ./Core/Src/gpio.o
 .debug_macro   0x000186b4       0x44 ./Core/Src/gpio.o
 .debug_macro   0x000186f8      0x130 ./Core/Src/gpio.o
 .debug_macro   0x00018828      0x1d6 ./Core/Src/i2c.o
 .debug_macro   0x000189fe      0x3ca ./Core/Src/main.o
 .debug_macro   0x00018dc8       0x61 ./Core/Src/main.o
 .debug_macro   0x00018e29       0x10 ./Core/Src/main.o
 .debug_macro   0x00018e39       0x35 ./Core/Src/main.o
 .debug_macro   0x00018e6e       0x20 ./Core/Src/main.o
 .debug_macro   0x00018e8e       0x1c ./Core/Src/main.o
 .debug_macro   0x00018eaa       0x1c ./Core/Src/main.o
 .debug_macro   0x00018ec6       0x16 ./Core/Src/main.o
 .debug_macro   0x00018edc       0x10 ./Core/Src/main.o
 .debug_macro   0x00018eec       0x10 ./Core/Src/main.o
 .debug_macro   0x00018efc       0x10 ./Core/Src/main.o
 .debug_macro   0x00018f0c       0x1c ./Core/Src/main.o
 .debug_macro   0x00018f28       0x52 ./Core/Src/main.o
 .debug_macro   0x00018f7a       0x22 ./Core/Src/main.o
 .debug_macro   0x00018f9c       0x10 ./Core/Src/main.o
 .debug_macro   0x00018fac       0x52 ./Core/Src/main.o
 .debug_macro   0x00018ffe       0xc1 ./Core/Src/main.o
 .debug_macro   0x000190bf       0x1c ./Core/Src/main.o
 .debug_macro   0x000190db       0x3d ./Core/Src/main.o
 .debug_macro   0x00019118       0x35 ./Core/Src/main.o
 .debug_macro   0x0001914d      0x1f6 ./Core/Src/oled.o
 .debug_macro   0x00019343      0x2fb ./Core/Src/rfid.o
 .debug_macro   0x0001963e      0x1cc ./Core/Src/stm32f0xx_hal_msp.o
 .debug_macro   0x0001980a      0x1c2 ./Core/Src/stm32f0xx_hal_timebase_tim.o
 .debug_macro   0x000199cc      0x1d6 ./Core/Src/stm32f0xx_it.o
 .debug_macro   0x00019ba2      0x1c2 ./Core/Src/system_stm32f0xx.o
 .debug_macro   0x00019d64      0x1d6 ./Core/Src/usart.o
 .debug_macro   0x00019f3a      0x1e6 ./Drivers/STM32F0xx_HAL_Driver/Src/stm32f0xx_hal.o
 .debug_macro   0x0001a120      0x1c2 ./Drivers/STM32F0xx_HAL_Driver/Src/stm32f0xx_hal_cortex.o
 .debug_macro   0x0001a2e2      0x1c9 ./Drivers/STM32F0xx_HAL_Driver/Src/stm32f0xx_hal_gpio.o
 .debug_macro   0x0001a4ab      0x28e ./Drivers/STM32F0xx_HAL_Driver/Src/stm32f0xx_hal_i2c.o
 .debug_macro   0x0001a739      0x1c2 ./Drivers/STM32F0xx_HAL_Driver/Src/stm32f0xx_hal_i2c_ex.o
 .debug_macro   0x0001a8fb      0x1d4 ./Drivers/STM32F0xx_HAL_Driver/Src/stm32f0xx_hal_rcc.o
 .debug_macro   0x0001aacf      0x1d4 ./Drivers/STM32F0xx_HAL_Driver/Src/stm32f0xx_hal_rcc_ex.o
 .debug_macro   0x0001aca3      0x1c3 ./Drivers/STM32F0xx_HAL_Driver/Src/stm32f0xx_hal_tim.o
 .debug_macro   0x0001ae66      0x1c2 ./Drivers/STM32F0xx_HAL_Driver/Src/stm32f0xx_hal_tim_ex.o
 .debug_macro   0x0001b028      0x1df ./Drivers/STM32F0xx_HAL_Driver/Src/stm32f0xx_hal_uart.o

.debug_line     0x00000000    0x163ce
 .debug_line    0x00000000      0xd69 ./Core/Src/aes.o
 .debug_line    0x00000d69      0x768 ./Core/Src/gpio.o
 .debug_line    0x000014d1      0x7e7 ./Core/Src/i2c.o
 .debug_line    0x00001cb8      0xada ./Core/Src/main.o
 .debug_line    0x00002792      0xb89 ./Core/Src/oled.o
 .debug_line    0x0000331b      0xbe7 ./Core/Src/rfid.o
 .debug_line    0x00003f02      0x76b ./Core/Src/stm32f0xx_hal_msp.o
 .debug_line    0x0000466d      0x7e6 ./Core/Src/stm32f0xx_hal_timebase_tim.o
 .debug_line    0x00004e53      0x7e2 ./Core/Src/stm32f0xx_it.o
 .debug_line    0x00005635      0x7f2 ./Core/Src/system_stm32f0xx.o
 .debug_line    0x00005e27      0x7da ./Core/Src/usart.o
 .debug_line    0x00006601       0x7b ./Core/Startup/startup_stm32f072c8tx.o
 .debug_line    0x0000667c      0x9e5 ./Drivers/STM32F0xx_HAL_Driver/Src/stm32f0xx_hal.o
 .debug_line    0x00007061      0xa91 ./Drivers/STM32F0xx_HAL_Driver/Src/stm32f0xx_hal_cortex.o
 .debug_line    0x00007af2      0xb93 ./Drivers/STM32F0xx_HAL_Driver/Src/stm32f0xx_hal_gpio.o
 .debug_line    0x00008685     0x3a9f ./Drivers/STM32F0xx_HAL_Driver/Src/stm32f0xx_hal_i2c.o
 .debug_line    0x0000c124      0x988 ./Drivers/STM32F0xx_HAL_Driver/Src/stm32f0xx_hal_i2c_ex.o
 .debug_line    0x0000caac      0xe72 ./Drivers/STM32F0xx_HAL_Driver/Src/stm32f0xx_hal_rcc.o
 .debug_line    0x0000d91e      0xc8d ./Drivers/STM32F0xx_HAL_Driver/Src/stm32f0xx_hal_rcc_ex.o
 .debug_line    0x0000e5ab     0x37bc ./Drivers/STM32F0xx_HAL_Driver/Src/stm32f0xx_hal_tim.o
 .debug_line    0x00011d67     0x1982 ./Drivers/STM32F0xx_HAL_Driver/Src/stm32f0xx_hal_tim_ex.o
 .debug_line    0x000136e9     0x2ce5 ./Drivers/STM32F0xx_HAL_Driver/Src/stm32f0xx_hal_uart.o

.debug_str      0x00000000    0x9a745
 .debug_str     0x00000000     0x6b23 ./Core/Src/aes.o
                               0x6c6c (size before relaxing)
 .debug_str     0x00006b23    0x8e4db ./Core/Src/gpio.o
                              0x91a8f (size before relaxing)
 .debug_str     0x00094ffe      0x50c ./Core/Src/i2c.o
                              0x92057 (size before relaxing)
 .debug_str     0x0009550a     0x1115 ./Core/Src/main.o
                              0x96559 (size before relaxing)
 .debug_str     0x0009661f      0x202 ./Core/Src/oled.o
                              0x921c4 (size before relaxing)
 .debug_str     0x00096821      0x553 ./Core/Src/rfid.o
                              0x95afe (size before relaxing)
 .debug_str     0x00096d74       0x2c ./Core/Src/stm32f0xx_hal_msp.o
                              0x91a8f (size before relaxing)
 .debug_str     0x00096da0      0x28a ./Core/Src/stm32f0xx_hal_timebase_tim.o
                              0x922b2 (size before relaxing)
 .debug_str     0x0009702a       0xa8 ./Core/Src/stm32f0xx_it.o
                              0x91f6b (size before relaxing)
 .debug_str     0x000970d2       0x8b ./Core/Src/system_stm32f0xx.o
                              0x91aef (size before relaxing)
 .debug_str     0x0009715d       0x51 ./Core/Src/usart.o
                              0x91fe2 (size before relaxing)
 .debug_str     0x000971ae       0x44 ./Core/Startup/startup_stm32f072c8tx.o
                                 0x79 (size before relaxing)
 .debug_str     0x000971f2      0x336 ./Drivers/STM32F0xx_HAL_Driver/Src/stm32f0xx_hal.o
                              0x920e5 (size before relaxing)
 .debug_str     0x00097528      0x1a1 ./Drivers/STM32F0xx_HAL_Driver/Src/stm32f0xx_hal_cortex.o
                              0x91ed6 (size before relaxing)
 .debug_str     0x000976c9      0x113 ./Drivers/STM32F0xx_HAL_Driver/Src/stm32f0xx_hal_gpio.o
                              0x91c90 (size before relaxing)
 .debug_str     0x000977dc      0xe7c ./Drivers/STM32F0xx_HAL_Driver/Src/stm32f0xx_hal_i2c.o
                              0x92e4d (size before relaxing)
 .debug_str     0x00098658       0xb8 ./Drivers/STM32F0xx_HAL_Driver/Src/stm32f0xx_hal_i2c_ex.o
                              0x9204d (size before relaxing)
 .debug_str     0x00098710      0x1d9 ./Drivers/STM32F0xx_HAL_Driver/Src/stm32f0xx_hal_rcc.o
                              0x91f36 (size before relaxing)
 .debug_str     0x000988e9      0x2af ./Drivers/STM32F0xx_HAL_Driver/Src/stm32f0xx_hal_rcc_ex.o
                              0x91eee (size before relaxing)
 .debug_str     0x00098b98      0xe4a ./Drivers/STM32F0xx_HAL_Driver/Src/stm32f0xx_hal_tim.o
                              0x92f05 (size before relaxing)
 .debug_str     0x000999e2      0x503 ./Drivers/STM32F0xx_HAL_Driver/Src/stm32f0xx_hal_tim_ex.o
                              0x92711 (size before relaxing)
 .debug_str     0x00099ee5      0x860 ./Drivers/STM32F0xx_HAL_Driver/Src/stm32f0xx_hal_uart.o
                              0x92853 (size before relaxing)

.comment        0x00000000       0x43
 .comment       0x00000000       0x43 ./Core/Src/aes.o
                                 0x44 (size before relaxing)
 .comment       0x00000043       0x44 ./Core/Src/gpio.o
 .comment       0x00000043       0x44 ./Core/Src/i2c.o
 .comment       0x00000043       0x44 ./Core/Src/main.o
 .comment       0x00000043       0x44 ./Core/Src/oled.o
 .comment       0x00000043       0x44 ./Core/Src/rfid.o
 .comment       0x00000043       0x44 ./Core/Src/stm32f0xx_hal_msp.o
 .comment       0x00000043       0x44 ./Core/Src/stm32f0xx_hal_timebase_tim.o
 .comment       0x00000043       0x44 ./Core/Src/stm32f0xx_it.o
 .comment       0x00000043       0x44 ./Core/Src/system_stm32f0xx.o
 .comment       0x00000043       0x44 ./Core/Src/usart.o
 .comment       0x00000043       0x44 ./Drivers/STM32F0xx_HAL_Driver/Src/stm32f0xx_hal.o
 .comment       0x00000043       0x44 ./Drivers/STM32F0xx_HAL_Driver/Src/stm32f0xx_hal_cortex.o
 .comment       0x00000043       0x44 ./Drivers/STM32F0xx_HAL_Driver/Src/stm32f0xx_hal_gpio.o
 .comment       0x00000043       0x44 ./Drivers/STM32F0xx_HAL_Driver/Src/stm32f0xx_hal_i2c.o
 .comment       0x00000043       0x44 ./Drivers/STM32F0xx_HAL_Driver/Src/stm32f0xx_hal_i2c_ex.o
 .comment       0x00000043       0x44 ./Drivers/STM32F0xx_HAL_Driver/Src/stm32f0xx_hal_rcc.o
 .comment       0x00000043       0x44 ./Drivers/STM32F0xx_HAL_Driver/Src/stm32f0xx_hal_rcc_ex.o
 .comment       0x00000043       0x44 ./Drivers/STM32F0xx_HAL_Driver/Src/stm32f0xx_hal_tim.o
 .comment       0x00000043       0x44 ./Drivers/STM32F0xx_HAL_Driver/Src/stm32f0xx_hal_tim_ex.o
 .comment       0x00000043       0x44 ./Drivers/STM32F0xx_HAL_Driver/Src/stm32f0xx_hal_uart.o

.debug_frame    0x00000000     0x3aac
 .debug_frame   0x00000000      0x1a0 ./Core/Src/aes.o
 .debug_frame   0x000001a0       0x30 ./Core/Src/gpio.o
 .debug_frame   0x000001d0       0x6c ./Core/Src/i2c.o
 .debug_frame   0x0000023c       0x8c ./Core/Src/main.o
 .debug_frame   0x000002c8      0x234 ./Core/Src/oled.o
 .debug_frame   0x000004fc      0x1bc ./Core/Src/rfid.o
 .debug_frame   0x000006b8       0x30 ./Core/Src/stm32f0xx_hal_msp.o
 .debug_frame   0x000006e8       0x6c ./Core/Src/stm32f0xx_hal_timebase_tim.o
 .debug_frame   0x00000754       0xb8 ./Core/Src/stm32f0xx_it.o
 .debug_frame   0x0000080c       0x4c ./Core/Src/system_stm32f0xx.o
 .debug_frame   0x00000858       0x6c ./Core/Src/usart.o
 .debug_frame   0x000008c4      0x2a4 ./Drivers/STM32F0xx_HAL_Driver/Src/stm32f0xx_hal.o
 .debug_frame   0x00000b68      0x2a0 ./Drivers/STM32F0xx_HAL_Driver/Src/stm32f0xx_hal_cortex.o
 .debug_frame   0x00000e08      0x110 ./Drivers/STM32F0xx_HAL_Driver/Src/stm32f0xx_hal_gpio.o
 .debug_frame   0x00000f18      0xa68 ./Drivers/STM32F0xx_HAL_Driver/Src/stm32f0xx_hal_i2c.o
 .debug_frame   0x00001980       0xd0 ./Drivers/STM32F0xx_HAL_Driver/Src/stm32f0xx_hal_i2c_ex.o
 .debug_frame   0x00001a50      0x198 ./Drivers/STM32F0xx_HAL_Driver/Src/stm32f0xx_hal_rcc.o
 .debug_frame   0x00001be8      0x180 ./Drivers/STM32F0xx_HAL_Driver/Src/stm32f0xx_hal_rcc_ex.o
 .debug_frame   0x00001d68      0xf00 ./Drivers/STM32F0xx_HAL_Driver/Src/stm32f0xx_hal_tim.o
 .debug_frame   0x00002c68      0x560 ./Drivers/STM32F0xx_HAL_Driver/Src/stm32f0xx_hal_tim_ex.o
 .debug_frame   0x000031c8      0x850 ./Drivers/STM32F0xx_HAL_Driver/Src/stm32f0xx_hal_uart.o
 .debug_frame   0x00003a18       0x20 D:/ST/STM32CubeIDE_1.16.1/STM32CubeIDE/plugins/com.st.stm32cube.ide.mcu.externaltools.gnu-tools-for-stm32.12.3.rel1.win32_1.0.200.202406191623/tools/bin/../lib/gcc/arm-none-eabi/12.3.1/../../../../arm-none-eabi/lib/thumb/v6-m/nofp\libc_nano.a(libc_a-memset.o)
 .debug_frame   0x00003a38       0x2c D:/ST/STM32CubeIDE_1.16.1/STM32CubeIDE/plugins/com.st.stm32cube.ide.mcu.externaltools.gnu-tools-for-stm32.12.3.rel1.win32_1.0.200.202406191623/tools/bin/../lib/gcc/arm-none-eabi/12.3.1/../../../../arm-none-eabi/lib/thumb/v6-m/nofp\libc_nano.a(libc_a-init.o)
 .debug_frame   0x00003a64       0x28 D:/ST/STM32CubeIDE_1.16.1/STM32CubeIDE/plugins/com.st.stm32cube.ide.mcu.externaltools.gnu-tools-for-stm32.12.3.rel1.win32_1.0.200.202406191623/tools/bin/../lib/gcc/arm-none-eabi/12.3.1/../../../../arm-none-eabi/lib/thumb/v6-m/nofp\libc_nano.a(libc_a-memcpy-stub.o)
 .debug_frame   0x00003a8c       0x20 D:/ST/STM32CubeIDE_1.16.1/STM32CubeIDE/plugins/com.st.stm32cube.ide.mcu.externaltools.gnu-tools-for-stm32.12.3.rel1.win32_1.0.200.202406191623/tools/bin/../lib/gcc/arm-none-eabi/12.3.1/thumb/v6-m/nofp\libgcc.a(_udivsi3.o)

.debug_line_str
                0x00000000       0x5d
 .debug_line_str
                0x00000000       0x5d ./Core/Startup/startup_stm32f072c8tx.o
