Archive member included to satisfy reference by file (symbol)

D:/ST/STM32CubeIDE_1.16.1/STM32CubeIDE/plugins/com.st.stm32cube.ide.mcu.externaltools.gnu-tools-for-stm32.12.3.rel1.win32_1.0.200.202406191623/tools/bin/../lib/gcc/arm-none-eabi/12.3.1/../../../../arm-none-eabi/lib/thumb/v6-m/nofp\libc_nano.a(libc_a-exit.o)
                              D:/ST/STM32CubeIDE_1.16.1/STM32CubeIDE/plugins/com.st.stm32cube.ide.mcu.externaltools.gnu-tools-for-stm32.12.3.rel1.win32_1.0.200.202406191623/tools/bin/../lib/gcc/arm-none-eabi/12.3.1/../../../../arm-none-eabi/lib/thumb/v6-m/nofp/crt0.o (exit)
D:/ST/STM32CubeIDE_1.16.1/STM32CubeIDE/plugins/com.st.stm32cube.ide.mcu.externaltools.gnu-tools-for-stm32.12.3.rel1.win32_1.0.200.202406191623/tools/bin/../lib/gcc/arm-none-eabi/12.3.1/../../../../arm-none-eabi/lib/thumb/v6-m/nofp\libc_nano.a(libc_a-findfp.o)
                              D:/ST/STM32CubeIDE_1.16.1/STM32CubeIDE/plugins/com.st.stm32cube.ide.mcu.externaltools.gnu-tools-for-stm32.12.3.rel1.win32_1.0.200.202406191623/tools/bin/../lib/gcc/arm-none-eabi/12.3.1/../../../../arm-none-eabi/lib/thumb/v6-m/nofp\libc_nano.a(libc_a-exit.o) (__stdio_exit_handler)
D:/ST/STM32CubeIDE_1.16.1/STM32CubeIDE/plugins/com.st.stm32cube.ide.mcu.externaltools.gnu-tools-for-stm32.12.3.rel1.win32_1.0.200.202406191623/tools/bin/../lib/gcc/arm-none-eabi/12.3.1/../../../../arm-none-eabi/lib/thumb/v6-m/nofp\libc_nano.a(libc_a-fwalk.o)
                              D:/ST/STM32CubeIDE_1.16.1/STM32CubeIDE/plugins/com.st.stm32cube.ide.mcu.externaltools.gnu-tools-for-stm32.12.3.rel1.win32_1.0.200.202406191623/tools/bin/../lib/gcc/arm-none-eabi/12.3.1/../../../../arm-none-eabi/lib/thumb/v6-m/nofp\libc_nano.a(libc_a-findfp.o) (_fwalk_sglue)
D:/ST/STM32CubeIDE_1.16.1/STM32CubeIDE/plugins/com.st.stm32cube.ide.mcu.externaltools.gnu-tools-for-stm32.12.3.rel1.win32_1.0.200.202406191623/tools/bin/../lib/gcc/arm-none-eabi/12.3.1/../../../../arm-none-eabi/lib/thumb/v6-m/nofp\libc_nano.a(libc_a-stdio.o)
                              D:/ST/STM32CubeIDE_1.16.1/STM32CubeIDE/plugins/com.st.stm32cube.ide.mcu.externaltools.gnu-tools-for-stm32.12.3.rel1.win32_1.0.200.202406191623/tools/bin/../lib/gcc/arm-none-eabi/12.3.1/../../../../arm-none-eabi/lib/thumb/v6-m/nofp\libc_nano.a(libc_a-findfp.o) (__sread)
D:/ST/STM32CubeIDE_1.16.1/STM32CubeIDE/plugins/com.st.stm32cube.ide.mcu.externaltools.gnu-tools-for-stm32.12.3.rel1.win32_1.0.200.202406191623/tools/bin/../lib/gcc/arm-none-eabi/12.3.1/../../../../arm-none-eabi/lib/thumb/v6-m/nofp\libc_nano.a(libc_a-memset.o)
                              D:/ST/STM32CubeIDE_1.16.1/STM32CubeIDE/plugins/com.st.stm32cube.ide.mcu.externaltools.gnu-tools-for-stm32.12.3.rel1.win32_1.0.200.202406191623/tools/bin/../lib/gcc/arm-none-eabi/12.3.1/../../../../arm-none-eabi/lib/thumb/v6-m/nofp/crt0.o (memset)
D:/ST/STM32CubeIDE_1.16.1/STM32CubeIDE/plugins/com.st.stm32cube.ide.mcu.externaltools.gnu-tools-for-stm32.12.3.rel1.win32_1.0.200.202406191623/tools/bin/../lib/gcc/arm-none-eabi/12.3.1/../../../../arm-none-eabi/lib/thumb/v6-m/nofp\libc_nano.a(libc_a-closer.o)
                              D:/ST/STM32CubeIDE_1.16.1/STM32CubeIDE/plugins/com.st.stm32cube.ide.mcu.externaltools.gnu-tools-for-stm32.12.3.rel1.win32_1.0.200.202406191623/tools/bin/../lib/gcc/arm-none-eabi/12.3.1/../../../../arm-none-eabi/lib/thumb/v6-m/nofp\libc_nano.a(libc_a-stdio.o) (_close_r)
D:/ST/STM32CubeIDE_1.16.1/STM32CubeIDE/plugins/com.st.stm32cube.ide.mcu.externaltools.gnu-tools-for-stm32.12.3.rel1.win32_1.0.200.202406191623/tools/bin/../lib/gcc/arm-none-eabi/12.3.1/../../../../arm-none-eabi/lib/thumb/v6-m/nofp\libc_nano.a(libc_a-reent.o)
                              D:/ST/STM32CubeIDE_1.16.1/STM32CubeIDE/plugins/com.st.stm32cube.ide.mcu.externaltools.gnu-tools-for-stm32.12.3.rel1.win32_1.0.200.202406191623/tools/bin/../lib/gcc/arm-none-eabi/12.3.1/../../../../arm-none-eabi/lib/thumb/v6-m/nofp\libc_nano.a(libc_a-closer.o) (errno)
D:/ST/STM32CubeIDE_1.16.1/STM32CubeIDE/plugins/com.st.stm32cube.ide.mcu.externaltools.gnu-tools-for-stm32.12.3.rel1.win32_1.0.200.202406191623/tools/bin/../lib/gcc/arm-none-eabi/12.3.1/../../../../arm-none-eabi/lib/thumb/v6-m/nofp\libc_nano.a(libc_a-impure.o)
                              D:/ST/STM32CubeIDE_1.16.1/STM32CubeIDE/plugins/com.st.stm32cube.ide.mcu.externaltools.gnu-tools-for-stm32.12.3.rel1.win32_1.0.200.202406191623/tools/bin/../lib/gcc/arm-none-eabi/12.3.1/../../../../arm-none-eabi/lib/thumb/v6-m/nofp\libc_nano.a(libc_a-reent.o) (_impure_ptr)
D:/ST/STM32CubeIDE_1.16.1/STM32CubeIDE/plugins/com.st.stm32cube.ide.mcu.externaltools.gnu-tools-for-stm32.12.3.rel1.win32_1.0.200.202406191623/tools/bin/../lib/gcc/arm-none-eabi/12.3.1/../../../../arm-none-eabi/lib/thumb/v6-m/nofp\libc_nano.a(libc_a-lseekr.o)
[...]
Memory Configuration

Name             Origin             Length             Attributes
RAM              0x20000000         0x00004000         xrw
FLASH            0x08000000         0x00010000         xr
*default*        0x00000000         0xffffffff

Linker script and memory map

LOAD D:/ST/STM32CubeIDE_1.16.1/STM32CubeIDE/plugins/com.st.stm32cube.ide.mcu.externaltools.gnu-tools-for-stm32.12.3.rel1.win32_1.0.200.202406191623/tools/bin/../lib/gcc/arm-none-eabi/12.3.1/thumb/v6-m/nofp/crti.o
LOAD D:/ST/STM32CubeIDE_1.16.1/STM32CubeIDE/plugins/com.st.stm32cube.ide.mcu.externaltools.gnu-tools-for-stm32.12.3.rel1.win32_1.0.200.202406191623/tools/bin/../lib/gcc/arm-none-eabi/12.3.1/thumb/v6-m/nofp/crtbegin.o
LOAD D:/ST/STM32CubeIDE_1.16.1/STM32CubeIDE/plugins/com.st.stm32cube.ide.mcu.externaltools.gnu-tools-for-stm32.12.3.rel1.win32_1.0.200.202406191623/tools/bin/../lib/gcc/arm-none-eabi/12.3.1/../../../../arm-none-eabi/lib/thumb/v6-m/nofp/crt0.o
LOAD ./Core/Src/gpio.o
LOAD ./Core/Src/i2c.o
LOAD ./Core/Src/main.o
LOAD ./Core/Src/oled.o
LOAD ./Core/Src/rfid.o
LOAD ./Core/Src/stm32f0xx_hal_msp.o
LOAD ./Core/Src/stm32f0xx_hal_timebase_tim.o
LOAD ./Core/Src/stm32f0xx_it.o
LOAD ./Core/Src/syscalls.o
LOAD ./Core/Src/sysmem.o
LOAD ./Core/Src/system_stm32f0xx.o
LOAD ./Core/Src/usart.o
LOAD ./Core/Startup/startup_stm32f072c8tx.o
LOAD ./Drivers/STM32F0xx_HAL_Driver/Src/stm32f0xx_hal.o
LOAD ./Drivers/STM32F0xx_HAL_Driver/Src/stm32f0xx_hal_cortex.o
LOAD ./Drivers/STM32F0xx_HAL_Driver/Src/stm32f0xx_hal_dma.o
LOAD ./Drivers/STM32F0xx_HAL_Driver/Src/stm32f0xx_hal_exti.o
LOAD ./Drivers/STM32F0xx_HAL_Driver/Src/stm32f0xx_hal_flash.o
LOAD ./Drivers/STM32F0xx_HAL_Driver/Src/stm32f0xx_hal_flash_ex.o
LOAD ./Drivers/STM32F0xx_HAL_Driver/Src/stm32f0xx_hal_gpio.o
LOAD ./Drivers/STM32F0xx_HAL_Driver/Src/stm32f0xx_hal_i2c.o
LOAD ./Drivers/STM32F0xx_HAL_Driver/Src/stm32f0xx_hal_i2c_ex.o
LOAD ./Drivers/STM32F0xx_HAL_Driver/Src/stm32f0xx_hal_pwr.o
LOAD ./Drivers/STM32F0xx_HAL_Driver/Src/stm32f0xx_hal_pwr_ex.o
LOAD ./Drivers/STM32F0xx_HAL_Driver/Src/stm32f0xx_hal_rcc.o
LOAD ./Drivers/STM32F0xx_HAL_Driver/Src/stm32f0xx_hal_rcc_ex.o
LOAD ./Drivers/STM32F0xx_HAL_Driver/Src/stm32f0xx_hal_tim.o
LOAD ./Drivers/STM32F0xx_HAL_Driver/Src/stm32f0xx_hal_tim_ex.o
LOAD ./Drivers/STM32F0xx_HAL_Driver/Src/stm32f0xx_hal_uart.o
LOAD ./Drivers/STM32F0xx_HAL_Driver/Src/stm32f0xx_hal_uart_ex.o
START GROUP
LOAD D:/ST/STM32CubeIDE_1.16.1/STM32CubeIDE/plugins/com.st.stm32cube.ide.mcu.externaltools.gnu-tools-for-stm32.12.3.rel1.win32_1.0.200.202406191623/tools/bin/../lib/gcc/arm-none-eabi/12.3.1/../../../../arm-none-eabi/lib/thumb/v6-m/nofp\libc_nano.a
LOAD D:/ST/STM32CubeIDE_1.16.1/STM32CubeIDE/plugins/com.st.stm32cube.ide.mcu.externaltools.gnu-tools-for-stm32.12.3.rel1.win32_1.0.200.202406191623/tools/bin/../lib/gcc/arm-none-eabi/12.3.1/../../../../arm-none-eabi/lib/thumb/v6-m/nofp\libm.a
END GROUP
START GROUP
LOAD D:/ST/STM32CubeIDE_1.16.1/STM32CubeIDE/plugins/com.st.stm32cube.ide.mcu.externaltools.gnu-tools-for-stm32.12.3.rel1.win32_1.0.200.202406191623/tools/bin/../lib/gcc/arm-none-eabi/12.3.1/thumb/v6-m/nofp\libgcc.a
LOAD D:/ST/STM32CubeIDE_1.16.1/STM32CubeIDE/plugins/com.st.stm32cube.ide.mcu.externaltools.gnu-tools-for-stm32.12.3.rel1.win32_1.0.200.202406191623/tools/bin/../lib/gcc/arm-none-eabi/12.3.1/../../../../arm-none-eabi/lib/thumb/v6-m/nofp\libc_nano.a
END GROUP
START GROUP
LOAD D:/ST/STM32CubeIDE_1.16.1/STM32CubeIDE/plugins/com.st.stm32cube.ide.mcu.externaltools.gnu-tools-for-stm32.12.3.rel1.win32_1.0.200.202406191623/tools/bin/../lib/gcc/arm-none-eabi/12.3.1/thumb/v6-m/nofp\libgcc.a
LOAD D:/ST/STM32CubeIDE_1.16.1/STM32CubeIDE/plugins/com.st.stm32cube.ide.mcu.externaltools.gnu-tools-for-stm32.12.3.rel1.win32_1.0.200.202406191623/tools/bin/../lib/gcc/arm-none-eabi/12.3.1/../../../../arm-none-eabi/lib/thumb/v6-m/nofp\libc_nano.a
LOAD D:/ST/STM32CubeIDE_1.16.1/STM32CubeIDE/plugins/com.st.stm32cube.ide.mcu.externaltools.gnu-tools-for-stm32.12.3.rel1.win32_1.0.200.202406191623/tools/bin/../lib/gcc/arm-none-eabi/12.3.1/../../../../arm-none-eabi/lib/thumb/v6-m/nofp\libnosys.a
END GROUP
START GROUP
LOAD D:/ST/STM32CubeIDE_1.16.1/STM32CubeIDE/plugins/com.st.stm32cube.ide.mcu.externaltools.gnu-tools-for-stm32.12.3.rel1.win32_1.0.200.202406191623/tools/bin/../lib/gcc/arm-none-eabi/12.3.1/thumb/v6-m/nofp\libgcc.a
LOAD D:/ST/STM32CubeIDE_1.16.1/STM32CubeIDE/plugins/com.st.stm32cube.ide.mcu.externaltools.gnu-tools-for-stm32.12.3.rel1.win32_1.0.200.202406191623/tools/bin/../lib/gcc/arm-none-eabi/12.3.1/../../../../arm-none-eabi/lib/thumb/v6-m/nofp\libc_nano.a
LOAD D:/ST/STM32CubeIDE_1.16.1/STM32CubeIDE/plugins/com.st.stm32cube.ide.mcu.externaltools.gnu-tools-for-stm32.12.3.rel1.win32_1.0.200.202406191623/tools/bin/../lib/gcc/arm-none-eabi/12.3.1/../../../../arm-none-eabi/lib/thumb/v6-m/nofp\libnosys.a
END GROUP
LOAD D:/ST/STM32CubeIDE_1.16.1/STM32CubeIDE/plugins/com.st.stm32cube.ide.mcu.externaltools.gnu-tools-for-stm32.12.3.rel1.win32_1.0.200.202406191623/tools/bin/../lib/gcc/arm-none-eabi/12.3.1/thumb/v6-m/nofp/crtend.o
LOAD D:/ST/STM32CubeIDE_1.16.1/STM32CubeIDE/plugins/com.st.stm32cube.ide.mcu.externaltools.gnu-tools-for-stm32.12.3.rel1.win32_1.0.200.202406191623/tools/bin/../lib/gcc/arm-none-eabi/12.3.1/thumb/v6-m/nofp/crtn.o
                0x20004000                        _estack = (ORIGIN (RAM) + LENGTH (RAM))
                0x00000200                        _Min_Heap_Size = 0x200
                0x00000400                        _Min_Stack_Size = 0x400

.isr_vector     0x08000000       0xc0
                0x08000000                        . = ALIGN (0x4)
 *(.isr_vector)
 .isr_vector    0x08000000       0xc0 ./Core/Startup/startup_stm32f072c8tx.o
                0x08000000                g_pfnVectors
                0x080000c0                        . = ALIGN (0x4)

.text           0x080000c0     0x3708
                0x080000c0                        . = ALIGN (0x4)
 *(.text)
 .text          0x080000c0       0x48 D:/ST/STM32CubeIDE_1.16.1/STM32CubeIDE/plugins/com.st.stm32cube.ide.mcu.externaltools.gnu-tools-for-stm32.12.3.rel1.win32_1.0.200.202406191623/tools/bin/../lib/gcc/arm-none-eabi/12.3.1/thumb/v6-m/nofp/crtbegin.o
 .text          0x08000108      0x114 D:/ST/STM32CubeIDE_1.16.1/STM32CubeIDE/plugins/com.st.stm32cube.ide.mcu.externaltools.gnu-tools-for-stm32.12.3.rel1.win32_1.0.200.202406191623/tools/bin/../lib/gcc/arm-none-eabi/12.3.1/thumb/v6-m/nofp\libgcc.a(_udivsi3.o)
                0x08000108                __aeabi_uidiv
                0x08000108                __udivsi3
                0x08000214                __aeabi_uidivmod
 .text          0x0800021c        0x4 D:/ST/STM32CubeIDE_1.16.1/STM32CubeIDE/plugins/com.st.stm32cube.ide.mcu.externaltools.gnu-tools-for-stm32.12.3.rel1.win32_1.0.200.202406191623/tools/bin/../lib/gcc/arm-none-eabi/12.3.1/thumb/v6-m/nofp\libgcc.a(_dvmd_tls.o)
                0x0800021c                __aeabi_idiv0
                0x0800021c                __aeabi_ldiv0
 *(.text*)
 .text.MX_GPIO_Init
                0x08000220       0x68 ./Core/Src/gpio.o
                0x08000220                MX_GPIO_Init
 .text.MX_I2C1_Init
                0x08000288       0x80 ./Core/Src/i2c.o
                0x08000288                MX_I2C1_Init
 .text.HAL_I2C_MspInit
                0x08000308       0x9c ./Core/Src/i2c.o
                0x08000308                HAL_I2C_MspInit
 .text.main     0x080003a4      0x12c ./Core/Src/main.o
                0x080003a4                main
 .text.SystemClock_Config
                0x080004d0       0xca ./Core/Src/main.o
                0x080004d0                SystemClock_Config
 *fill*         0x0800059a        0x2 
 .text.HAL_TIM_PeriodElapsedCallback
                0x0800059c       0x24 ./Core/Src/main.o
                0x0800059c                HAL_TIM_PeriodElapsedCallback
 .text.Error_Handler
                0x080005c0        0xc ./Core/Src/main.o
                0x080005c0                Error_Handler
 .text.OLED_I2C_Init
                0x080005cc       0x6c ./Core/Src/oled.o
                0x080005cc                OLED_I2C_Init
 .text.OLED_I2C_Start
                0x08000638       0x40 ./Core/Src/oled.o
                0x08000638                OLED_I2C_Start
 .text.OLED_I2C_Stop
                0x08000678       0x34 ./Core/Src/oled.o
                0x08000678                OLED_I2C_Stop
 .text.OLED_I2C_SendByte
                0x080006ac       0x8c ./Core/Src/oled.o
                0x080006ac                OLED_I2C_SendByte
 .text.OLED_WriteCommand
                0x08000738       0x32 ./Core/Src/oled.o
                0x08000738                OLED_WriteCommand
 .text.OLED_WriteData
                0x0800076a       0x32 ./Core/Src/oled.o
                0x0800076a                OLED_WriteData
 .text.OLED_SetCursor
                0x0800079c       0x50 ./Core/Src/oled.o
                0x0800079c                OLED_SetCursor
 .text.OLED_Clear
                0x080007ec       0x58 ./Core/Src/oled.o
                0x080007ec                OLED_Clear
 .text.OLED_ShowChar
                0x08000844       0xe4 ./Core/Src/oled.o
                0x08000844                OLED_ShowChar
 .text.OLED_Pow
                0x08000928       0x2c ./Core/Src/oled.o
                0x08000928                OLED_Pow
 .text.OLED_ShowNum
                0x08000954       0x96 ./Core/Src/oled.o
                0x08000954                OLED_ShowNum
 .text.OLED_ShowHexNum
                0x080009ea       0xc6 ./Core/Src/oled.o
                0x080009ea                OLED_ShowHexNum
 .text.OLED_ShowHexArray
                0x08000ab0       0x68 ./Core/Src/oled.o
                0x08000ab0                OLED_ShowHexArray
 .text.OLED_Init
                0x08000b18       0xcc ./Core/Src/oled.o
                0x08000b18                OLED_Init
 .text.Get_Bcc_Value
                0x08000be4       0x5a ./Core/Src/rfid.o
                0x08000be4                Get_Bcc_Value
 .text.insert_section_key
                0x08000c3e       0x20 ./Core/Src/rfid.o
                0x08000c3e                insert_section_key
 *fill*         0x08000c5e        0x2 
 .text.USART_SendArray
                0x08000c60       0x2c ./Core/Src/rfid.o
                0x08000c60                USART_SendArray
 .text.USART_ReceiveArray
                0x08000c8c       0x60 ./Core/Src/rfid.o
                0x08000c8c                USART_ReceiveArray
 .text.USART_ReceiveData
                0x08000cec       0x6c ./Core/Src/rfid.o
                0x08000cec                USART_ReceiveData
 .text.RFID_Rc523_Config
                0x08000d58      0x1b0 ./Core/Src/rfid.o
                0x08000d58                RFID_Rc523_Config
 .text.RFID_Rc523_Read_Block
                0x08000f08       0xb4 ./Core/Src/rfid.o
                0x08000f08                RFID_Rc523_Read_Block
 .text.rfid_read_channel_data
                0x08000fbc       0xdc ./Core/Src/rfid.o
                0x08000fbc                rfid_read_channel_data
 .text.HAL_MspInit
                0x08001098       0x48 ./Core/Src/stm32f0xx_hal_msp.o
                0x08001098                HAL_MspInit
 .text.HAL_InitTick
                0x080010e0      0x10c ./Core/Src/stm32f0xx_hal_timebase_tim.o
                0x080010e0                HAL_InitTick
 .text.NMI_Handler
                0x080011ec        0x8 ./Core/Src/stm32f0xx_it.o
                0x080011ec                NMI_Handler
 .text.HardFault_Handler
                0x080011f4        0x8 ./Core/Src/stm32f0xx_it.o
                0x080011f4                HardFault_Handler
 .text.SVC_Handler
                0x080011fc        0xa ./Core/Src/stm32f0xx_it.o
                0x080011fc                SVC_Handler
 .text.PendSV_Handler
                0x08001206        0xa ./Core/Src/stm32f0xx_it.o
                0x08001206                PendSV_Handler
 .text.SysTick_Handler
                0x08001210        0xa ./Core/Src/stm32f0xx_it.o
                0x08001210                SysTick_Handler
 *fill*         0x0800121a        0x2 
 .text.TIM1_BRK_UP_TRG_COM_IRQHandler
                0x0800121c       0x18 ./Core/Src/stm32f0xx_it.o
                0x0800121c                TIM1_BRK_UP_TRG_COM_IRQHandler
 .text.SystemInit
                0x08001234        0xa ./Core/Src/system_stm32f0xx.o
                0x08001234                SystemInit
 *fill*         0x0800123e        0x2 
 .text.MX_USART1_UART_Init
                0x08001240       0x60 ./Core/Src/usart.o
                0x08001240                MX_USART1_UART_Init
 .text.HAL_UART_MspInit
                0x080012a0       0x9c ./Core/Src/usart.o
                0x080012a0                HAL_UART_MspInit
 .text.Reset_Handler
                0x0800133c       0x50 ./Core/Startup/startup_stm32f072c8tx.o
                0x0800133c                Reset_Handler
 .text.Default_Handler
                0x0800138c        0x2 ./Core/Startup/startup_stm32f072c8tx.o
                0x0800138c                TIM1_CC_IRQHandler
                0x0800138c                TSC_IRQHandler
                0x0800138c                ADC1_COMP_IRQHandler
                0x0800138c                I2C1_IRQHandler
                0x0800138c                RCC_CRS_IRQHandler
                0x0800138c                SPI1_IRQHandler
                0x0800138c                TIM6_DAC_IRQHandler
                0x0800138c                USART3_4_IRQHandler
                0x0800138c                EXTI2_3_IRQHandler
                0x0800138c                I2C2_IRQHandler
                0x0800138c                TIM17_IRQHandler
                0x0800138c                CEC_CAN_IRQHandler
                0x0800138c                RTC_IRQHandler
                0x0800138c                PVD_VDDIO2_IRQHandler
                0x0800138c                DMA1_Channel4_5_6_7_IRQHandler
                0x0800138c                TIM16_IRQHandler
                0x0800138c                TIM3_IRQHandler
                0x0800138c                EXTI4_15_IRQHandler
                0x0800138c                DMA1_Channel1_IRQHandler
                0x0800138c                Default_Handler
                0x0800138c                TIM14_IRQHandler
                0x0800138c                TIM7_IRQHandler
                0x0800138c                TIM15_IRQHandler
                0x0800138c                EXTI0_1_IRQHandler
                0x0800138c                USB_IRQHandler
                0x0800138c                SPI2_IRQHandler
                0x0800138c                WWDG_IRQHandler
                0x0800138c                TIM2_IRQHandler
                0x0800138c                DMA1_Channel2_3_IRQHandler
                0x0800138c                USART2_IRQHandler
                0x0800138c                FLASH_IRQHandler
                0x0800138c                USART1_IRQHandler
 *fill*         0x0800138e        0x2 
 .text.HAL_Init
                0x08001390       0x28 ./Drivers/STM32F0xx_HAL_Driver/Src/stm32f0xx_hal.o
                0x08001390                HAL_Init
 .text.HAL_IncTick
                0x080013b8       0x24 ./Drivers/STM32F0xx_HAL_Driver/Src/stm32f0xx_hal.o
                0x080013b8                HAL_IncTick
 .text.HAL_GetTick
                0x080013dc       0x14 ./Drivers/STM32F0xx_HAL_Driver/Src/stm32f0xx_hal.o
                0x080013dc                HAL_GetTick
 .text.HAL_Delay
                0x080013f0       0x48 ./Drivers/STM32F0xx_HAL_Driver/Src/stm32f0xx_hal.o
                0x080013f0                HAL_Delay
 .text.__NVIC_EnableIRQ
                0x08001438       0x34 ./Drivers/STM32F0xx_HAL_Driver/Src/stm32f0xx_hal_cortex.o
 .text.__NVIC_SetPriority
                0x0800146c       0xdc ./Drivers/STM32F0xx_HAL_Driver/Src/stm32f0xx_hal_cortex.o
 .text.HAL_NVIC_SetPriority
                0x08001548       0x2a ./Drivers/STM32F0xx_HAL_Driver/Src/stm32f0xx_hal_cortex.o
                0x08001548                HAL_NVIC_SetPriority
 .text.HAL_NVIC_EnableIRQ
                0x08001572       0x20 ./Drivers/STM32F0xx_HAL_Driver/Src/stm32f0xx_hal_cortex.o
                0x08001572                HAL_NVIC_EnableIRQ
 *fill*         0x08001592        0x2 
 .text.HAL_GPIO_Init
                0x08001594      0x2f0 ./Drivers/STM32F0xx_HAL_Driver/Src/stm32f0xx_hal_gpio.o
                0x08001594                HAL_GPIO_Init
 .text.HAL_GPIO_WritePin
                0x08001884       0x3a ./Drivers/STM32F0xx_HAL_Driver/Src/stm32f0xx_hal_gpio.o
                0x08001884                HAL_GPIO_WritePin
 *fill*         0x080018be        0x2 
 .text.HAL_I2C_Init
                0x080018c0      0x14c ./Drivers/STM32F0xx_HAL_Driver/Src/stm32f0xx_hal_i2c.o
                0x080018c0                HAL_I2C_Init
 .text.HAL_I2CEx_ConfigAnalogFilter
                0x08001a0c       0x98 ./Drivers/STM32F0xx_HAL_Driver/Src/stm32f0xx_hal_i2c_ex.o
                0x08001a0c                HAL_I2CEx_ConfigAnalogFilter
 .text.HAL_I2CEx_ConfigDigitalFilter
                0x08001aa4       0x98 ./Drivers/STM32F0xx_HAL_Driver/Src/stm32f0xx_hal_i2c_ex.o
                0x08001aa4                HAL_I2CEx_ConfigDigitalFilter
 .text.HAL_RCC_OscConfig
                0x08001b3c      0x70c ./Drivers/STM32F0xx_HAL_Driver/Src/stm32f0xx_hal_rcc.o
                0x08001b3c                HAL_RCC_OscConfig
 .text.HAL_RCC_ClockConfig
                0x08002248      0x1b4 ./Drivers/STM32F0xx_HAL_Driver/Src/stm32f0xx_hal_rcc.o
                0x08002248                HAL_RCC_ClockConfig
 .text.HAL_RCC_GetSysClockFreq
                0x080023fc       0xe4 ./Drivers/STM32F0xx_HAL_Driver/Src/stm32f0xx_hal_rcc.o
                0x080023fc                HAL_RCC_GetSysClockFreq
 .text.HAL_RCC_GetHCLKFreq
                0x080024e0       0x14 ./Drivers/STM32F0xx_HAL_Driver/Src/stm32f0xx_hal_rcc.o
                0x080024e0                HAL_RCC_GetHCLKFreq
 .text.HAL_RCC_GetPCLK1Freq
                0x080024f4       0x2c ./Drivers/STM32F0xx_HAL_Driver/Src/stm32f0xx_hal_rcc.o
                0x080024f4                HAL_RCC_GetPCLK1Freq
 .text.HAL_RCC_GetClockConfig
                0x08002520       0x54 ./Drivers/STM32F0xx_HAL_Driver/Src/stm32f0xx_hal_rcc.o
                0x08002520                HAL_RCC_GetClockConfig
 .text.HAL_RCCEx_PeriphCLKConfig
                0x08002574      0x1fc ./Drivers/STM32F0xx_HAL_Driver/Src/stm32f0xx_hal_rcc_ex.o
                0x08002574                HAL_RCCEx_PeriphCLKConfig
 .text.HAL_TIM_Base_Init
                0x08002770       0xa0 ./Drivers/STM32F0xx_HAL_Driver/Src/stm32f0xx_hal_tim.o
                0x08002770                HAL_TIM_Base_Init
 .text.HAL_TIM_Base_MspInit
                0x08002810       0x10 ./Drivers/STM32F0xx_HAL_Driver/Src/stm32f0xx_hal_tim.o
                0x08002810                HAL_TIM_Base_MspInit
 .text.HAL_TIM_Base_Start_IT
                0x08002820       0xa4 ./Drivers/STM32F0xx_HAL_Driver/Src/stm32f0xx_hal_tim.o
                0x08002820                HAL_TIM_Base_Start_IT
 .text.HAL_TIM_IRQHandler
                0x080028c4      0x1dc ./Drivers/STM32F0xx_HAL_Driver/Src/stm32f0xx_hal_tim.o
                0x080028c4                HAL_TIM_IRQHandler
 .text.HAL_TIM_OC_DelayElapsedCallback
                0x08002aa0       0x10 ./Drivers/STM32F0xx_HAL_Driver/Src/stm32f0xx_hal_tim.o
                0x08002aa0                HAL_TIM_OC_DelayElapsedCallback
 .text.HAL_TIM_IC_CaptureCallback
                0x08002ab0       0x10 ./Drivers/STM32F0xx_HAL_Driver/Src/stm32f0xx_hal_tim.o
                0x08002ab0                HAL_TIM_IC_CaptureCallback
 .text.HAL_TIM_PWM_PulseFinishedCallback
                0x08002ac0       0x10 ./Drivers/STM32F0xx_HAL_Driver/Src/stm32f0xx_hal_tim.o
                0x08002ac0                HAL_TIM_PWM_PulseFinishedCallback
 .text.HAL_TIM_TriggerCallback
                0x08002ad0       0x10 ./Drivers/STM32F0xx_HAL_Driver/Src/stm32f0xx_hal_tim.o
                0x08002ad0                HAL_TIM_TriggerCallback
 .text.TIM_Base_SetConfig
                0x08002ae0      0x11c ./Drivers/STM32F0xx_HAL_Driver/Src/stm32f0xx_hal_tim.o
                0x08002ae0                TIM_Base_SetConfig
 .text.HAL_TIMEx_CommutCallback
                0x08002bfc       0x10 ./Drivers/STM32F0xx_HAL_Driver/Src/stm32f0xx_hal_tim_ex.o
                0x08002bfc                HAL_TIMEx_CommutCallback
 .text.HAL_TIMEx_BreakCallback
                0x08002c0c       0x10 ./Drivers/STM32F0xx_HAL_Driver/Src/stm32f0xx_hal_tim_ex.o
                0x08002c0c                HAL_TIMEx_BreakCallback
 .text.HAL_UART_Init
                0x08002c1c       0xa8 ./Drivers/STM32F0xx_HAL_Driver/Src/stm32f0xx_hal_uart.o
                0x08002c1c                HAL_UART_Init
 .text.HAL_UART_Transmit
                0x08002cc4      0x13e ./Drivers/STM32F0xx_HAL_Driver/Src/stm32f0xx_hal_uart.o
                0x08002cc4                HAL_UART_Transmit
 *fill*         0x08002e02        0x2 
 .text.HAL_UART_Receive
                0x08002e04      0x1d0 ./Drivers/STM32F0xx_HAL_Driver/Src/stm32f0xx_hal_uart.o
                0x08002e04                HAL_UART_Receive
 .text.UART_SetConfig
                0x08002fd4      0x310 ./Drivers/STM32F0xx_HAL_Driver/Src/stm32f0xx_hal_uart.o
                0x08002fd4                UART_SetConfig
 .text.UART_AdvFeatureConfig
                0x080032e4      0x168 ./Drivers/STM32F0xx_HAL_Driver/Src/stm32f0xx_hal_uart.o
                0x080032e4                UART_AdvFeatureConfig
 .text.UART_CheckIdleState
                0x0800344c      0x150 ./Drivers/STM32F0xx_HAL_Driver/Src/stm32f0xx_hal_uart.o
                0x0800344c                UART_CheckIdleState
 .text.UART_WaitOnFlagUntilTimeout
                0x0800359c       0xde ./Drivers/STM32F0xx_HAL_Driver/Src/stm32f0xx_hal_uart.o
                0x0800359c                UART_WaitOnFlagUntilTimeout
 *fill*         0x0800367a        0x2 
 .text.UART_EndRxTransfer
                0x0800367c       0xc8 ./Drivers/STM32F0xx_HAL_Driver/Src/stm32f0xx_hal_uart.o
 .text.memset   0x08003744       0x10 D:/ST/STM32CubeIDE_1.16.1/STM32CubeIDE/plugins/com.st.stm32cube.ide.mcu.externaltools.gnu-tools-for-stm32.12.3.rel1.win32_1.0.200.202406191623/tools/bin/../lib/gcc/arm-none-eabi/12.3.1/../../../../arm-none-eabi/lib/thumb/v6-m/nofp\libc_nano.a(libc_a-memset.o)
                0x08003744                memset
 .text.__libc_init_array
                0x08003754       0x48 D:/ST/STM32CubeIDE_1.16.1/STM32CubeIDE/plugins/com.st.stm32cube.ide.mcu.externaltools.gnu-tools-for-stm32.12.3.rel1.win32_1.0.200.202406191623/tools/bin/../lib/gcc/arm-none-eabi/12.3.1/../../../../arm-none-eabi/lib/thumb/v6-m/nofp\libc_nano.a(libc_a-init.o)
                0x08003754                __libc_init_array
 .text.memcpy   0x0800379c       0x12 D:/ST/STM32CubeIDE_1.16.1/STM32CubeIDE/plugins/com.st.stm32cube.ide.mcu.externaltools.gnu-tools-for-stm32.12.3.rel1.win32_1.0.200.202406191623/tools/bin/../lib/gcc/arm-none-eabi/12.3.1/../../../../arm-none-eabi/lib/thumb/v6-m/nofp\libc_nano.a(libc_a-memcpy-stub.o)
                0x0800379c                memcpy
 *(.glue_7)
 .glue_7        0x080037ae        0x0 linker stubs
 *(.glue_7t)
 .glue_7t       0x080037ae        0x0 linker stubs
 *(.eh_frame)
 *fill*         0x080037ae        0x2 
 .eh_frame      0x080037b0        0x0 D:/ST/STM32CubeIDE_1.16.1/STM32CubeIDE/plugins/com.st.stm32cube.ide.mcu.externaltools.gnu-tools-for-stm32.12.3.rel1.win32_1.0.200.202406191623/tools/bin/../lib/gcc/arm-none-eabi/12.3.1/thumb/v6-m/nofp/crtbegin.o
 *(.init)
 .init          0x080037b0        0x4 D:/ST/STM32CubeIDE_1.16.1/STM32CubeIDE/plugins/com.st.stm32cube.ide.mcu.externaltools.gnu-tools-for-stm32.12.3.rel1.win32_1.0.200.202406191623/tools/bin/../lib/gcc/arm-none-eabi/12.3.1/thumb/v6-m/nofp/crti.o
                0x080037b0                _init
 .init          0x080037b4        0x8 D:/ST/STM32CubeIDE_1.16.1/STM32CubeIDE/plugins/com.st.stm32cube.ide.mcu.externaltools.gnu-tools-for-stm32.12.3.rel1.win32_1.0.200.202406191623/tools/bin/../lib/gcc/arm-none-eabi/12.3.1/thumb/v6-m/nofp/crtn.o
 *(.fini)
 .fini          0x080037bc        0x4 D:/ST/STM32CubeIDE_1.16.1/STM32CubeIDE/plugins/com.st.stm32cube.ide.mcu.externaltools.gnu-tools-for-stm32.12.3.rel1.win32_1.0.200.202406191623/tools/bin/../lib/gcc/arm-none-eabi/12.3.1/thumb/v6-m/nofp/crti.o
                0x080037bc                _fini
 .fini          0x080037c0        0x8 D:/ST/STM32CubeIDE_1.16.1/STM32CubeIDE/plugins/com.st.stm32cube.ide.mcu.externaltools.gnu-tools-for-stm32.12.3.rel1.win32_1.0.200.202406191623/tools/bin/../lib/gcc/arm-none-eabi/12.3.1/thumb/v6-m/nofp/crtn.o
                0x080037c8                        . = ALIGN (0x4)
                0x080037c8                        _etext = .

.vfp11_veneer   0x080037c8        0x0
 .vfp11_veneer  0x080037c8        0x0 linker stubs

.v4_bx          0x080037c8        0x0
 .v4_bx         0x080037c8        0x0 linker stubs

.iplt           0x080037c8        0x0
 .iplt          0x080037c8        0x0 D:/ST/STM32CubeIDE_1.16.1/STM32CubeIDE/plugins/com.st.stm32cube.ide.mcu.externaltools.gnu-tools-for-stm32.12.3.rel1.win32_1.0.200.202406191623/tools/bin/../lib/gcc/arm-none-eabi/12.3.1/thumb/v6-m/nofp/crtbegin.o

.rodata         0x080037c8      0x634
                0x080037c8                        . = ALIGN (0x4)
 *(.rodata)
 .rodata        0x080037c8        0xc ./Core/Src/main.o
 *(.rodata*)
 .rodata.OLED_F8x16
                0x080037d4      0x5f0 ./Core/Src/oled.o
                0x080037d4                OLED_F8x16
 .rodata.AHBPrescTable
                0x08003dc4       0x10 ./Core/Src/system_stm32f0xx.o
                0x08003dc4                AHBPrescTable
 .rodata.APBPrescTable
                0x08003dd4        0x8 ./Core/Src/system_stm32f0xx.o
                0x08003dd4                APBPrescTable
 .rodata.aPLLMULFactorTable.1
                0x08003ddc       0x10 ./Drivers/STM32F0xx_HAL_Driver/Src/stm32f0xx_hal_rcc.o
 .rodata.aPredivFactorTable.0
                0x08003dec       0x10 ./Drivers/STM32F0xx_HAL_Driver/Src/stm32f0xx_hal_rcc.o
                0x08003dfc                        . = ALIGN (0x4)

.ARM.extab      0x08003dfc        0x0
                0x08003dfc                        . = ALIGN (0x4)
 *(.ARM.extab* .gnu.linkonce.armextab.*)
                0x08003dfc                        . = ALIGN (0x4)

.ARM            0x08003dfc        0x0
                0x08003dfc                        . = ALIGN (0x4)
                0x08003dfc                        __exidx_start = .
 *(.ARM.exidx*)
                0x08003dfc                        __exidx_end = .
                0x08003dfc                        . = ALIGN (0x4)

.preinit_array  0x08003dfc        0x0
                0x08003dfc                        . = ALIGN (0x4)
                0x08003dfc                        PROVIDE (__preinit_array_start = .)
 *(.preinit_array*)
                0x08003dfc                        PROVIDE (__preinit_array_end = .)
                0x08003dfc                        . = ALIGN (0x4)

.init_array     0x08003dfc        0x4
                0x08003dfc                        . = ALIGN (0x4)
                0x08003dfc                        PROVIDE (__init_array_start = .)
 *(SORT_BY_NAME(.init_array.*))
 *(.init_array*)
 .init_array    0x08003dfc        0x4 D:/ST/STM32CubeIDE_1.16.1/STM32CubeIDE/plugins/com.st.stm32cube.ide.mcu.externaltools.gnu-tools-for-stm32.12.3.rel1.win32_1.0.200.202406191623/tools/bin/../lib/gcc/arm-none-eabi/12.3.1/thumb/v6-m/nofp/crtbegin.o
                0x08003e00                        PROVIDE (__init_array_end = .)
                0x08003e00                        . = ALIGN (0x4)

.fini_array     0x08003e00        0x4
                0x08003e00                        . = ALIGN (0x4)
                [!provide]                        PROVIDE (__fini_array_start = .)
 *(SORT_BY_NAME(.fini_array.*))
 *(.fini_array*)
 .fini_array    0x08003e00        0x4 D:/ST/STM32CubeIDE_1.16.1/STM32CubeIDE/plugins/com.st.stm32cube.ide.mcu.externaltools.gnu-tools-for-stm32.12.3.rel1.win32_1.0.200.202406191623/tools/bin/../lib/gcc/arm-none-eabi/12.3.1/thumb/v6-m/nofp/crtbegin.o
                [!provide]                        PROVIDE (__fini_array_end = .)
                0x08003e04                        . = ALIGN (0x4)
                0x08003e04                        _sidata = LOADADDR (.data)

.rel.dyn        0x08003e04        0x0
 .rel.iplt      0x08003e04        0x0 D:/ST/STM32CubeIDE_1.16.1/STM32CubeIDE/plugins/com.st.stm32cube.ide.mcu.externaltools.gnu-tools-for-stm32.12.3.rel1.win32_1.0.200.202406191623/tools/bin/../lib/gcc/arm-none-eabi/12.3.1/thumb/v6-m/nofp/crtbegin.o

.data           0x20000000       0x5c load address 0x08003e04
                0x20000000                        . = ALIGN (0x4)
                0x20000000                        _sdata = .
 *(.data)
 *(.data*)
 .data.section_key
                0x20000000        0x6 ./Core/Src/rfid.o
                0x20000000                section_key
 *fill*         0x20000006        0x2 
 .data.Config_ModuleAddr
                0x20000008        0x6 ./Core/Src/rfid.o
                0x20000008                Config_ModuleAddr
 *fill*         0x2000000e        0x2 
 .data.Config_ICType
                0x20000010        0x6 ./Core/Src/rfid.o
                0x20000010                Config_ICType
 *fill*         0x20000016        0x2 
 .data.Config_AutoReadID
                0x20000018        0x6 ./Core/Src/rfid.o
                0x20000018                Config_AutoReadID
 *fill*         0x2000001e        0x2 
 .data.Config_FilterCopyCard
                0x20000020        0x6 ./Core/Src/rfid.o
                0x20000020                Config_FilterCopyCard
 *fill*         0x20000026        0x2 
 .data.Config_ChannelNum
                0x20000028        0x6 ./Core/Src/rfid.o
                0x20000028                Config_ChannelNum
 *fill*         0x2000002e        0x2 
 .data.Config_SectionPassward
                0x20000030        0xe ./Core/Src/rfid.o
                0x20000030                Config_SectionPassward
 *fill*         0x2000003e        0x2 
 .data.Command_ReadData
                0x20000040        0xf ./Core/Src/rfid.o
                0x20000040                Command_ReadData
 *fill*         0x2000004f        0x1 
 .data.SystemCoreClock
                0x20000050        0x4 ./Core/Src/system_stm32f0xx.o
                0x20000050                SystemCoreClock
 .data.uwTickPrio
                0x20000054        0x4 ./Drivers/STM32F0xx_HAL_Driver/Src/stm32f0xx_hal.o
                0x20000054                uwTickPrio
 .data.uwTickFreq
                0x20000058        0x1 ./Drivers/STM32F0xx_HAL_Driver/Src/stm32f0xx_hal.o
                0x20000058                uwTickFreq
 *(.RamFunc)
 *(.RamFunc*)
                0x2000005c                        . = ALIGN (0x4)
 *fill*         0x20000059        0x3 
                0x2000005c                        _edata = .

.igot.plt       0x2000005c        0x0 load address 0x08003e60
 .igot.plt      0x2000005c        0x0 D:/ST/STM32CubeIDE_1.16.1/STM32CubeIDE/plugins/com.st.stm32cube.ide.mcu.externaltools.gnu-tools-for-stm32.12.3.rel1.win32_1.0.200.202406191623/tools/bin/../lib/gcc/arm-none-eabi/12.3.1/thumb/v6-m/nofp/crtbegin.o
                0x2000005c                        . = ALIGN (0x4)

.bss            0x2000005c      0x178 load address 0x08003e60
                0x2000005c                        _sbss = .
                0x2000005c                        __bss_start__ = _sbss
 *(.bss)
 .bss           0x2000005c       0x1c D:/ST/STM32CubeIDE_1.16.1/STM32CubeIDE/plugins/com.st.stm32cube.ide.mcu.externaltools.gnu-tools-for-stm32.12.3.rel1.win32_1.0.200.202406191623/tools/bin/../lib/gcc/arm-none-eabi/12.3.1/thumb/v6-m/nofp/crtbegin.o
 *(.bss*)
 .bss.hi2c1     0x20000078       0x54 ./Core/Src/i2c.o
                0x20000078                hi2c1
 .bss.IsReadDataFlag
                0x200000cc        0x1 ./Core/Src/rfid.o
                0x200000cc                IsReadDataFlag
 *fill*         0x200000cd        0x3 
 .bss.config_respond
                0x200000d0        0x6 ./Core/Src/rfid.o
                0x200000d0                config_respond
 *fill*         0x200000d6        0x2 
 .bss.ReadData_HaveICRespond
                0x200000d8       0x1d ./Core/Src/rfid.o
                0x200000d8                ReadData_HaveICRespond
 *fill*         0x200000f5        0x3 
 .bss.ReadData_NOICRespond
                0x200000f8        0x7 ./Core/Src/rfid.o
                0x200000f8                ReadData_NOICRespond
 *fill*         0x200000ff        0x1 
 .bss.htim1     0x20000100       0x48 ./Core/Src/stm32f0xx_hal_timebase_tim.o
                0x20000100                htim1
 .bss.huart1    0x20000148       0x88 ./Core/Src/usart.o
                0x20000148                huart1
 .bss.uwTick    0x200001d0        0x4 ./Drivers/STM32F0xx_HAL_Driver/Src/stm32f0xx_hal.o
                0x200001d0                uwTick
 *(COMMON)
                0x200001d4                        . = ALIGN (0x4)
                0x200001d4                        _ebss = .
                0x200001d4                        __bss_end__ = _ebss

._user_heap_stack
                0x200001d4      0x604 load address 0x08003e60
                0x200001d8                        . = ALIGN (0x8)
 *fill*         0x200001d4        0x4 
                [!provide]                        PROVIDE (end = .)
                0x200001d8                        PROVIDE (_end = .)
                0x200003d8                        . = (. + _Min_Heap_Size)
 *fill*         0x200001d8      0x200 
                0x200007d8                        . = (. + _Min_Stack_Size)
 *fill*         0x200003d8      0x400 
                0x200007d8                        . = ALIGN (0x8)

/DISCARD/
 libc.a(*)
 libm.a(*)
 libgcc.a(*)

.ARM.attributes
                0x00000000       0x28
 *(.ARM.attributes)
 .ARM.attributes
                0x00000000       0x1e D:/ST/STM32CubeIDE_1.16.1/STM32CubeIDE/plugins/com.st.stm32cube.ide.mcu.externaltools.gnu-tools-for-stm32.12.3.rel1.win32_1.0.200.202406191623/tools/bin/../lib/gcc/arm-none-eabi/12.3.1/thumb/v6-m/nofp/crti.o
 .ARM.attributes
                0x0000001e       0x2c D:/ST/STM32CubeIDE_1.16.1/STM32CubeIDE/plugins/com.st.stm32cube.ide.mcu.externaltools.gnu-tools-for-stm32.12.3.rel1.win32_1.0.200.202406191623/tools/bin/../lib/gcc/arm-none-eabi/12.3.1/thumb/v6-m/nofp/crtbegin.o
 .ARM.attributes
                0x0000004a       0x2c ./Core/Src/gpio.o
 .ARM.attributes
                0x00000076       0x2c ./Core/Src/i2c.o
 .ARM.attributes
                0x000000a2       0x2c ./Core/Src/main.o
 .ARM.attributes
                0x000000ce       0x2c ./Core/Src/oled.o
 .ARM.attributes
                0x000000fa       0x2c ./Core/Src/rfid.o
 .ARM.attributes
                0x00000126       0x2c ./Core/Src/stm32f0xx_hal_msp.o
 .ARM.attributes
                0x00000152       0x2c ./Core/Src/stm32f0xx_hal_timebase_tim.o
 .ARM.attributes
                0x0000017e       0x2c ./Core/Src/stm32f0xx_it.o
 .ARM.attributes
                0x000001aa       0x2c ./Core/Src/system_stm32f0xx.o
 .ARM.attributes
                0x000001d6       0x2c ./Core/Src/usart.o
 .ARM.attributes
                0x00000202       0x21 ./Core/Startup/startup_stm32f072c8tx.o
 .ARM.attributes
                0x00000223       0x2c ./Drivers/STM32F0xx_HAL_Driver/Src/stm32f0xx_hal.o
 .ARM.attributes
                0x0000024f       0x2c ./Drivers/STM32F0xx_HAL_Driver/Src/stm32f0xx_hal_cortex.o
 .ARM.attributes
                0x0000027b       0x2c ./Drivers/STM32F0xx_HAL_Driver/Src/stm32f0xx_hal_gpio.o
 .ARM.attributes
                0x000002a7       0x2c ./Drivers/STM32F0xx_HAL_Driver/Src/stm32f0xx_hal_i2c.o
 .ARM.attributes
                0x000002d3       0x2c ./Drivers/STM32F0xx_HAL_Driver/Src/stm32f0xx_hal_i2c_ex.o
 .ARM.attributes
                0x000002ff       0x2c ./Drivers/STM32F0xx_HAL_Driver/Src/stm32f0xx_hal_rcc.o
 .ARM.attributes
                0x0000032b       0x2c ./Drivers/STM32F0xx_HAL_Driver/Src/stm32f0xx_hal_rcc_ex.o
 .ARM.attributes
                0x00000357       0x2c ./Drivers/STM32F0xx_HAL_Driver/Src/stm32f0xx_hal_tim.o
 .ARM.attributes
                0x00000383       0x2c ./Drivers/STM32F0xx_HAL_Driver/Src/stm32f0xx_hal_tim_ex.o
 .ARM.attributes
                0x000003af       0x2c ./Drivers/STM32F0xx_HAL_Driver/Src/stm32f0xx_hal_uart.o
 .ARM.attributes
                0x000003db       0x2c D:/ST/STM32CubeIDE_1.16.1/STM32CubeIDE/plugins/com.st.stm32cube.ide.mcu.externaltools.gnu-tools-for-stm32.12.3.rel1.win32_1.0.200.202406191623/tools/bin/../lib/gcc/arm-none-eabi/12.3.1/../../../../arm-none-eabi/lib/thumb/v6-m/nofp\libc_nano.a(libc_a-memset.o)
 .ARM.attributes
                0x00000407       0x2c D:/ST/STM32CubeIDE_1.16.1/STM32CubeIDE/plugins/com.st.stm32cube.ide.mcu.externaltools.gnu-tools-for-stm32.12.3.rel1.win32_1.0.200.202406191623/tools/bin/../lib/gcc/arm-none-eabi/12.3.1/../../../../arm-none-eabi/lib/thumb/v6-m/nofp\libc_nano.a(libc_a-init.o)
 .ARM.attributes
                0x00000433       0x2c D:/ST/STM32CubeIDE_1.16.1/STM32CubeIDE/plugins/com.st.stm32cube.ide.mcu.externaltools.gnu-tools-for-stm32.12.3.rel1.win32_1.0.200.202406191623/tools/bin/../lib/gcc/arm-none-eabi/12.3.1/../../../../arm-none-eabi/lib/thumb/v6-m/nofp\libc_nano.a(libc_a-memcpy-stub.o)
 .ARM.attributes
                0x0000045f       0x1e D:/ST/STM32CubeIDE_1.16.1/STM32CubeIDE/plugins/com.st.stm32cube.ide.mcu.externaltools.gnu-tools-for-stm32.12.3.rel1.win32_1.0.200.202406191623/tools/bin/../lib/gcc/arm-none-eabi/12.3.1/thumb/v6-m/nofp\libgcc.a(_udivsi3.o)
 .ARM.attributes
                0x0000047d       0x1e D:/ST/STM32CubeIDE_1.16.1/STM32CubeIDE/plugins/com.st.stm32cube.ide.mcu.externaltools.gnu-tools-for-stm32.12.3.rel1.win32_1.0.200.202406191623/tools/bin/../lib/gcc/arm-none-eabi/12.3.1/thumb/v6-m/nofp\libgcc.a(_dvmd_tls.o)
 .ARM.attributes
                0x0000049b       0x1e D:/ST/STM32CubeIDE_1.16.1/STM32CubeIDE/plugins/com.st.stm32cube.ide.mcu.externaltools.gnu-tools-for-stm32.12.3.rel1.win32_1.0.200.202406191623/tools/bin/../lib/gcc/arm-none-eabi/12.3.1/thumb/v6-m/nofp/crtn.o
OUTPUT(RFID_IIC_Test.elf elf32-littlearm)
LOAD linker stubs
LOAD D:/ST/STM32CubeIDE_1.16.1/STM32CubeIDE/plugins/com.st.stm32cube.ide.mcu.externaltools.gnu-tools-for-stm32.12.3.rel1.win32_1.0.200.202406191623/tools/bin/../lib/gcc/arm-none-eabi/12.3.1/../../../../arm-none-eabi/lib/thumb/v6-m/nofp\libc.a
LOAD D:/ST/STM32CubeIDE_1.16.1/STM32CubeIDE/plugins/com.st.stm32cube.ide.mcu.externaltools.gnu-tools-for-stm32.12.3.rel1.win32_1.0.200.202406191623/tools/bin/../lib/gcc/arm-none-eabi/12.3.1/../../../../arm-none-eabi/lib/thumb/v6-m/nofp\libm.a
LOAD D:/ST/STM32CubeIDE_1.16.1/STM32CubeIDE/plugins/com.st.stm32cube.ide.mcu.externaltools.gnu-tools-for-stm32.12.3.rel1.win32_1.0.200.202406191623/tools/bin/../lib/gcc/arm-none-eabi/12.3.1/thumb/v6-m/nofp\libgcc.a

.debug_info     0x00000000    0x10df6
 .debug_info    0x00000000      0x1b4 ./Core/Src/gpio.o
 .debug_info    0x000001b4      0x8c0 ./Core/Src/i2c.o
 .debug_info    0x00000a74      0xaef ./Core/Src/main.o
 .debug_info    0x00001563      0xb99 ./Core/Src/oled.o
 .debug_info    0x000020fc      0xd0e ./Core/Src/rfid.o
 .debug_info    0x00002e0a      0x199 ./Core/Src/stm32f0xx_hal_msp.o
 .debug_info    0x00002fa3      0x96b ./Core/Src/stm32f0xx_hal_timebase_tim.o
 .debug_info    0x0000390e      0x652 ./Core/Src/stm32f0xx_it.o
 .debug_info    0x00003f60      0x242 ./Core/Src/system_stm32f0xx.o
 .debug_info    0x000041a2      0x928 ./Core/Src/usart.o
 .debug_info    0x00004aca       0x30 ./Core/Startup/startup_stm32f072c8tx.o
 .debug_info    0x00004afa      0x6c9 ./Drivers/STM32F0xx_HAL_Driver/Src/stm32f0xx_hal.o
 .debug_info    0x000051c3      0x6c5 ./Drivers/STM32F0xx_HAL_Driver/Src/stm32f0xx_hal_cortex.o
 .debug_info    0x00005888      0x5a6 ./Drivers/STM32F0xx_HAL_Driver/Src/stm32f0xx_hal_gpio.o
 .debug_info    0x00005e2e     0x20c5 ./Drivers/STM32F0xx_HAL_Driver/Src/stm32f0xx_hal_i2c.o
 .debug_info    0x00007ef3      0x824 ./Drivers/STM32F0xx_HAL_Driver/Src/stm32f0xx_hal_i2c_ex.o
 .debug_info    0x00008717      0x83f ./Drivers/STM32F0xx_HAL_Driver/Src/stm32f0xx_hal_rcc.o
 .debug_info    0x00008f56      0x61c ./Drivers/STM32F0xx_HAL_Driver/Src/stm32f0xx_hal_rcc_ex.o
 .debug_info    0x00009572     0x2950 ./Drivers/STM32F0xx_HAL_Driver/Src/stm32f0xx_hal_tim.o
 .debug_info    0x0000bec2     0x1492 ./Drivers/STM32F0xx_HAL_Driver/Src/stm32f0xx_hal_tim_ex.o
 .debug_info    0x0000d354     0x3aa2 ./Drivers/STM32F0xx_HAL_Driver/Src/stm32f0xx_hal_uart.o

.debug_abbrev   0x00000000     0x28b2
 .debug_abbrev  0x00000000       0xc6 ./Core/Src/gpio.o
 .debug_abbrev  0x000000c6      0x215 ./Core/Src/i2c.o
 .debug_abbrev  0x000002db      0x29c ./Core/Src/main.o
 .debug_abbrev  0x00000577      0x26e ./Core/Src/oled.o
 .debug_abbrev  0x000007e5      0x2c1 ./Core/Src/rfid.o
 .debug_abbrev  0x00000aa6       0xc6 ./Core/Src/stm32f0xx_hal_msp.o
 .debug_abbrev  0x00000b6c      0x20b ./Core/Src/stm32f0xx_hal_timebase_tim.o
 .debug_abbrev  0x00000d77      0x17d ./Core/Src/stm32f0xx_it.o
 .debug_abbrev  0x00000ef4      0x11c ./Core/Src/system_stm32f0xx.o
 .debug_abbrev  0x00001010      0x1f6 ./Core/Src/usart.o
 .debug_abbrev  0x00001206       0x24 ./Core/Startup/startup_stm32f072c8tx.o
 .debug_abbrev  0x0000122a      0x213 ./Drivers/STM32F0xx_HAL_Driver/Src/stm32f0xx_hal.o
 .debug_abbrev  0x0000143d      0x28c ./Drivers/STM32F0xx_HAL_Driver/Src/stm32f0xx_hal_cortex.o
 .debug_abbrev  0x000016c9      0x1cb ./Drivers/STM32F0xx_HAL_Driver/Src/stm32f0xx_hal_gpio.o
 .debug_abbrev  0x00001894      0x261 ./Drivers/STM32F0xx_HAL_Driver/Src/stm32f0xx_hal_i2c.o
 .debug_abbrev  0x00001af5      0x1c3 ./Drivers/STM32F0xx_HAL_Driver/Src/stm32f0xx_hal_i2c_ex.o
 .debug_abbrev  0x00001cb8      0x28c ./Drivers/STM32F0xx_HAL_Driver/Src/stm32f0xx_hal_rcc.o
 .debug_abbrev  0x00001f44      0x1a6 ./Drivers/STM32F0xx_HAL_Driver/Src/stm32f0xx_hal_rcc_ex.o
 .debug_abbrev  0x000020ea      0x278 ./Drivers/STM32F0xx_HAL_Driver/Src/stm32f0xx_hal_tim.o
 .debug_abbrev  0x00002362      0x283 ./Drivers/STM32F0xx_HAL_Driver/Src/stm32f0xx_hal_tim_ex.o
 .debug_abbrev  0x000025e5      0x2cd ./Drivers/STM32F0xx_HAL_Driver/Src/stm32f0xx_hal_uart.o

.debug_aranges  0x00000000      0xfe8
 .debug_aranges
                0x00000000       0x20 ./Core/Src/gpio.o
 .debug_aranges
                0x00000020       0x30 ./Core/Src/i2c.o
 .debug_aranges
                0x00000050       0x38 ./Core/Src/main.o
 .debug_aranges
                0x00000088       0xa0 ./Core/Src/oled.o
 .debug_aranges
                0x00000128       0x80 ./Core/Src/rfid.o
 .debug_aranges
                0x000001a8       0x20 ./Core/Src/stm32f0xx_hal_msp.o
 .debug_aranges
                0x000001c8       0x30 ./Core/Src/stm32f0xx_hal_timebase_tim.o
 .debug_aranges
                0x000001f8       0x48 ./Core/Src/stm32f0xx_it.o
 .debug_aranges
                0x00000240       0x28 ./Core/Src/system_stm32f0xx.o
 .debug_aranges
                0x00000268       0x30 ./Core/Src/usart.o
 .debug_aranges
                0x00000298       0x28 ./Core/Startup/startup_stm32f072c8tx.o
 .debug_aranges
                0x000002c0       0xd0 ./Drivers/STM32F0xx_HAL_Driver/Src/stm32f0xx_hal.o
 .debug_aranges
                0x00000390       0xc0 ./Drivers/STM32F0xx_HAL_Driver/Src/stm32f0xx_hal_cortex.o
 .debug_aranges
                0x00000450       0x58 ./Drivers/STM32F0xx_HAL_Driver/Src/stm32f0xx_hal_gpio.o
 .debug_aranges
                0x000004a8      0x2a0 ./Drivers/STM32F0xx_HAL_Driver/Src/stm32f0xx_hal_i2c.o
 .debug_aranges
                0x00000748       0x48 ./Drivers/STM32F0xx_HAL_Driver/Src/stm32f0xx_hal_i2c_ex.o
 .debug_aranges
                0x00000790       0x80 ./Drivers/STM32F0xx_HAL_Driver/Src/stm32f0xx_hal_rcc.o
 .debug_aranges
                0x00000810       0x78 ./Drivers/STM32F0xx_HAL_Driver/Src/stm32f0xx_hal_rcc_ex.o
 .debug_aranges
                0x00000888      0x3d0 ./Drivers/STM32F0xx_HAL_Driver/Src/stm32f0xx_hal_tim.o
 .debug_aranges
                0x00000c58      0x168 ./Drivers/STM32F0xx_HAL_Driver/Src/stm32f0xx_hal_tim_ex.o
 .debug_aranges
                0x00000dc0      0x228 ./Drivers/STM32F0xx_HAL_Driver/Src/stm32f0xx_hal_uart.o

.debug_rnglists
                0x00000000      0xc86
 .debug_rnglists
                0x00000000       0x13 ./Core/Src/gpio.o
 .debug_rnglists
                0x00000013       0x21 ./Core/Src/i2c.o
 .debug_rnglists
                0x00000034       0x27 ./Core/Src/main.o
 .debug_rnglists
                0x0000005b       0x7a ./Core/Src/oled.o
 .debug_rnglists
                0x000000d5       0x61 ./Core/Src/rfid.o
 .debug_rnglists
                0x00000136       0x13 ./Core/Src/stm32f0xx_hal_msp.o
 .debug_rnglists
                0x00000149       0x20 ./Core/Src/stm32f0xx_hal_timebase_tim.o
 .debug_rnglists
                0x00000169       0x31 ./Core/Src/stm32f0xx_it.o
 .debug_rnglists
                0x0000019a       0x1a ./Core/Src/system_stm32f0xx.o
 .debug_rnglists
                0x000001b4       0x20 ./Core/Src/usart.o
 .debug_rnglists
                0x000001d4       0x19 ./Core/Startup/startup_stm32f072c8tx.o
 .debug_rnglists
                0x000001ed       0x97 ./Drivers/STM32F0xx_HAL_Driver/Src/stm32f0xx_hal.o
 .debug_rnglists
                0x00000284       0x8c ./Drivers/STM32F0xx_HAL_Driver/Src/stm32f0xx_hal_cortex.o
 .debug_rnglists
                0x00000310       0x3f ./Drivers/STM32F0xx_HAL_Driver/Src/stm32f0xx_hal_gpio.o
 .debug_rnglists
                0x0000034f      0x229 ./Drivers/STM32F0xx_HAL_Driver/Src/stm32f0xx_hal_i2c.o
 .debug_rnglists
                0x00000578       0x35 ./Drivers/STM32F0xx_HAL_Driver/Src/stm32f0xx_hal_i2c_ex.o
 .debug_rnglists
                0x000005ad       0x61 ./Drivers/STM32F0xx_HAL_Driver/Src/stm32f0xx_hal_rcc.o
 .debug_rnglists
                0x0000060e       0x5b ./Drivers/STM32F0xx_HAL_Driver/Src/stm32f0xx_hal_rcc_ex.o
 .debug_rnglists
                0x00000669      0x31c ./Drivers/STM32F0xx_HAL_Driver/Src/stm32f0xx_hal_tim.o
 .debug_rnglists
                0x00000985      0x126 ./Drivers/STM32F0xx_HAL_Driver/Src/stm32f0xx_hal_tim_ex.o
 .debug_rnglists
                0x00000aab      0x1db ./Drivers/STM32F0xx_HAL_Driver/Src/stm32f0xx_hal_uart.o

.debug_macro    0x00000000    0x1ab80
 .debug_macro   0x00000000      0x1d6 ./Core/Src/gpio.o
 .debug_macro   0x000001d6      0xa8a ./Core/Src/gpio.o
 .debug_macro   0x00000c60      0x133 ./Core/Src/gpio.o
 .debug_macro   0x00000d93       0x2e ./Core/Src/gpio.o
 .debug_macro   0x00000dc1       0x22 ./Core/Src/gpio.o
 .debug_macro   0x00000de3       0x22 ./Core/Src/gpio.o
 .debug_macro   0x00000e05       0x8e ./Core/Src/gpio.o
 .debug_macro   0x00000e93       0x51 ./Core/Src/gpio.o
 .debug_macro   0x00000ee4      0x103 ./Core/Src/gpio.o
 .debug_macro   0x00000fe7       0x6a ./Core/Src/gpio.o
 .debug_macro   0x00001051      0x1df ./Core/Src/gpio.o
 .debug_macro   0x00001230       0x1c ./Core/Src/gpio.o
 .debug_macro   0x0000124c       0x22 ./Core/Src/gpio.o
 .debug_macro   0x0000126e       0xaf ./Core/Src/gpio.o
 .debug_macro   0x0000131d      0x391 ./Core/Src/gpio.o
 .debug_macro   0x000016ae     0xfe73 ./Core/Src/gpio.o
 .debug_macro   0x00011521       0x66 ./Core/Src/gpio.o
 .debug_macro   0x00011587     0x34da ./Core/Src/gpio.o
 .debug_macro   0x00014a61      0x189 ./Core/Src/gpio.o
 .debug_macro   0x00014bea       0x55 ./Core/Src/gpio.o
 .debug_macro   0x00014c3f      0x946 ./Core/Src/gpio.o
 .debug_macro   0x00015585      0x5f3 ./Core/Src/gpio.o
 .debug_macro   0x00015b78      0x1ae ./Core/Src/gpio.o
 .debug_macro   0x00015d26      0x1a7 ./Core/Src/gpio.o
 .debug_macro   0x00015ecd      0x1a7 ./Core/Src/gpio.o
 .debug_macro   0x00016074      0x22c ./Core/Src/gpio.o
 .debug_macro   0x000162a0       0x34 ./Core/Src/gpio.o
 .debug_macro   0x000162d4       0x43 ./Core/Src/gpio.o
 .debug_macro   0x00016317       0x28 ./Core/Src/gpio.o
 .debug_macro   0x0001633f       0xb0 ./Core/Src/gpio.o
 .debug_macro   0x000163ef      0x217 ./Core/Src/gpio.o
 .debug_macro   0x00016606      0x22c ./Core/Src/gpio.o
 .debug_macro   0x00016832       0x61 ./Core/Src/gpio.o
 .debug_macro   0x00016893       0xa5 ./Core/Src/gpio.o
 .debug_macro   0x00016938       0x4c ./Core/Src/gpio.o
 .debug_macro   0x00016984      0x16d ./Core/Src/gpio.o
 .debug_macro   0x00016af1      0x8f4 ./Core/Src/gpio.o
 .debug_macro   0x000173e5       0x28 ./Core/Src/gpio.o
 .debug_macro   0x0001740d      0x5ba ./Core/Src/gpio.o
 .debug_macro   0x000179c7       0x44 ./Core/Src/gpio.o
 .debug_macro   0x00017a0b      0x130 ./Core/Src/gpio.o
 .debug_macro   0x00017b3b      0x1d6 ./Core/Src/i2c.o
 .debug_macro   0x00017d11      0x383 ./Core/Src/main.o
 .debug_macro   0x00018094       0x61 ./Core/Src/main.o
 .debug_macro   0x000180f5       0x24 ./Core/Src/main.o
 .debug_macro   0x00018119       0x43 ./Core/Src/main.o
 .debug_macro   0x0001815c       0x34 ./Core/Src/main.o
 .debug_macro   0x00018190       0x16 ./Core/Src/main.o
 .debug_macro   0x000181a6       0x43 ./Core/Src/main.o
 .debug_macro   0x000181e9       0x34 ./Core/Src/main.o
 .debug_macro   0x0001821d       0x10 ./Core/Src/main.o
 .debug_macro   0x0001822d       0x58 ./Core/Src/main.o
 .debug_macro   0x00018285       0x8e ./Core/Src/main.o
 .debug_macro   0x00018313       0x1c ./Core/Src/main.o
 .debug_macro   0x0001832f      0x177 ./Core/Src/main.o
 .debug_macro   0x000184a6      0x369 ./Core/Src/main.o
 .debug_macro   0x0001880f       0x10 ./Core/Src/main.o
 .debug_macro   0x0001881f       0x35 ./Core/Src/main.o
 .debug_macro   0x00018854       0x20 ./Core/Src/main.o
 .debug_macro   0x00018874       0x16 ./Core/Src/main.o
 .debug_macro   0x0001888a       0x10 ./Core/Src/main.o
 .debug_macro   0x0001889a       0x10 ./Core/Src/main.o
 .debug_macro   0x000188aa       0x10 ./Core/Src/main.o
 .debug_macro   0x000188ba       0x1c ./Core/Src/main.o
 .debug_macro   0x000188d6       0x52 ./Core/Src/main.o
 .debug_macro   0x00018928       0x22 ./Core/Src/main.o
 .debug_macro   0x0001894a       0x10 ./Core/Src/main.o
 .debug_macro   0x0001895a       0x52 ./Core/Src/main.o
 .debug_macro   0x000189ac       0xcf ./Core/Src/main.o
 .debug_macro   0x00018a7b       0x1c ./Core/Src/main.o
 .debug_macro   0x00018a97       0x3d ./Core/Src/main.o
 .debug_macro   0x00018ad4       0x35 ./Core/Src/main.o
 .debug_macro   0x00018b09      0x1f6 ./Core/Src/oled.o
 .debug_macro   0x00018cff      0x2b8 ./Core/Src/rfid.o
 .debug_macro   0x00018fb7      0x1cc ./Core/Src/stm32f0xx_hal_msp.o
 .debug_macro   0x00019183      0x1c2 ./Core/Src/stm32f0xx_hal_timebase_tim.o
 .debug_macro   0x00019345      0x1d6 ./Core/Src/stm32f0xx_it.o
 .debug_macro   0x0001951b      0x1c2 ./Core/Src/system_stm32f0xx.o
 .debug_macro   0x000196dd      0x1d6 ./Core/Src/usart.o
 .debug_macro   0x000198b3      0x1e6 ./Drivers/STM32F0xx_HAL_Driver/Src/stm32f0xx_hal.o
 .debug_macro   0x00019a99      0x1c2 ./Drivers/STM32F0xx_HAL_Driver/Src/stm32f0xx_hal_cortex.o
 .debug_macro   0x00019c5b      0x1c9 ./Drivers/STM32F0xx_HAL_Driver/Src/stm32f0xx_hal_gpio.o
 .debug_macro   0x00019e24      0x28e ./Drivers/STM32F0xx_HAL_Driver/Src/stm32f0xx_hal_i2c.o
 .debug_macro   0x0001a0b2      0x1c2 ./Drivers/STM32F0xx_HAL_Driver/Src/stm32f0xx_hal_i2c_ex.o
 .debug_macro   0x0001a274      0x1d4 ./Drivers/STM32F0xx_HAL_Driver/Src/stm32f0xx_hal_rcc.o
 .debug_macro   0x0001a448      0x1d4 ./Drivers/STM32F0xx_HAL_Driver/Src/stm32f0xx_hal_rcc_ex.o
 .debug_macro   0x0001a61c      0x1c3 ./Drivers/STM32F0xx_HAL_Driver/Src/stm32f0xx_hal_tim.o
 .debug_macro   0x0001a7df      0x1c2 ./Drivers/STM32F0xx_HAL_Driver/Src/stm32f0xx_hal_tim_ex.o
 .debug_macro   0x0001a9a1      0x1df ./Drivers/STM32F0xx_HAL_Driver/Src/stm32f0xx_hal_uart.o

.debug_line     0x00000000    0x15629
 .debug_line    0x00000000      0x768 ./Core/Src/gpio.o
 .debug_line    0x00000768      0x7e7 ./Core/Src/i2c.o
 .debug_line    0x00000f4f      0xaa9 ./Core/Src/main.o
 .debug_line    0x000019f8      0xb89 ./Core/Src/oled.o
 .debug_line    0x00002581      0xbdc ./Core/Src/rfid.o
 .debug_line    0x0000315d      0x76b ./Core/Src/stm32f0xx_hal_msp.o
 .debug_line    0x000038c8      0x7e6 ./Core/Src/stm32f0xx_hal_timebase_tim.o
 .debug_line    0x000040ae      0x7e2 ./Core/Src/stm32f0xx_it.o
 .debug_line    0x00004890      0x7f2 ./Core/Src/system_stm32f0xx.o
 .debug_line    0x00005082      0x7da ./Core/Src/usart.o
 .debug_line    0x0000585c       0x7b ./Core/Startup/startup_stm32f072c8tx.o
 .debug_line    0x000058d7      0x9e5 ./Drivers/STM32F0xx_HAL_Driver/Src/stm32f0xx_hal.o
 .debug_line    0x000062bc      0xa91 ./Drivers/STM32F0xx_HAL_Driver/Src/stm32f0xx_hal_cortex.o
 .debug_line    0x00006d4d      0xb93 ./Drivers/STM32F0xx_HAL_Driver/Src/stm32f0xx_hal_gpio.o
 .debug_line    0x000078e0     0x3a9f ./Drivers/STM32F0xx_HAL_Driver/Src/stm32f0xx_hal_i2c.o
 .debug_line    0x0000b37f      0x988 ./Drivers/STM32F0xx_HAL_Driver/Src/stm32f0xx_hal_i2c_ex.o
 .debug_line    0x0000bd07      0xe72 ./Drivers/STM32F0xx_HAL_Driver/Src/stm32f0xx_hal_rcc.o
 .debug_line    0x0000cb79      0xc8d ./Drivers/STM32F0xx_HAL_Driver/Src/stm32f0xx_hal_rcc_ex.o
 .debug_line    0x0000d806     0x37bc ./Drivers/STM32F0xx_HAL_Driver/Src/stm32f0xx_hal_tim.o
 .debug_line    0x00010fc2     0x1982 ./Drivers/STM32F0xx_HAL_Driver/Src/stm32f0xx_hal_tim_ex.o
 .debug_line    0x00012944     0x2ce5 ./Drivers/STM32F0xx_HAL_Driver/Src/stm32f0xx_hal_uart.o

.debug_str      0x00000000    0x9a040
 .debug_str     0x00000000    0x9181e ./Core/Src/gpio.o
                              0x91a8f (size before relaxing)
 .debug_str     0x0009181e      0x50c ./Core/Src/i2c.o
                              0x92057 (size before relaxing)
 .debug_str     0x00091d2a     0x41f3 ./Core/Src/main.o
                              0x95f0a (size before relaxing)
 .debug_str     0x00095f1d      0x202 ./Core/Src/oled.o
                              0x921c4 (size before relaxing)
 .debug_str     0x0009611f      0x550 ./Core/Src/rfid.o
                              0x95484 (size before relaxing)
 .debug_str     0x0009666f       0x2c ./Core/Src/stm32f0xx_hal_msp.o
                              0x91a8f (size before relaxing)
 .debug_str     0x0009669b      0x28a ./Core/Src/stm32f0xx_hal_timebase_tim.o
                              0x922b2 (size before relaxing)
 .debug_str     0x00096925       0xa8 ./Core/Src/stm32f0xx_it.o
                              0x91f6b (size before relaxing)
 .debug_str     0x000969cd       0x8b ./Core/Src/system_stm32f0xx.o
                              0x91aef (size before relaxing)
 .debug_str     0x00096a58       0x51 ./Core/Src/usart.o
                              0x91fe2 (size before relaxing)
 .debug_str     0x00096aa9       0x44 ./Core/Startup/startup_stm32f072c8tx.o
                                 0x79 (size before relaxing)
 .debug_str     0x00096aed      0x336 ./Drivers/STM32F0xx_HAL_Driver/Src/stm32f0xx_hal.o
                              0x920e5 (size before relaxing)
 .debug_str     0x00096e23      0x1a1 ./Drivers/STM32F0xx_HAL_Driver/Src/stm32f0xx_hal_cortex.o
                              0x91ed6 (size before relaxing)
 .debug_str     0x00096fc4      0x113 ./Drivers/STM32F0xx_HAL_Driver/Src/stm32f0xx_hal_gpio.o
                              0x91c90 (size before relaxing)
 .debug_str     0x000970d7      0xe7c ./Drivers/STM32F0xx_HAL_Driver/Src/stm32f0xx_hal_i2c.o
                              0x92e4d (size before relaxing)
 .debug_str     0x00097f53       0xb8 ./Drivers/STM32F0xx_HAL_Driver/Src/stm32f0xx_hal_i2c_ex.o
                              0x9204d (size before relaxing)
 .debug_str     0x0009800b      0x1d9 ./Drivers/STM32F0xx_HAL_Driver/Src/stm32f0xx_hal_rcc.o
                              0x91f36 (size before relaxing)
 .debug_str     0x000981e4      0x2af ./Drivers/STM32F0xx_HAL_Driver/Src/stm32f0xx_hal_rcc_ex.o
                              0x91eee (size before relaxing)
 .debug_str     0x00098493      0xe4a ./Drivers/STM32F0xx_HAL_Driver/Src/stm32f0xx_hal_tim.o
                              0x92f05 (size before relaxing)
 .debug_str     0x000992dd      0x503 ./Drivers/STM32F0xx_HAL_Driver/Src/stm32f0xx_hal_tim_ex.o
                              0x92711 (size before relaxing)
 .debug_str     0x000997e0      0x860 ./Drivers/STM32F0xx_HAL_Driver/Src/stm32f0xx_hal_uart.o
                              0x92853 (size before relaxing)

.comment        0x00000000       0x43
 .comment       0x00000000       0x43 ./Core/Src/gpio.o
                                 0x44 (size before relaxing)
 .comment       0x00000043       0x44 ./Core/Src/i2c.o
 .comment       0x00000043       0x44 ./Core/Src/main.o
 .comment       0x00000043       0x44 ./Core/Src/oled.o
 .comment       0x00000043       0x44 ./Core/Src/rfid.o
 .comment       0x00000043       0x44 ./Core/Src/stm32f0xx_hal_msp.o
 .comment       0x00000043       0x44 ./Core/Src/stm32f0xx_hal_timebase_tim.o
 .comment       0x00000043       0x44 ./Core/Src/stm32f0xx_it.o
 .comment       0x00000043       0x44 ./Core/Src/system_stm32f0xx.o
 .comment       0x00000043       0x44 ./Core/Src/usart.o
 .comment       0x00000043       0x44 ./Drivers/STM32F0xx_HAL_Driver/Src/stm32f0xx_hal.o
 .comment       0x00000043       0x44 ./Drivers/STM32F0xx_HAL_Driver/Src/stm32f0xx_hal_cortex.o
 .comment       0x00000043       0x44 ./Drivers/STM32F0xx_HAL_Driver/Src/stm32f0xx_hal_gpio.o
 .comment       0x00000043       0x44 ./Drivers/STM32F0xx_HAL_Driver/Src/stm32f0xx_hal_i2c.o
 .comment       0x00000043       0x44 ./Drivers/STM32F0xx_HAL_Driver/Src/stm32f0xx_hal_i2c_ex.o
 .comment       0x00000043       0x44 ./Drivers/STM32F0xx_HAL_Driver/Src/stm32f0xx_hal_rcc.o
 .comment       0x00000043       0x44 ./Drivers/STM32F0xx_HAL_Driver/Src/stm32f0xx_hal_rcc_ex.o
 .comment       0x00000043       0x44 ./Drivers/STM32F0xx_HAL_Driver/Src/stm32f0xx_hal_tim.o
 .comment       0x00000043       0x44 ./Drivers/STM32F0xx_HAL_Driver/Src/stm32f0xx_hal_tim_ex.o
 .comment       0x00000043       0x44 ./Drivers/STM32F0xx_HAL_Driver/Src/stm32f0xx_hal_uart.o

.debug_frame    0x00000000     0x390c
 .debug_frame   0x00000000       0x30 ./Core/Src/gpio.o
 .debug_frame   0x00000030       0x6c ./Core/Src/i2c.o
 .debug_frame   0x0000009c       0x8c ./Core/Src/main.o
 .debug_frame   0x00000128      0x234 ./Core/Src/oled.o
 .debug_frame   0x0000035c      0x1bc ./Core/Src/rfid.o
 .debug_frame   0x00000518       0x30 ./Core/Src/stm32f0xx_hal_msp.o
 .debug_frame   0x00000548       0x6c ./Core/Src/stm32f0xx_hal_timebase_tim.o
 .debug_frame   0x000005b4       0xb8 ./Core/Src/stm32f0xx_it.o
 .debug_frame   0x0000066c       0x4c ./Core/Src/system_stm32f0xx.o
 .debug_frame   0x000006b8       0x6c ./Core/Src/usart.o
 .debug_frame   0x00000724      0x2a4 ./Drivers/STM32F0xx_HAL_Driver/Src/stm32f0xx_hal.o
 .debug_frame   0x000009c8      0x2a0 ./Drivers/STM32F0xx_HAL_Driver/Src/stm32f0xx_hal_cortex.o
 .debug_frame   0x00000c68      0x110 ./Drivers/STM32F0xx_HAL_Driver/Src/stm32f0xx_hal_gpio.o
 .debug_frame   0x00000d78      0xa68 ./Drivers/STM32F0xx_HAL_Driver/Src/stm32f0xx_hal_i2c.o
 .debug_frame   0x000017e0       0xd0 ./Drivers/STM32F0xx_HAL_Driver/Src/stm32f0xx_hal_i2c_ex.o
 .debug_frame   0x000018b0      0x198 ./Drivers/STM32F0xx_HAL_Driver/Src/stm32f0xx_hal_rcc.o
 .debug_frame   0x00001a48      0x180 ./Drivers/STM32F0xx_HAL_Driver/Src/stm32f0xx_hal_rcc_ex.o
 .debug_frame   0x00001bc8      0xf00 ./Drivers/STM32F0xx_HAL_Driver/Src/stm32f0xx_hal_tim.o
 .debug_frame   0x00002ac8      0x560 ./Drivers/STM32F0xx_HAL_Driver/Src/stm32f0xx_hal_tim_ex.o
 .debug_frame   0x00003028      0x850 ./Drivers/STM32F0xx_HAL_Driver/Src/stm32f0xx_hal_uart.o
 .debug_frame   0x00003878       0x20 D:/ST/STM32CubeIDE_1.16.1/STM32CubeIDE/plugins/com.st.stm32cube.ide.mcu.externaltools.gnu-tools-for-stm32.12.3.rel1.win32_1.0.200.202406191623/tools/bin/../lib/gcc/arm-none-eabi/12.3.1/../../../../arm-none-eabi/lib/thumb/v6-m/nofp\libc_nano.a(libc_a-memset.o)
 .debug_frame   0x00003898       0x2c D:/ST/STM32CubeIDE_1.16.1/STM32CubeIDE/plugins/com.st.stm32cube.ide.mcu.externaltools.gnu-tools-for-stm32.12.3.rel1.win32_1.0.200.202406191623/tools/bin/../lib/gcc/arm-none-eabi/12.3.1/../../../../arm-none-eabi/lib/thumb/v6-m/nofp\libc_nano.a(libc_a-init.o)
 .debug_frame   0x000038c4       0x28 D:/ST/STM32CubeIDE_1.16.1/STM32CubeIDE/plugins/com.st.stm32cube.ide.mcu.externaltools.gnu-tools-for-stm32.12.3.rel1.win32_1.0.200.202406191623/tools/bin/../lib/gcc/arm-none-eabi/12.3.1/../../../../arm-none-eabi/lib/thumb/v6-m/nofp\libc_nano.a(libc_a-memcpy-stub.o)
 .debug_frame   0x000038ec       0x20 D:/ST/STM32CubeIDE_1.16.1/STM32CubeIDE/plugins/com.st.stm32cube.ide.mcu.externaltools.gnu-tools-for-stm32.12.3.rel1.win32_1.0.200.202406191623/tools/bin/../lib/gcc/arm-none-eabi/12.3.1/thumb/v6-m/nofp\libgcc.a(_udivsi3.o)

.debug_line_str
                0x00000000       0x5d
 .debug_line_str
                0x00000000       0x5d ./Core/Startup/startup_stm32f072c8tx.o
