../Drivers/STM32F0xx_HAL_Driver/Src/stm32f0xx_hal_can.c:275:19:HAL_CAN_Init	24	static
../Drivers/STM32F0xx_HAL_Driver/Src/stm32f0xx_hal_can.c:460:19:HAL_CAN_DeInit	16	static
../Drivers/STM32F0xx_HAL_Driver/Src/stm32f0xx_hal_can.c:507:13:HAL_CAN_MspInit	16	static
../Drivers/STM32F0xx_HAL_Driver/Src/stm32f0xx_hal_can.c:523:13:HAL_CAN_MspDeInit	16	static
../Drivers/STM32F0xx_HAL_Driver/Src/stm32f0xx_hal_can.c:840:19:HAL_CAN_ConfigFilter	32	static
../Drivers/STM32F0xx_HAL_Driver/Src/stm32f0xx_hal_can.c:990:19:HAL_CAN_Start	24	static
../Drivers/STM32F0xx_HAL_Driver/Src/stm32f0xx_hal_can.c:1042:19:HAL_CAN_Stop	24	static
../Drivers/STM32F0xx_HAL_Driver/Src/stm32f0xx_hal_can.c:1097:19:HAL_CAN_RequestSleep	24	static
../Drivers/STM32F0xx_HAL_Driver/Src/stm32f0xx_hal_can.c:1128:19:HAL_CAN_WakeUp	24	static
../Drivers/STM32F0xx_HAL_Driver/Src/stm32f0xx_hal_can.c:1175:10:HAL_CAN_IsSleepActive	24	static
../Drivers/STM32F0xx_HAL_Driver/Src/stm32f0xx_hal_can.c:1206:19:HAL_CAN_AddTxMessage	40	static
../Drivers/STM32F0xx_HAL_Driver/Src/stm32f0xx_hal_can.c:1306:19:HAL_CAN_AbortTxRequest	24	static
../Drivers/STM32F0xx_HAL_Driver/Src/stm32f0xx_hal_can.c:1355:10:HAL_CAN_GetTxMailboxesFreeLevel	24	static
../Drivers/STM32F0xx_HAL_Driver/Src/stm32f0xx_hal_can.c:1398:10:HAL_CAN_IsTxMessagePending	24	static
../Drivers/STM32F0xx_HAL_Driver/Src/stm32f0xx_hal_can.c:1430:10:HAL_CAN_GetTxTimestamp	32	static
../Drivers/STM32F0xx_HAL_Driver/Src/stm32f0xx_hal_can.c:1476:19:HAL_CAN_GetRxMessage	32	static
../Drivers/STM32F0xx_HAL_Driver/Src/stm32f0xx_hal_can.c:1576:10:HAL_CAN_GetRxFifoFillLevel	24	static
../Drivers/STM32F0xx_HAL_Driver/Src/stm32f0xx_hal_can.c:1629:19:HAL_CAN_ActivateNotification	24	static
../Drivers/STM32F0xx_HAL_Driver/Src/stm32f0xx_hal_can.c:1662:19:HAL_CAN_DeactivateNotification	24	static
../Drivers/STM32F0xx_HAL_Driver/Src/stm32f0xx_hal_can.c:1693:6:HAL_CAN_IRQHandler	48	static
../Drivers/STM32F0xx_HAL_Driver/Src/stm32f0xx_hal_can.c:2104:13:HAL_CAN_TxMailbox0CompleteCallback	16	static
../Drivers/STM32F0xx_HAL_Driver/Src/stm32f0xx_hal_can.c:2121:13:HAL_CAN_TxMailbox1CompleteCallback	16	static
../Drivers/STM32F0xx_HAL_Driver/Src/stm32f0xx_hal_can.c:2138:13:HAL_CAN_TxMailbox2CompleteCallback	16	static
../Drivers/STM32F0xx_HAL_Driver/Src/stm32f0xx_hal_can.c:2155:13:HAL_CAN_TxMailbox0AbortCallback	16	static
../Drivers/STM32F0xx_HAL_Driver/Src/stm32f0xx_hal_can.c:2172:13:HAL_CAN_TxMailbox1AbortCallback	16	static
../Drivers/STM32F0xx_HAL_Driver/Src/stm32f0xx_hal_can.c:2189:13:HAL_CAN_TxMailbox2AbortCallback	16	static
../Drivers/STM32F0xx_HAL_Driver/Src/stm32f0xx_hal_can.c:2206:13:HAL_CAN_RxFifo0MsgPendingCallback	16	static
../Drivers/STM32F0xx_HAL_Driver/Src/stm32f0xx_hal_can.c:2223:13:HAL_CAN_RxFifo0FullCallback	16	static
../Drivers/STM32F0xx_HAL_Driver/Src/stm32f0xx_hal_can.c:2240:13:HAL_CAN_RxFifo1MsgPendingCallback	16	static
../Drivers/STM32F0xx_HAL_Driver/Src/stm32f0xx_hal_can.c:2257:13:HAL_CAN_RxFifo1FullCallback	16	static
../Drivers/STM32F0xx_HAL_Driver/Src/stm32f0xx_hal_can.c:2274:13:HAL_CAN_SleepCallback	16	static
../Drivers/STM32F0xx_HAL_Driver/Src/stm32f0xx_hal_can.c:2290:13:HAL_CAN_WakeUpFromRxMsgCallback	16	static
../Drivers/STM32F0xx_HAL_Driver/Src/stm32f0xx_hal_can.c:2307:13:HAL_CAN_ErrorCallback	16	static
../Drivers/STM32F0xx_HAL_Driver/Src/stm32f0xx_hal_can.c:2344:22:HAL_CAN_GetState	24	static
../Drivers/STM32F0xx_HAL_Driver/Src/stm32f0xx_hal_can.c:2379:10:HAL_CAN_GetError	16	static
../Drivers/STM32F0xx_HAL_Driver/Src/stm32f0xx_hal_can.c:2391:19:HAL_CAN_ResetError	24	static
