../Core/Src/RC523.c:8:6:RC523_Init	8	static
../Core/Src/RC523.c:20:13:SPI_RC523_SendByte	16	static
../Core/Src/RC523.c:30:16:SPI_RC523_ReadByte	16	static
../Core/Src/RC523.c:42:16:ReadReg	32	static
../Core/Src/RC523.c:66:13:WriteReg	32	static
../Core/Src/RC523.c:82:13:SetBitMask	32	static
../Core/Src/RC523.c:96:13:ClearBitMask	32	static
../Core/Src/RC523.c:108:13:PcdAntennaOn	24	static
../Core/Src/RC523.c:120:13:PcdAntennaOff	8	static
../Core/Src/RC523.c:129:6:PcdConfigISOType	16	static
../Core/Src/RC523.c:151:6:PcdReset	8	static
../Core/Src/RC523.c:182:16:PcdCmdRC523	48	static
../Core/Src/RC523.c:300:9:PcdRequest	64	static
../Core/Src/RC523.c:333:9:PcdAnticoll	64	static
../Core/Src/RC523.c:381:13:CalulateCRC	40	static
../Core/Src/RC523.c:412:9:PcdSelect	64	static
../Core/Src/RC523.c:459:9:PcdAuthState	64	static
../Core/Src/RC523.c:496:9:PcdWrite	64	static
../Core/Src/RC523.c:540:9:PcdRead	64	static
../Core/Src/RC523.c:571:9:PcdHalt	40	static
../Core/Src/RC523.c:594:6:IC_RW	48	static
../Core/Src/RC523.c:683:6:ShowID	40	static
../Core/Src/RC523.c:703:6:WaitCardOff	24	static
