10:46:50 **** Build of configuration Debug for project 13IIC ****
make -j16 all 
arm-none-eabi-gcc "../Drivers/STM32F1xx_HAL_Driver/Src/stm32f1xx_hal.c" -mcpu=cortex-m3 -std=gnu11 -g3 -DDEBUG -DUSE_HAL_DRIVER -DSTM32F103xE -c -I../Core/Inc -I../Drivers/STM32F1xx_HAL_Driver/Inc/Legacy -I../Drivers/STM32F1xx_HAL_Driver/Inc -I../Drivers/CMSIS/Device/ST/STM32F1xx/Include -I../Drivers/CMSIS/Include -O0 -ffunction-sections -fdata-sections -Wall -fstack-usage -fcyclomatic-complexity -MMD -MP -MF"Drivers/STM32F1xx_HAL_Driver/Src/stm32f1xx_hal.d" -MT"Drivers/STM32F1xx_HAL_Driver/Src/stm32f1xx_hal.o" --specs=nano.specs -mfloat-abi=soft -mthumb -o "Drivers/STM32F1xx_HAL_Driver/Src/stm32f1xx_hal.o"
arm-none-eabi-gcc "../Drivers/STM32F1xx_HAL_Driver/Src/stm32f1xx_hal_cortex.c" -mcpu=cortex-m3 -std=gnu11 -g3 -DDEBUG -DUSE_HAL_DRIVER -DSTM32F103xE -c -I../Core/Inc -I../Drivers/STM32F1xx_HAL_Driver/Inc/Legacy -I../Drivers/STM32F1xx_HAL_Driver/Inc -I../Drivers/CMSIS/Device/ST/STM32F1xx/Include -I../Drivers/CMSIS/Include -O0 -ffunction-sections -fdata-sections -Wall -fstack-usage -fcyclomatic-complexity -MMD -MP -MF"Drivers/STM32F1xx_HAL_Driver/Src/stm32f1xx_hal_cortex.d" -MT"Drivers/STM32F1xx_HAL_Driver/Src/stm32f1xx_hal_cortex.o" --specs=nano.specs -mfloat-abi=soft -mthumb -o "Drivers/STM32F1xx_HAL_Driver/Src/stm32f1xx_hal_cortex.o"
arm-none-eabi-gcc "../Drivers/STM32F1xx_HAL_Driver/Src/stm32f1xx_hal_dma.c" -mcpu=cortex-m3 -std=gnu11 -g3 -DDEBUG -DUSE_HAL_DRIVER -DSTM32F103xE -c -I../Core/Inc -I../Drivers/STM32F1xx_HAL_Driver/Inc/Legacy -I../Drivers/STM32F1xx_HAL_Driver/Inc -I../Drivers/CMSIS/Device/ST/STM32F1xx/Include -I../Drivers/CMSIS/Include -O0 -ffunction-sections -fdata-sections -Wall -fstack-usage -fcyclomatic-complexity -MMD -MP -MF"Drivers/STM32F1xx_HAL_Driver/Src/stm32f1xx_hal_dma.d" -MT"Drivers/STM32F1xx_HAL_Driver/Src/stm32f1xx_hal_dma.o" --specs=nano.specs -mfloat-abi=soft -mthumb -o "Drivers/STM32F1xx_HAL_Driver/Src/stm32f1xx_hal_dma.o"
arm-none-eabi-gcc "../Drivers/STM32F1xx_HAL_Driver/Src/stm32f1xx_hal_exti.c" -mcpu=cortex-m3 -std=gnu11 -g3 -DDEBUG -DUSE_HAL_DRIVER -DSTM32F103xE -c -I../Core/Inc -I../Drivers/STM32F1xx_HAL_Driver/Inc/Legacy -I../Drivers/STM32F1xx_HAL_Driver/Inc -I../Drivers/CMSIS/Device/ST/STM32F1xx/Include -I../Drivers/CMSIS/Include -O0 -ffunction-sections -fdata-sections -Wall -fstack-usage -fcyclomatic-complexity -MMD -MP -MF"Drivers/STM32F1xx_HAL_Driver/Src/stm32f1xx_hal_exti.d" -MT"Drivers/STM32F1xx_HAL_Driver/Src/stm32f1xx_hal_exti.o" --specs=nano.specs -mfloat-abi=soft -mthumb -o "Drivers/STM32F1xx_HAL_Driver/Src/stm32f1xx_hal_exti.o"
arm-none-eabi-gcc "../Drivers/STM32F1xx_HAL_Driver/Src/stm32f1xx_hal_flash.c" -mcpu=cortex-m3 -std=gnu11 -g3 -DDEBUG -DUSE_HAL_DRIVER -DSTM32F103xE -c -I../Core/Inc -I../Drivers/STM32F1xx_HAL_Driver/Inc/Legacy -I../Drivers/STM32F1xx_HAL_Driver/Inc -I../Drivers/CMSIS/Device/ST/STM32F1xx/Include -I../Drivers/CMSIS/Include -O0 -ffunction-sections -fdata-sections -Wall -fstack-usage -fcyclomatic-complexity -MMD -MP -MF"Drivers/STM32F1xx_HAL_Driver/Src/stm32f1xx_hal_flash.d" -MT"Drivers/STM32F1xx_HAL_Driver/Src/stm32f1xx_hal_flash.o" --specs=nano.specs -mfloat-abi=soft -mthumb -o "Drivers/STM32F1xx_HAL_Driver/Src/stm32f1xx_hal_flash.o"
arm-none-eabi-gcc "../Drivers/STM32F1xx_HAL_Driver/Src/stm32f1xx_hal_flash_ex.c" -mcpu=cortex-m3 -std=gnu11 -g3 -DDEBUG -DUSE_HAL_DRIVER -DSTM32F103xE -c -I../Core/Inc -I../Drivers/STM32F1xx_HAL_Driver/Inc/Legacy -I../Drivers/STM32F1xx_HAL_Driver/Inc -I../Drivers/CMSIS/Device/ST/STM32F1xx/Include -I../Drivers/CMSIS/Include -O0 -ffunction-sections -fdata-sections -Wall -fstack-usage -fcyclomatic-complexity -MMD -MP -MF"Drivers/STM32F1xx_HAL_Driver/Src/stm32f1xx_hal_flash_ex.d" -MT"Drivers/STM32F1xx_HAL_Driver/Src/stm32f1xx_hal_flash_ex.o" --specs=nano.specs -mfloat-abi=soft -mthumb -o "Drivers/STM32F1xx_HAL_Driver/Src/stm32f1xx_hal_flash_ex.o"
arm-none-eabi-gcc "../Drivers/STM32F1xx_HAL_Driver/Src/stm32f1xx_hal_gpio.c" -mcpu=cortex-m3 -std=gnu11 -g3 -DDEBUG -DUSE_HAL_DRIVER -DSTM32F103xE -c -I../Core/Inc -I../Drivers/STM32F1xx_HAL_Driver/Inc/Legacy -I../Drivers/STM32F1xx_HAL_Driver/Inc -I../Drivers/CMSIS/Device/ST/STM32F1xx/Include -I../Drivers/CMSIS/Include -O0 -ffunction-sections -fdata-sections -Wall -fstack-usage -fcyclomatic-complexity -MMD -MP -MF"Drivers/STM32F1xx_HAL_Driver/Src/stm32f1xx_hal_gpio.d" -MT"Drivers/STM32F1xx_HAL_Driver/Src/stm32f1xx_hal_gpio.o" --specs=nano.specs -mfloat-abi=soft -mthumb -o "Drivers/STM32F1xx_HAL_Driver/Src/stm32f1xx_hal_gpio.o"
arm-none-eabi-gcc "../Drivers/STM32F1xx_HAL_Driver/Src/stm32f1xx_hal_gpio_ex.c" -mcpu=cortex-m3 -std=gnu11 -g3 -DDEBUG -DUSE_HAL_DRIVER -DSTM32F103xE -c -I../Core/Inc -I../Drivers/STM32F1xx_HAL_Driver/Inc/Legacy -I../Drivers/STM32F1xx_HAL_Driver/Inc -I../Drivers/CMSIS/Device/ST/STM32F1xx/Include -I../Drivers/CMSIS/Include -O0 -ffunction-sections -fdata-sections -Wall -fstack-usage -fcyclomatic-complexity -MMD -MP -MF"Drivers/STM32F1xx_HAL_Driver/Src/stm32f1xx_hal_gpio_ex.d" -MT"Drivers/STM32F1xx_HAL_Driver/Src/stm32f1xx_hal_gpio_ex.o" --specs=nano.specs -mfloat-abi=soft -mthumb -o "Drivers/STM32F1xx_HAL_Driver/Src/stm32f1xx_hal_gpio_ex.o"
arm-none-eabi-gcc "../Drivers/STM32F1xx_HAL_Driver/Src/stm32f1xx_hal_i2c.c" -mcpu=cortex-m3 -std=gnu11 -g3 -DDEBUG -DUSE_HAL_DRIVER -DSTM32F103xE -c -I../Core/Inc -I../Drivers/STM32F1xx_HAL_Driver/Inc/Legacy -I../Drivers/STM32F1xx_HAL_Driver/Inc -I../Drivers/CMSIS/Device/ST/STM32F1xx/Include -I../Drivers/CMSIS/Include -O0 -ffunction-sections -fdata-sections -Wall -fstack-usage -fcyclomatic-complexity -MMD -MP -MF"Drivers/STM32F1xx_HAL_Driver/Src/stm32f1xx_hal_i2c.d" -MT"Drivers/STM32F1xx_HAL_Driver/Src/stm32f1xx_hal_i2c.o" --specs=nano.specs -mfloat-abi=soft -mthumb -o "Drivers/STM32F1xx_HAL_Driver/Src/stm32f1xx_hal_i2c.o"
arm-none-eabi-gcc "../Drivers/STM32F1xx_HAL_Driver/Src/stm32f1xx_hal_pwr.c" -mcpu=cortex-m3 -std=gnu11 -g3 -DDEBUG -DUSE_HAL_DRIVER -DSTM32F103xE -c -I../Core/Inc -I../Drivers/STM32F1xx_HAL_Driver/Inc/Legacy -I../Drivers/STM32F1xx_HAL_Driver/Inc -I../Drivers/CMSIS/Device/ST/STM32F1xx/Include -I../Drivers/CMSIS/Include -O0 -ffunction-sections -fdata-sections -Wall -fstack-usage -fcyclomatic-complexity -MMD -MP -MF"Drivers/STM32F1xx_HAL_Driver/Src/stm32f1xx_hal_pwr.d" -MT"Drivers/STM32F1xx_HAL_Driver/Src/stm32f1xx_hal_pwr.o" --specs=nano.specs -mfloat-abi=soft -mthumb -o "Drivers/STM32F1xx_HAL_Driver/Src/stm32f1xx_hal_pwr.o"
arm-none-eabi-gcc "../Drivers/STM32F1xx_HAL_Driver/Src/stm32f1xx_hal_rcc.c" -mcpu=cortex-m3 -std=gnu11 -g3 -DDEBUG -DUSE_HAL_DRIVER -DSTM32F103xE -c -I../Core/Inc -I../Drivers/STM32F1xx_HAL_Driver/Inc/Legacy -I../Drivers/STM32F1xx_HAL_Driver/Inc -I../Drivers/CMSIS/Device/ST/STM32F1xx/Include -I../Drivers/CMSIS/Include -O0 -ffunction-sections -fdata-sections -Wall -fstack-usage -fcyclomatic-complexity -MMD -MP -MF"Drivers/STM32F1xx_HAL_Driver/Src/stm32f1xx_hal_rcc.d" -MT"Drivers/STM32F1xx_HAL_Driver/Src/stm32f1xx_hal_rcc.o" --specs=nano.specs -mfloat-abi=soft -mthumb -o "Drivers/STM32F1xx_HAL_Driver/Src/stm32f1xx_hal_rcc.o"
arm-none-eabi-gcc "../Drivers/STM32F1xx_HAL_Driver/Src/stm32f1xx_hal_rcc_ex.c" -mcpu=cortex-m3 -std=gnu11 -g3 -DDEBUG -DUSE_HAL_DRIVER -DSTM32F103xE -c -I../Core/Inc -I../Drivers/STM32F1xx_HAL_Driver/Inc/Legacy -I../Drivers/STM32F1xx_HAL_Driver/Inc -I../Drivers/CMSIS/Device/ST/STM32F1xx/Include -I../Drivers/CMSIS/Include -O0 -ffunction-sections -fdata-sections -Wall -fstack-usage -fcyclomatic-complexity -MMD -MP -MF"Drivers/STM32F1xx_HAL_Driver/Src/stm32f1xx_hal_rcc_ex.d" -MT"Drivers/STM32F1xx_HAL_Driver/Src/stm32f1xx_hal_rcc_ex.o" --specs=nano.specs -mfloat-abi=soft -mthumb -o "Drivers/STM32F1xx_HAL_Driver/Src/stm32f1xx_hal_rcc_ex.o"
arm-none-eabi-gcc "../Drivers/STM32F1xx_HAL_Driver/Src/stm32f1xx_hal_tim.c" -mcpu=cortex-m3 -std=gnu11 -g3 -DDEBUG -DUSE_HAL_DRIVER -DSTM32F103xE -c -I../Core/Inc -I../Drivers/STM32F1xx_HAL_Driver/Inc/Legacy -I../Drivers/STM32F1xx_HAL_Driver/Inc -I../Drivers/CMSIS/Device/ST/STM32F1xx/Include -I../Drivers/CMSIS/Include -O0 -ffunction-sections -fdata-sections -Wall -fstack-usage -fcyclomatic-complexity -MMD -MP -MF"Drivers/STM32F1xx_HAL_Driver/Src/stm32f1xx_hal_tim.d" -MT"Drivers/STM32F1xx_HAL_Driver/Src/stm32f1xx_hal_tim.o" --specs=nano.specs -mfloat-abi=soft -mthumb -o "Drivers/STM32F1xx_HAL_Driver/Src/stm32f1xx_hal_tim.o"
arm-none-eabi-gcc "../Drivers/STM32F1xx_HAL_Driver/Src/stm32f1xx_hal_tim_ex.c" -mcpu=cortex-m3 -std=gnu11 -g3 -DDEBUG -DUSE_HAL_DRIVER -DSTM32F103xE -c -I../Core/Inc -I../Drivers/STM32F1xx_HAL_Driver/Inc/Legacy -I../Drivers/STM32F1xx_HAL_Driver/Inc -I../Drivers/CMSIS/Device/ST/STM32F1xx/Include -I../Drivers/CMSIS/Include -O0 -ffunction-sections -fdata-sections -Wall -fstack-usage -fcyclomatic-complexity -MMD -MP -MF"Drivers/STM32F1xx_HAL_Driver/Src/stm32f1xx_hal_tim_ex.d" -MT"Drivers/STM32F1xx_HAL_Driver/Src/stm32f1xx_hal_tim_ex.o" --specs=nano.specs -mfloat-abi=soft -mthumb -o "Drivers/STM32F1xx_HAL_Driver/Src/stm32f1xx_hal_tim_ex.o"
arm-none-eabi-gcc -mcpu=cortex-m3 -g3 -DDEBUG -c -x assembler-with-cpp -MMD -MP -MF"Core/Startup/startup_stm32f103zetx.d" -MT"Core/Startup/startup_stm32f103zetx.o" --specs=nano.specs -mfloat-abi=soft -mthumb -o "Core/Startup/startup_stm32f103zetx.o" "../Core/Startup/startup_stm32f103zetx.s"
arm-none-eabi-gcc "../Core/Src/gpio.c" -mcpu=cortex-m3 -std=gnu11 -g3 -DDEBUG -DUSE_HAL_DRIVER -DSTM32F103xE -c -I../Core/Inc -I../Drivers/STM32F1xx_HAL_Driver/Inc/Legacy -I../Drivers/STM32F1xx_HAL_Driver/Inc -I../Drivers/CMSIS/Device/ST/STM32F1xx/Include -I../Drivers/CMSIS/Include -O0 -ffunction-sections -fdata-sections -Wall -fstack-usage -fcyclomatic-complexity -MMD -MP -MF"Core/Src/gpio.d" -MT"Core/Src/gpio.o" --specs=nano.specs -mfloat-abi=soft -mthumb -o "Core/Src/gpio.o"
arm-none-eabi-gcc "../Core/Src/i2c.c" -mcpu=cortex-m3 -std=gnu11 -g3 -DDEBUG -DUSE_HAL_DRIVER -DSTM32F103xE -c -I../Core/Inc -I../Drivers/STM32F1xx_HAL_Driver/Inc/Legacy -I../Drivers/STM32F1xx_HAL_Driver/Inc -I../Drivers/CMSIS/Device/ST/STM32F1xx/Include -I../Drivers/CMSIS/Include -O0 -ffunction-sections -fdata-sections -Wall -fstack-usage -fcyclomatic-complexity -MMD -MP -MF"Core/Src/i2c.d" -MT"Core/Src/i2c.o" --specs=nano.specs -mfloat-abi=soft -mthumb -o "Core/Src/i2c.o"
arm-none-eabi-gcc "../Core/Src/main.c" -mcpu=cortex-m3 -std=gnu11 -g3 -DDEBUG -DUSE_HAL_DRIVER -DSTM32F103xE -c -I../Core/Inc -I../Drivers/STM32F1xx_HAL_Driver/Inc/Legacy -I../Drivers/STM32F1xx_HAL_Driver/Inc -I../Drivers/CMSIS/Device/ST/STM32F1xx/Include -I../Drivers/CMSIS/Include -O0 -ffunction-sections -fdata-sections -Wall -fstack-usage -fcyclomatic-complexity -MMD -MP -MF"Core/Src/main.d" -MT"Core/Src/main.o" --specs=nano.specs -mfloat-abi=soft -mthumb -o "Core/Src/main.o"
arm-none-eabi-gcc "../Core/Src/oled.c" -mcpu=cortex-m3 -std=gnu11 -g3 -DDEBUG -DUSE_HAL_DRIVER -DSTM32F103xE -c -I../Core/Inc -I../Drivers/STM32F1xx_HAL_Driver/Inc/Legacy -I../Drivers/STM32F1xx_HAL_Driver/Inc -I../Drivers/CMSIS/Device/ST/STM32F1xx/Include -I../Drivers/CMSIS/Include -O0 -ffunction-sections -fdata-sections -Wall -fstack-usage -fcyclomatic-complexity -MMD -MP -MF"Core/Src/oled.d" -MT"Core/Src/oled.o" --specs=nano.specs -mfloat-abi=soft -mthumb -o "Core/Src/oled.o"
../Core/Src/main.c: In function 'main':
../Core/Src/main.c:91:9: warning: implicit declaration of function 'OLED_Init' [-Wimplicit-function-declaration]
   91 |         OLED_Init();
      |         ^~~~~~~~~
arm-none-eabi-gcc "../Core/Src/stm32f1xx_hal_msp.c" -mcpu=cortex-m3 -std=gnu11 -g3 -DDEBUG -DUSE_HAL_DRIVER -DSTM32F103xE -c -I../Core/Inc -I../Drivers/STM32F1xx_HAL_Driver/Inc/Legacy -I../Drivers/STM32F1xx_HAL_Driver/Inc -I../Drivers/CMSIS/Device/ST/STM32F1xx/Include -I../Drivers/CMSIS/Include -O0 -ffunction-sections -fdata-sections -Wall -fstack-usage -fcyclomatic-complexity -MMD -MP -MF"Core/Src/stm32f1xx_hal_msp.d" -MT"Core/Src/stm32f1xx_hal_msp.o" --specs=nano.specs -mfloat-abi=soft -mthumb -o "Core/Src/stm32f1xx_hal_msp.o"
In file included from ../Core/Src/oled.c:2:
../Core/Inc/oledfont.h:6:1: warning: missing braces around initializer [-Wmissing-braces]
    6 | {
      | ^
    7 | 0x00, 0x00, 0x00, 0x00, 0x00, 0x00,// sp
      | {                                 }
    8 | 0x00, 0x00, 0x00, 0x2f, 0x00, 0x00,// !
      | {                                 }
    9 | 0x00, 0x00, 0x07, 0x00, 0x07, 0x00,// "
      | {                                 }
   10 | 0x00, 0x14, 0x7f, 0x14, 0x7f, 0x14,// #
      | {                                 }
   11 | 0x00, 0x24, 0x2a, 0x7f, 0x2a, 0x12,// $
      | {                                 }
   12 | 0x00, 0x62, 0x64, 0x08, 0x13, 0x23,// %
      | {                                 }
   13 | 0x00, 0x36, 0x49, 0x55, 0x22, 0x50,// &
      | {                                 }
   14 | 0x00, 0x00, 0x05, 0x03, 0x00, 0x00,// '
      | {                                 }
   15 | 0x00, 0x00, 0x1c, 0x22, 0x41, 0x00,// (
      | {                                 }
   16 | 0x00, 0x00, 0x41, 0x22, 0x1c, 0x00,// )
      | {                                 }
   17 | 0x00, 0x14, 0x08, 0x3E, 0x08, 0x14,// *
      | {                                 }
   18 | 0x00, 0x08, 0x08, 0x3E, 0x08, 0x08,// +
      | {                                 }
   19 | 0x00, 0x00, 0x00, 0xA0, 0x60, 0x00,// ,
      | {                                 }
   20 | 0x00, 0x08, 0x08, 0x08, 0x08, 0x08,// -
      | {                                 }
   21 | 0x00, 0x00, 0x60, 0x60, 0x00, 0x00,// .
      | {                                 }
   22 | 0x00, 0x20, 0x10, 0x08, 0x04, 0x02,// /
      | {                                 }
   23 | 0x00, 0x3E, 0x51, 0x49, 0x45, 0x3E,// 0
      | {                                 }
   24 | 0x00, 0x00, 0x42, 0x7F, 0x40, 0x00,// 1
      | {                                 }
   25 | 0x00, 0x42, 0x61, 0x51, 0x49, 0x46,// 2
      | {                                 }
   26 | 0x00, 0x21, 0x41, 0x45, 0x4B, 0x31,// 3
      | {                                 }
   27 | 0x00, 0x18, 0x14, 0x12, 0x7F, 0x10,// 4
      | {                                 }
   28 | 0x00, 0x27, 0x45, 0x45, 0x45, 0x39,// 5
      | {                                 }
   29 | 0x00, 0x3C, 0x4A, 0x49, 0x49, 0x30,// 6
      | {                                 }
   30 | 0x00, 0x01, 0x71, 0x09, 0x05, 0x03,// 7
      | {                                 }
   31 | 0x00, 0x36, 0x49, 0x49, 0x49, 0x36,// 8
      | {                                 }
   32 | 0x00, 0x06, 0x49, 0x49, 0x29, 0x1E,// 9
      | {                                 }
   33 | 0x00, 0x00, 0x36, 0x36, 0x00, 0x00,// :
      | {                                 }
   34 | 0x00, 0x00, 0x56, 0x36, 0x00, 0x00,// ;
      | {                                 }
   35 | 0x00, 0x08, 0x14, 0x22, 0x41, 0x00,// <
      | {                                 }
   36 | 0x00, 0x14, 0x14, 0x14, 0x14, 0x14,// =
      | {                                 }
   37 | 0x00, 0x00, 0x41, 0x22, 0x14, 0x08,// >
      | {                                 }
   38 | 0x00, 0x02, 0x01, 0x51, 0x09, 0x06,// ?
      | {                                 }
   39 | 0x00, 0x32, 0x49, 0x59, 0x51, 0x3E,// @
      | {                                 }
   40 | 0x00, 0x7C, 0x12, 0x11, 0x12, 0x7C,// A
      | {                                 }
   41 | 0x00, 0x7F, 0x49, 0x49, 0x49, 0x36,// B
      | {                                 }
   42 | 0x00, 0x3E, 0x41, 0x41, 0x41, 0x22,// C
      | {                                 }
   43 | 0x00, 0x7F, 0x41, 0x41, 0x22, 0x1C,// D
      | {                                 }
   44 | 0x00, 0x7F, 0x49, 0x49, 0x49, 0x41,// E
      | {                                 }
   45 | 0x00, 0x7F, 0x09, 0x09, 0x09, 0x01,// F
      | {                                 }
   46 | 0x00, 0x3E, 0x41, 0x49, 0x49, 0x7A,// G
      | {                                 }
   47 | 0x00, 0x7F, 0x08, 0x08, 0x08, 0x7F,// H
      | {                                 }
   48 | 0x00, 0x00, 0x41, 0x7F, 0x41, 0x00,// I
      | {                                 }
   49 | 0x00, 0x20, 0x40, 0x41, 0x3F, 0x01,// J
      | {                                 }
   50 | 0x00, 0x7F, 0x08, 0x14, 0x22, 0x41,// K
      | {                                 }
   51 | 0x00, 0x7F, 0x40, 0x40, 0x40, 0x40,// L
      | {                                 }
   52 | 0x00, 0x7F, 0x02, 0x0C, 0x02, 0x7F,// M
      | {                                 }
   53 | 0x00, 0x7F, 0x04, 0x08, 0x10, 0x7F,// N
      | {                                 }
   54 | 0x00, 0x3E, 0x41, 0x41, 0x41, 0x3E,// O
      | {                                 }
   55 | 0x00, 0x7F, 0x09, 0x09, 0x09, 0x06,// P
      | {                                 }
   56 | 0x00, 0x3E, 0x41, 0x51, 0x21, 0x5E,// Q
      | {                                 }
   57 | 0x00, 0x7F, 0x09, 0x19, 0x29, 0x46,// R
      | {                                 }
   58 | 0x00, 0x46, 0x49, 0x49, 0x49, 0x31,// S
      | {                                 }
   59 | 0x00, 0x01, 0x01, 0x7F, 0x01, 0x01,// T
      | {                                 }
   60 | 0x00, 0x3F, 0x40, 0x40, 0x40, 0x3F,// U
      | {                                 }
   61 | 0x00, 0x1F, 0x20, 0x40, 0x20, 0x1F,// V
      | {                                 }
   62 | 0x00, 0x3F, 0x40, 0x38, 0x40, 0x3F,// W
      | {                                 }
   63 | 0x00, 0x63, 0x14, 0x08, 0x14, 0x63,// X
      | {                                 }
   64 | 0x00, 0x07, 0x08, 0x70, 0x08, 0x07,// Y
      | {                                 }
   65 | 0x00, 0x61, 0x51, 0x49, 0x45, 0x43,// Z
      | {                                 }
   66 | 0x00, 0x00, 0x7F, 0x41, 0x41, 0x00,// [
      | {                                 }
   67 | 0x00, 0x55, 0x2A, 0x55, 0x2A, 0x55,// 55
      | {                                 }
   68 | 0x00, 0x00, 0x41, 0x41, 0x7F, 0x00,// ]
      | {                                 }
   69 | 0x00, 0x04, 0x02, 0x01, 0x02, 0x04,// ^
      | {                                 }
   70 | 0x00, 0x40, 0x40, 0x40, 0x40, 0x40,// _
      | {                                 }
   71 | 0x00, 0x00, 0x01, 0x02, 0x04, 0x00,// '
      | {                                 }
   72 | 0x00, 0x20, 0x54, 0x54, 0x54, 0x78,// a
      | {                                 }
   73 | 0x00, 0x7F, 0x48, 0x44, 0x44, 0x38,// b
      | {                                 }
   74 | 0x00, 0x38, 0x44, 0x44, 0x44, 0x20,// c
      | {                                 }
   75 | 0x00, 0x38, 0x44, 0x44, 0x48, 0x7F,// d
      | {                                 }
   76 | 0x00, 0x38, 0x54, 0x54, 0x54, 0x18,// e
      | {                                 }
   77 | 0x00, 0x08, 0x7E, 0x09, 0x01, 0x02,// f
      | {                                 }
   78 | 0x00, 0x18, 0xA4, 0xA4, 0xA4, 0x7C,// g
      | {                                 }
   79 | 0x00, 0x7F, 0x08, 0x04, 0x04, 0x78,// h
      | {                                 }
   80 | 0x00, 0x00, 0x44, 0x7D, 0x40, 0x00,// i
      | {                                 }
   81 | 0x00, 0x40, 0x80, 0x84, 0x7D, 0x00,// j
      | {                                 }
   82 | 0x00, 0x7F, 0x10, 0x28, 0x44, 0x00,// k
      | {                                 }
   83 | 0x00, 0x00, 0x41, 0x7F, 0x40, 0x00,// l
      | {                                 }
   84 | 0x00, 0x7C, 0x04, 0x18, 0x04, 0x78,// m
      | {                                 }
   85 | 0x00, 0x7C, 0x08, 0x04, 0x04, 0x78,// n
      | {                                 }
   86 | 0x00, 0x38, 0x44, 0x44, 0x44, 0x38,// o
      | {                                 }
   87 | 0x00, 0xFC, 0x24, 0x24, 0x24, 0x18,// p
      | {                                 }
   88 | 0x00, 0x18, 0x24, 0x24, 0x18, 0xFC,// q
      | {                                 }
   89 | 0x00, 0x7C, 0x08, 0x04, 0x04, 0x08,// r
      | {                                 }
   90 | 0x00, 0x48, 0x54, 0x54, 0x54, 0x20,// s
      | {                                 }
   91 | 0x00, 0x04, 0x3F, 0x44, 0x40, 0x20,// t
      | {                                 }
   92 | 0x00, 0x3C, 0x40, 0x40, 0x20, 0x7C,// u
      | {                                 }
   93 | 0x00, 0x1C, 0x20, 0x40, 0x20, 0x1C,// v
      | {                                 }
   94 | 0x00, 0x3C, 0x40, 0x30, 0x40, 0x3C,// w
      | {                                 }
   95 | 0x00, 0x44, 0x28, 0x10, 0x28, 0x44,// x
      | {                                 }
   96 | 0x00, 0x1C, 0xA0, 0xA0, 0xA0, 0x7C,// y
      | {                                 }
   97 | 0x00, 0x44, 0x64, 0x54, 0x4C, 0x44,// z
      | {                                 }
   98 | 0x14, 0x14, 0x14, 0x14, 0x14, 0x14,// horiz lines
      | {
   99 | };
      | }
../Core/Src/main.c:92:9: warning: implicit declaration of function 'OLED_Clear' [-Wimplicit-function-declaration]
   92 |         OLED_Clear();
      |         ^~~~~~~~~~
../Core/Src/main.c:93:9: warning: implicit declaration of function 'OLED_ShowCHinese' [-Wimplicit-function-declaration]
   93 |         OLED_ShowCHinese(0,0,0);
      |         ^~~~~~~~~~~~~~~~
arm-none-eabi-gcc "../Core/Src/stm32f1xx_it.c" -mcpu=cortex-m3 -std=gnu11 -g3 -DDEBUG -DUSE_HAL_DRIVER -DSTM32F103xE -c -I../Core/Inc -I../Drivers/STM32F1xx_HAL_Driver/Inc/Legacy -I../Drivers/STM32F1xx_HAL_Driver/Inc -I../Drivers/CMSIS/Device/ST/STM32F1xx/Include -I../Drivers/CMSIS/Include -O0 -ffunction-sections -fdata-sections -Wall -fstack-usage -fcyclomatic-complexity -MMD -MP -MF"Core/Src/stm32f1xx_it.d" -MT"Core/Src/stm32f1xx_it.o" --specs=nano.specs -mfloat-abi=soft -mthumb -o "Core/Src/stm32f1xx_it.o"
arm-none-eabi-gcc "../Core/Src/syscalls.c" -mcpu=cortex-m3 -std=gnu11 -g3 -DDEBUG -DUSE_HAL_DRIVER -DSTM32F103xE -c -I../Core/Inc -I../Drivers/STM32F1xx_HAL_Driver/Inc/Legacy -I../Drivers/STM32F1xx_HAL_Driver/Inc -I../Drivers/CMSIS/Device/ST/STM32F1xx/Include -I../Drivers/CMSIS/Include -O0 -ffunction-sections -fdata-sections -Wall -fstack-usage -fcyclomatic-complexity -MMD -MP -MF"Core/Src/syscalls.d" -MT"Core/Src/syscalls.o" --specs=nano.specs -mfloat-abi=soft -mthumb -o "Core/Src/syscalls.o"
arm-none-eabi-gcc "../Core/Src/sysmem.c" -mcpu=cortex-m3 -std=gnu11 -g3 -DDEBUG -DUSE_HAL_DRIVER -DSTM32F103xE -c -I../Core/Inc -I../Drivers/STM32F1xx_HAL_Driver/Inc/Legacy -I../Drivers/STM32F1xx_HAL_Driver/Inc -I../Drivers/CMSIS/Device/ST/STM32F1xx/Include -I../Drivers/CMSIS/Include -O0 -ffunction-sections -fdata-sections -Wall -fstack-usage -fcyclomatic-complexity -MMD -MP -MF"Core/Src/sysmem.d" -MT"Core/Src/sysmem.o" --specs=nano.specs -mfloat-abi=soft -mthumb -o "Core/Src/sysmem.o"
arm-none-eabi-gcc "../Core/Src/system_stm32f1xx.c" -mcpu=cortex-m3 -std=gnu11 -g3 -DDEBUG -DUSE_HAL_DRIVER -DSTM32F103xE -c -I../Core/Inc -I../Drivers/STM32F1xx_HAL_Driver/Inc/Legacy -I../Drivers/STM32F1xx_HAL_Driver/Inc -I../Drivers/CMSIS/Device/ST/STM32F1xx/Include -I../Drivers/CMSIS/Include -O0 -ffunction-sections -fdata-sections -Wall -fstack-usage -fcyclomatic-complexity -MMD -MP -MF"Core/Src/system_stm32f1xx.d" -MT"Core/Src/system_stm32f1xx.o" --specs=nano.specs -mfloat-abi=soft -mthumb -o "Core/Src/system_stm32f1xx.o"
arm-none-eabi-gcc -o "13IIC.elf" @"objects.list"   -mcpu=cortex-m3 -T"E:\XieChaoBang_Work\code\code\CubeIDE\13IIC\STM32F103ZETX_FLASH.ld" --specs=nosys.specs -Wl,-Map="13IIC.map" -Wl,--gc-sections -static --specs=nano.specs -mfloat-abi=soft -mthumb -Wl,--start-group -lc -lm -Wl,--end-group
D:/ST/STM32CubeIDE_1.16.1/STM32CubeIDE/plugins/com.st.stm32cube.ide.mcu.externaltools.gnu-tools-for-stm32.12.3.rel1.win32_1.0.200.202406191623/tools/bin/../lib/gcc/arm-none-eabi/12.3.1/../../../../arm-none-eabi/bin/ld.exe: warning: 13IIC.elf has a LOAD segment with RWX permissions
Finished building target: 13IIC.elf
 
arm-none-eabi-size  13IIC.elf 
arm-none-eabi-objdump -h -S 13IIC.elf  > "13IIC.list"
   text	   data	    bss	    dec	    hex	filename
   8080	    532	   1652	  10264	   2818	13IIC.elf
Finished building: default.size.stdout
 
Finished building: 13IIC.list
 

10:46:51 Build Finished. 0 errors, 5 warnings. (took 1s.239ms)

