14:57:51 **** Incremental Build of configuration Debug for project RFID_IIC_Test ****
make -j16 all 
arm-none-eabi-gcc "../Core/Src/rfid.c" -mcpu=cortex-m0 -std=gnu11 -g3 -DDEBUG -DUSE_HAL_DRIVER -DSTM32F072xB -c -I../Core/Inc -I../Drivers/STM32F0xx_HAL_Driver/Inc -I../Drivers/STM32F0xx_HAL_Driver/Inc/Legacy -I../Drivers/CMSIS/Device/ST/STM32F0xx/Include -I../Drivers/CMSIS/Include -O0 -ffunction-sections -fdata-sections -Wall -fstack-usage -fcyclomatic-complexity -MMD -MP -MF"Core/Src/rfid.d" -MT"Core/Src/rfid.o" --specs=nano.specs -mfloat-abi=soft -mthumb -o "Core/Src/rfid.o"
arm-none-eabi-gcc -o "RFID_IIC_Test.elf" @"objects.list"   -mcpu=cortex-m0 -T"E:\XieChaoBang_Work\CubeIDE_Code\RFID_IIC_Test\STM32F072C8TX_FLASH.ld" --specs=nosys.specs -Wl,-Map="RFID_IIC_Test.map" -Wl,--gc-sections -static --specs=nano.specs -mfloat-abi=soft -mthumb -Wl,--start-group -lc -lm -Wl,--end-group
Finished building target: RFID_IIC_Test.elf
 
arm-none-eabi-size  RFID_IIC_Test.elf 
arm-none-eabi-objdump -h -S RFID_IIC_Test.elf  > "RFID_IIC_Test.list"
   text	   data	    bss	    dec	    hex	filename
  15724	    140	   1876	  17740	   454c	RFID_IIC_Test.elf
Finished building: default.size.stdout
 
Finished building: RFID_IIC_Test.list
 
14:57:56 **** Incremental Build of configuration Debug for project RFID_IIC_Test ****
make -j16 all 
arm-none-eabi-size  RFID_IIC_Test.elf 
   text	   data	    bss	    dec	    hex	filename
  15724	    140	   1876	  17740	   454c	RFID_IIC_Test.elf
Finished building: default.size.stdout
 
14:59:35 **** Incremental Build of configuration Debug for project RFID_IIC_Test ****
make -j16 all 
arm-none-eabi-size  RFID_IIC_Test.elf 
   text	   data	    bss	    dec	    hex	filename
  15724	    140	   1876	  17740	   454c	RFID_IIC_Test.elf
Finished building: default.size.stdout
 
15:02:04 **** Incremental Build of configuration Debug for project RFID_IIC_Test ****
make -j16 all 
arm-none-eabi-size  RFID_IIC_Test.elf 
   text	   data	    bss	    dec	    hex	filename
  15724	    140	   1876	  17740	   454c	RFID_IIC_Test.elf
Finished building: default.size.stdout
 
15:03:26 **** Incremental Build of configuration Debug for project RFID_IIC_Test ****
make -j16 all 
arm-none-eabi-size  RFID_IIC_Test.elf 
   text	   data	    bss	    dec	    hex	filename
  15724	    140	   1876	  17740	   454c	RFID_IIC_Test.elf
Finished building: default.size.stdout
 
15:06:06 **** Incremental Build of configuration Debug for project RFID_IIC_Test ****
make -j16 all 
arm-none-eabi-size  RFID_IIC_Test.elf 
   text	   data	    bss	    dec	    hex	filename
  15724	    140	   1876	  17740	   454c	RFID_IIC_Test.elf
Finished building: default.size.stdout
 
15:08:13 **** Incremental Build of configuration Debug for project RFID_IIC_Test ****
make -j16 all 
arm-none-eabi-size  RFID_IIC_Test.elf 
   text	   data	    bss	    dec	    hex	filename
  15724	    140	   1876	  17740	   454c	RFID_IIC_Test.elf
Finished building: default.size.stdout
 
15:09:49 **** Incremental Build of configuration Debug for project RFID_IIC_Test ****
make -j16 all 
arm-none-eabi-size  RFID_IIC_Test.elf 
   text	   data	    bss	    dec	    hex	filename
  15724	    140	   1876	  17740	   454c	RFID_IIC_Test.elf
Finished building: default.size.stdout
 
15:11:28 **** Incremental Build of configuration Debug for project RFID_IIC_Test ****
make -j16 all 
arm-none-eabi-size  RFID_IIC_Test.elf 
   text	   data	    bss	    dec	    hex	filename
  15724	    140	   1876	  17740	   454c	RFID_IIC_Test.elf
Finished building: default.size.stdout
 
15:34:27 **** Incremental Build of configuration Debug for project RFID_IIC_Test ****
make -j16 all 
arm-none-eabi-gcc "../Core/Src/main.c" -mcpu=cortex-m0 -std=gnu11 -g3 -DDEBUG -DUSE_HAL_DRIVER -DSTM32F072xB -c -I../Core/Inc -I../Drivers/STM32F0xx_HAL_Driver/Inc -I../Drivers/STM32F0xx_HAL_Driver/Inc/Legacy -I../Drivers/CMSIS/Device/ST/STM32F0xx/Include -I../Drivers/CMSIS/Include -O0 -ffunction-sections -fdata-sections -Wall -fstack-usage -fcyclomatic-complexity -MMD -MP -MF"Core/Src/main.d" -MT"Core/Src/main.o" --specs=nano.specs -mfloat-abi=soft -mthumb -o "Core/Src/main.o"
arm-none-eabi-gcc "../Core/Src/rfid.c" -mcpu=cortex-m0 -std=gnu11 -g3 -DDEBUG -DUSE_HAL_DRIVER -DSTM32F072xB -c -I../Core/Inc -I../Drivers/STM32F0xx_HAL_Driver/Inc -I../Drivers/STM32F0xx_HAL_Driver/Inc/Legacy -I../Drivers/CMSIS/Device/ST/STM32F0xx/Include -I../Drivers/CMSIS/Include -O0 -ffunction-sections -fdata-sections -Wall -fstack-usage -fcyclomatic-complexity -MMD -MP -MF"Core/Src/rfid.d" -MT"Core/Src/rfid.o" --specs=nano.specs -mfloat-abi=soft -mthumb -o "Core/Src/rfid.o"
arm-none-eabi-gcc -o "RFID_IIC_Test.elf" @"objects.list"   -mcpu=cortex-m0 -T"E:\XieChaoBang_Work\CubeIDE_Code\RFID_IIC_Test\STM32F072C8TX_FLASH.ld" --specs=nosys.specs -Wl,-Map="RFID_IIC_Test.map" -Wl,--gc-sections -static --specs=nano.specs -mfloat-abi=soft -mthumb -Wl,--start-group -lc -lm -Wl,--end-group
Finished building target: RFID_IIC_Test.elf
 
arm-none-eabi-size  RFID_IIC_Test.elf 
arm-none-eabi-objdump -h -S RFID_IIC_Test.elf  > "RFID_IIC_Test.list"
   text	   data	    bss	    dec	    hex	filename
  15888	     92	   1916	  17896	   45e8	RFID_IIC_Test.elf
Finished building: default.size.stdout
 
Finished building: RFID_IIC_Test.list
 
