10:52:34 **** Incremental Build of configuration Debug for project Serial_Ass_test ****
make -j16 all 
arm-none-eabi-gcc "../Core/Src/main.c" -mcpu=cortex-m0 -std=gnu11 -g3 -DDEBUG -DUSE_HAL_DRIVER -DSTM32F072xB -c -I../Core/Inc -I../Drivers/STM32F0xx_HAL_Driver/Inc -I../Drivers/STM32F0xx_HAL_Driver/Inc/Legacy -I../Drivers/CMSIS/Device/ST/STM32F0xx/Include -I../Drivers/CMSIS/Include -O0 -ffunction-sections -fdata-sections -Wall -fstack-usage -fcyclomatic-complexity -MMD -MP -MF"Core/Src/main.d" -MT"Core/Src/main.o" --specs=nano.specs -mfloat-abi=soft -mthumb -o "Core/Src/main.o"
arm-none-eabi-gcc -o "Serial_Ass_test.elf" @"objects.list"   -mcpu=cortex-m0 -T"E:\XieChaoBang_Work\CubeIDE_Code\Serial_Ass_test\STM32F072C8TX_FLASH.ld" --specs=nosys.specs -Wl,-Map="Serial_Ass_test.map" -Wl,--gc-sections -static --specs=nano.specs -mfloat-abi=soft -mthumb -Wl,--start-group -lc -lm -Wl,--end-group
Finished building target: Serial_Ass_test.elf
 
arm-none-eabi-size  Serial_Ass_test.elf 
arm-none-eabi-objdump -h -S Serial_Ass_test.elf  > "Serial_Ass_test.list"
   text	   data	    bss	    dec	    hex	filename
  11988	     32	   1968	  13988	   36a4	Serial_Ass_test.elf
Finished building: default.size.stdout
 
Finished building: Serial_Ass_test.list
 

10:52:35 Build Finished. 0 errors, 0 warnings. (took 702ms)

